Archive member included because of file (symbol)

../leds_controller_bsp/\libhal_bsp.a(alt_load.o)
                              ../leds_controller_bsp//obj/HAL/src/crt0.o (alt_load)
../leds_controller_bsp/\libhal_bsp.a(alt_main.o)
                              ../leds_controller_bsp//obj/HAL/src/crt0.o (alt_main)
../leds_controller_bsp/\libhal_bsp.a(alt_sys_init.o)
                              ../leds_controller_bsp/\libhal_bsp.a(alt_main.o) (alt_irq_init)
../leds_controller_bsp/\libhal_bsp.a(altera_avalon_jtag_uart_fd.o)
                              ../leds_controller_bsp/\libhal_bsp.a(alt_sys_init.o) (altera_avalon_jtag_uart_read_fd)
../leds_controller_bsp/\libhal_bsp.a(altera_avalon_jtag_uart_init.o)
                              ../leds_controller_bsp/\libhal_bsp.a(alt_sys_init.o) (altera_avalon_jtag_uart_init)
../leds_controller_bsp/\libhal_bsp.a(altera_avalon_jtag_uart_ioctl.o)
                              ../leds_controller_bsp/\libhal_bsp.a(altera_avalon_jtag_uart_fd.o) (altera_avalon_jtag_uart_ioctl)
../leds_controller_bsp/\libhal_bsp.a(altera_avalon_jtag_uart_read.o)
                              ../leds_controller_bsp/\libhal_bsp.a(altera_avalon_jtag_uart_fd.o) (altera_avalon_jtag_uart_read)
../leds_controller_bsp/\libhal_bsp.a(altera_avalon_jtag_uart_write.o)
                              ../leds_controller_bsp/\libhal_bsp.a(altera_avalon_jtag_uart_fd.o) (altera_avalon_jtag_uart_write)
../leds_controller_bsp/\libhal_bsp.a(alt_alarm_start.o)
                              ../leds_controller_bsp/\libhal_bsp.a(altera_avalon_jtag_uart_init.o) (alt_alarm_start)
../leds_controller_bsp/\libhal_bsp.a(alt_close.o)
                              ../leds_controller_bsp/\libhal_bsp.a(alt_main.o) (close)
../leds_controller_bsp/\libhal_bsp.a(alt_dcache_flush_all.o)
                              ../leds_controller_bsp/\libhal_bsp.a(alt_load.o) (alt_dcache_flush_all)
../leds_controller_bsp/\libhal_bsp.a(alt_dev.o)
                              ../leds_controller_bsp/\libhal_bsp.a(alt_sys_init.o) (alt_dev_list)
../leds_controller_bsp/\libhal_bsp.a(alt_dev_llist_insert.o)
                              ../leds_controller_bsp/\libhal_bsp.a(alt_sys_init.o) (alt_dev_llist_insert)
../leds_controller_bsp/\libhal_bsp.a(alt_do_ctors.o)
                              ../leds_controller_bsp/\libhal_bsp.a(alt_main.o) (_do_ctors)
../leds_controller_bsp/\libhal_bsp.a(alt_do_dtors.o)
                              ../leds_controller_bsp/\libhal_bsp.a(alt_main.o) (_do_dtors)
../leds_controller_bsp/\libhal_bsp.a(alt_errno.o)
                              ../leds_controller_bsp/\libhal_bsp.a(alt_close.o) (alt_errno)
../leds_controller_bsp/\libhal_bsp.a(alt_icache_flush_all.o)
                              ../leds_controller_bsp/\libhal_bsp.a(alt_load.o) (alt_icache_flush_all)
../leds_controller_bsp/\libhal_bsp.a(alt_iic.o)
                              ../leds_controller_bsp/\libhal_bsp.a(altera_avalon_jtag_uart_init.o) (alt_ic_isr_register)
../leds_controller_bsp/\libhal_bsp.a(alt_iic_isr_register.o)
                              ../leds_controller_bsp/\libhal_bsp.a(alt_iic.o) (alt_iic_isr_register)
../leds_controller_bsp/\libhal_bsp.a(alt_io_redirect.o)
                              ../leds_controller_bsp/\libhal_bsp.a(alt_main.o) (alt_io_redirect)
../leds_controller_bsp/\libhal_bsp.a(alt_irq_entry.o)
                              ../leds_controller_bsp/\libhal_bsp.a(alt_iic_isr_register.o) (alt_irq_entry)
../leds_controller_bsp/\libhal_bsp.a(alt_irq_handler.o)
                              ../leds_controller_bsp/\libhal_bsp.a(alt_iic_isr_register.o) (alt_irq)
../leds_controller_bsp/\libhal_bsp.a(alt_irq_vars.o)
                              ../leds_controller_bsp/\libhal_bsp.a(alt_iic.o) (alt_irq_active)
../leds_controller_bsp/\libhal_bsp.a(alt_open.o)
                              ../leds_controller_bsp/\libhal_bsp.a(alt_io_redirect.o) (open)
../leds_controller_bsp/\libhal_bsp.a(alt_release_fd.o)
                              ../leds_controller_bsp/\libhal_bsp.a(alt_close.o) (alt_release_fd)
../leds_controller_bsp/\libhal_bsp.a(alt_tick.o)
                              ../leds_controller_bsp/\libhal_bsp.a(altera_avalon_jtag_uart_init.o) (_alt_tick_rate)
../leds_controller_bsp/\libhal_bsp.a(altera_nios2_qsys_irq.o)
                              ../leds_controller_bsp/\libhal_bsp.a(alt_sys_init.o) (altera_nios2_qsys_irq_init)
../leds_controller_bsp/\libhal_bsp.a(alt_exception_entry.o)
                              ../leds_controller_bsp/\libhal_bsp.a(alt_irq_entry.o) (alt_exception)
../leds_controller_bsp/\libhal_bsp.a(alt_find_dev.o)
                              ../leds_controller_bsp/\libhal_bsp.a(alt_open.o) (alt_find_dev)
../leds_controller_bsp/\libhal_bsp.a(alt_find_file.o)
                              ../leds_controller_bsp/\libhal_bsp.a(alt_open.o) (alt_find_file)
../leds_controller_bsp/\libhal_bsp.a(alt_get_fd.o)
                              ../leds_controller_bsp/\libhal_bsp.a(alt_open.o) (alt_get_fd)
../leds_controller_bsp/\libhal_bsp.a(alt_icache_flush.o)
                              ../leds_controller_bsp/\libhal_bsp.a(alt_icache_flush_all.o) (alt_icache_flush)
c:/altera/13.1/nios2eds/bin/gnu/h-i686-mingw32/bin/../lib/gcc/nios2-elf/4.7.3/../../../../../H-i686-mingw32/nios2-elf/lib\libc.a(lib_a-atexit.o)
                              ../leds_controller_bsp/\libhal_bsp.a(alt_main.o) (atexit)
c:/altera/13.1/nios2eds/bin/gnu/h-i686-mingw32/bin/../lib/gcc/nios2-elf/4.7.3/../../../../../H-i686-mingw32/nios2-elf/lib\libc.a(lib_a-exit.o)
                              ../leds_controller_bsp/\libhal_bsp.a(alt_main.o) (exit)
c:/altera/13.1/nios2eds/bin/gnu/h-i686-mingw32/bin/../lib/gcc/nios2-elf/4.7.3/../../../../../H-i686-mingw32/nios2-elf/lib\libc.a(lib_a-impure.o)
                              c:/altera/13.1/nios2eds/bin/gnu/h-i686-mingw32/bin/../lib/gcc/nios2-elf/4.7.3/../../../../../H-i686-mingw32/nios2-elf/lib\libc.a(lib_a-exit.o) (_global_impure_ptr)
c:/altera/13.1/nios2eds/bin/gnu/h-i686-mingw32/bin/../lib/gcc/nios2-elf/4.7.3/../../../../../H-i686-mingw32/nios2-elf/lib\libc.a(lib_a-int_errno.o)
                              ../leds_controller_bsp/\libhal_bsp.a(alt_close.o) (errno)
c:/altera/13.1/nios2eds/bin/gnu/h-i686-mingw32/bin/../lib/gcc/nios2-elf/4.7.3/../../../../../H-i686-mingw32/nios2-elf/lib\libc.a(lib_a-memcmp.o)
                              ../leds_controller_bsp/\libhal_bsp.a(alt_find_dev.o) (memcmp)
c:/altera/13.1/nios2eds/bin/gnu/h-i686-mingw32/bin/../lib/gcc/nios2-elf/4.7.3/../../../../../H-i686-mingw32/nios2-elf/lib\libc.a(lib_a-memcpy.o)
                              ../leds_controller_bsp/\libhal_bsp.a(altera_avalon_jtag_uart_read.o) (memcpy)
c:/altera/13.1/nios2eds/bin/gnu/h-i686-mingw32/bin/../lib/gcc/nios2-elf/4.7.3/../../../../../H-i686-mingw32/nios2-elf/lib\libc.a(lib_a-strlen.o)
                              ../leds_controller_bsp/\libhal_bsp.a(alt_find_dev.o) (strlen)
c:/altera/13.1/nios2eds/bin/gnu/h-i686-mingw32/bin/../lib/gcc/nios2-elf/4.7.3/../../../../../H-i686-mingw32/nios2-elf/lib\libc.a(lib_a-__atexit.o)
                              c:/altera/13.1/nios2eds/bin/gnu/h-i686-mingw32/bin/../lib/gcc/nios2-elf/4.7.3/../../../../../H-i686-mingw32/nios2-elf/lib\libc.a(lib_a-atexit.o) (__register_exitproc)
c:/altera/13.1/nios2eds/bin/gnu/h-i686-mingw32/bin/../lib/gcc/nios2-elf/4.7.3/../../../../../H-i686-mingw32/nios2-elf/lib\libc.a(lib_a-__call_atexit.o)
                              c:/altera/13.1/nios2eds/bin/gnu/h-i686-mingw32/bin/../lib/gcc/nios2-elf/4.7.3/../../../../../H-i686-mingw32/nios2-elf/lib\libc.a(lib_a-exit.o) (__call_exitprocs)
../leds_controller_bsp/\libhal_bsp.a(alt_exit.o)
                              c:/altera/13.1/nios2eds/bin/gnu/h-i686-mingw32/bin/../lib/gcc/nios2-elf/4.7.3/../../../../../H-i686-mingw32/nios2-elf/lib\libc.a(lib_a-exit.o) (_exit)

Allocating common symbols
Common symbol       size              file

alt_irq             0x100             ../leds_controller_bsp/\libhal_bsp.a(alt_irq_handler.o)
errno               0x4               c:/altera/13.1/nios2eds/bin/gnu/h-i686-mingw32/bin/../lib/gcc/nios2-elf/4.7.3/../../../../../H-i686-mingw32/nios2-elf/lib\libc.a(lib_a-int_errno.o)
_atexit0            0x190             c:/altera/13.1/nios2eds/bin/gnu/h-i686-mingw32/bin/../lib/gcc/nios2-elf/4.7.3/../../../../../H-i686-mingw32/nios2-elf/lib\libc.a(lib_a-atexit.o)

Memory Configuration

Name             Origin             Length             Attributes
reset            0x00000000         0x00000020
memory           0x00000020         0x00000fe0
*default*        0x00000000         0xffffffff

Linker script and memory map

LOAD ../leds_controller_bsp//obj/HAL/src/crt0.o
LOAD obj/default/main.o
LOAD c:/altera/13.1/nios2eds/bin/gnu/h-i686-mingw32/bin/../lib/gcc/nios2-elf/4.7.3/../../../../../H-i686-mingw32/nios2-elf/lib\libstdc++.a
LOAD c:/altera/13.1/nios2eds/bin/gnu/h-i686-mingw32/bin/../lib/gcc/nios2-elf/4.7.3/../../../../../H-i686-mingw32/nios2-elf/lib\libm.a
LOAD c:/altera/13.1/nios2eds/bin/gnu/h-i686-mingw32/bin/../lib/gcc/nios2-elf/4.7.3\libgcc.a
START GROUP
LOAD c:/altera/13.1/nios2eds/bin/gnu/h-i686-mingw32/bin/../lib/gcc/nios2-elf/4.7.3/../../../../../H-i686-mingw32/nios2-elf/lib\libc.a
LOAD c:/altera/13.1/nios2eds/bin/gnu/h-i686-mingw32/bin/../lib/gcc/nios2-elf/4.7.3\libgcc.a
LOAD ../leds_controller_bsp/\libhal_bsp.a
END GROUP
LOAD c:/altera/13.1/nios2eds/bin/gnu/h-i686-mingw32/bin/../lib/gcc/nios2-elf/4.7.3\libgcc.a
                0x00000000                __alt_mem_memory = 0x0

.entry          0x00000000       0x20
 *(.entry)
 .entry         0x00000000       0x20 ../leds_controller_bsp//obj/HAL/src/crt0.o
                0x00000000                __reset

.exceptions     0x00000020      0x198
                0x00000020                PROVIDE (__ram_exceptions_start, ABSOLUTE (.))
                0x00000020                . = ALIGN (0x20)
 *(.irq)
 *(.exceptions.entry.label)
 .exceptions.entry.label
                0x00000020        0x0 ../leds_controller_bsp/\libhal_bsp.a(alt_irq_entry.o)
                0x00000020                alt_irq_entry
 .exceptions.entry.label
                0x00000020        0x0 ../leds_controller_bsp/\libhal_bsp.a(alt_exception_entry.o)
                0x00000020                alt_exception
 *(.exceptions.entry.user)
 *(.exceptions.entry.ecc_fatal)
 *(.exceptions.entry)
 .exceptions.entry
                0x00000020       0x54 ../leds_controller_bsp/\libhal_bsp.a(alt_exception_entry.o)
 *(.exceptions.irqtest.user)
 *(.exceptions.irqtest)
 .exceptions.irqtest
                0x00000074       0x10 ../leds_controller_bsp/\libhal_bsp.a(alt_irq_entry.o)
 *(.exceptions.irqhandler.user)
 *(.exceptions.irqhandler)
 .exceptions.irqhandler
                0x00000084        0x4 ../leds_controller_bsp/\libhal_bsp.a(alt_irq_entry.o)
 *(.exceptions.irqreturn.user)
 *(.exceptions.irqreturn)
 .exceptions.irqreturn
                0x00000088        0x4 ../leds_controller_bsp/\libhal_bsp.a(alt_irq_entry.o)
 *(.exceptions.notirq.label)
 .exceptions.notirq.label
                0x0000008c        0x0 ../leds_controller_bsp/\libhal_bsp.a(alt_irq_entry.o)
 *(.exceptions.notirq.user)
 *(.exceptions.notirq)
 .exceptions.notirq
                0x0000008c        0x8 ../leds_controller_bsp/\libhal_bsp.a(alt_exception_entry.o)
 *(.exceptions.soft.user)
 *(.exceptions.soft)
 *(.exceptions.unknown.user)
 *(.exceptions.unknown)
 .exceptions.unknown
                0x00000094        0x4 ../leds_controller_bsp/\libhal_bsp.a(alt_exception_entry.o)
 *(.exceptions.exit.label)
 .exceptions.exit.label
                0x00000098        0x0 ../leds_controller_bsp/\libhal_bsp.a(alt_irq_entry.o)
 .exceptions.exit.label
                0x00000098        0x0 ../leds_controller_bsp/\libhal_bsp.a(alt_exception_entry.o)
 *(.exceptions.exit.user)
 *(.exceptions.exit)
 .exceptions.exit
                0x00000098       0x54 ../leds_controller_bsp/\libhal_bsp.a(alt_exception_entry.o)
 *(.exceptions)
 .exceptions    0x000000ec       0xcc ../leds_controller_bsp/\libhal_bsp.a(alt_irq_handler.o)
                0x000000ec                alt_irq_handler
                0x000001b8                PROVIDE (__ram_exceptions_end, ABSOLUTE (.))
                0x00000020                PROVIDE (__flash_exceptions_start, LOADADDR (.exceptions))

.text           0x000001b8     0x22c8
                0x000001b8                PROVIDE (stext, ABSOLUTE (.))
 *(.interp)
 *(.hash)
 *(.dynsym)
 *(.dynstr)
 *(.gnu.version)
 *(.gnu.version_d)
 *(.gnu.version_r)
 *(.rel.init)
 *(.rela.init)
 *(.rel.text .rel.text.* .rel.gnu.linkonce.t.*)
 *(.rela.text .rela.text.* .rela.gnu.linkonce.t.*)
 *(.rel.fini)
 *(.rela.fini)
 *(.rel.rodata .rel.rodata.* .rel.gnu.linkonce.r.*)
 *(.rela.rodata .rela.rodata.* .rela.gnu.linkonce.r.*)
 *(.rel.data .rel.data.* .rel.gnu.linkonce.d.*)
 *(.rela.data .rela.data.* .rela.gnu.linkonce.d.*)
 *(.rel.tdata .rel.tdata.* .rel.gnu.linkonce.td.*)
 *(.rela.tdata .rela.tdata.* .rela.gnu.linkonce.td.*)
 *(.rel.tbss .rel.tbss.* .rel.gnu.linkonce.tb.*)
 *(.rela.tbss .rela.tbss.* .rela.gnu.linkonce.tb.*)
 *(.rel.ctors)
 *(.rela.ctors)
 *(.rel.dtors)
 *(.rela.dtors)
 *(.rel.got)
 *(.rela.got)
 *(.rel.sdata .rel.sdata.* .rel.gnu.linkonce.s.*)
 *(.rela.sdata .rela.sdata.* .rela.gnu.linkonce.s.*)
 *(.rel.sbss .rel.sbss.* .rel.gnu.linkonce.sb.*)
 *(.rela.sbss .rela.sbss.* .rela.gnu.linkonce.sb.*)
 *(.rel.sdata2 .rel.sdata2.* .rel.gnu.linkonce.s2.*)
 *(.rela.sdata2 .rela.sdata2.* .rela.gnu.linkonce.s2.*)
 *(.rel.sbss2 .rel.sbss2.* .rel.gnu.linkonce.sb2.*)
 *(.rela.sbss2 .rela.sbss2.* .rela.gnu.linkonce.sb2.*)
 *(.rel.bss .rel.bss.* .rel.gnu.linkonce.b.*)
 *(.rela.bss .rela.bss.* .rela.gnu.linkonce.b.*)
 *(.rel.plt)
 *(.rela.plt)
 *(.rel.dyn)
 *(.init)
 *(.plt)
 *(.text .stub .text.* .gnu.linkonce.t.*)
 .text          0x000001b8       0x4c ../leds_controller_bsp//obj/HAL/src/crt0.o
                0x000001b8                _start
 .text          0x00000204       0x9c obj/default/main.o
                0x00000204                main
 .text          0x000002a0       0xec ../leds_controller_bsp/\libhal_bsp.a(alt_load.o)
                0x0000030c                alt_load
 .text          0x0000038c       0x78 ../leds_controller_bsp/\libhal_bsp.a(alt_main.o)
                0x0000038c                alt_main
 .text          0x00000404       0xb0 ../leds_controller_bsp/\libhal_bsp.a(alt_sys_init.o)
                0x0000043c                alt_irq_init
                0x00000470                alt_sys_init
 .text          0x000004b4      0x164 ../leds_controller_bsp/\libhal_bsp.a(altera_avalon_jtag_uart_fd.o)
                0x000004b4                altera_avalon_jtag_uart_read_fd
                0x00000514                altera_avalon_jtag_uart_write_fd
                0x00000574                altera_avalon_jtag_uart_close_fd
                0x000005c4                altera_avalon_jtag_uart_ioctl_fd
 .text          0x00000618      0x3d0 ../leds_controller_bsp/\libhal_bsp.a(altera_avalon_jtag_uart_init.o)
                0x00000618                altera_avalon_jtag_uart_init
                0x00000980                altera_avalon_jtag_uart_close
 .text          0x000009e8       0xf4 ../leds_controller_bsp/\libhal_bsp.a(altera_avalon_jtag_uart_ioctl.o)
                0x000009e8                altera_avalon_jtag_uart_ioctl
 .text          0x00000adc      0x218 ../leds_controller_bsp/\libhal_bsp.a(altera_avalon_jtag_uart_read.o)
                0x00000adc                altera_avalon_jtag_uart_read
 .text          0x00000cf4      0x224 ../leds_controller_bsp/\libhal_bsp.a(altera_avalon_jtag_uart_write.o)
                0x00000cf4                altera_avalon_jtag_uart_write
 .text          0x00000f18      0x140 ../leds_controller_bsp/\libhal_bsp.a(alt_alarm_start.o)
                0x00000f18                alt_alarm_start
 .text          0x00001058      0x118 ../leds_controller_bsp/\libhal_bsp.a(alt_close.o)
                0x000010a8                close
 .text          0x00001170       0x44 ../leds_controller_bsp/\libhal_bsp.a(alt_dcache_flush_all.o)
                0x00001170                alt_dcache_flush_all
 .text          0x000011b4       0x2c ../leds_controller_bsp/\libhal_bsp.a(alt_dev.o)
 .text          0x000011e0       0xf0 ../leds_controller_bsp/\libhal_bsp.a(alt_dev_llist_insert.o)
                0x00001230                alt_dev_llist_insert
 .text          0x000012d0       0x5c ../leds_controller_bsp/\libhal_bsp.a(alt_do_ctors.o)
                0x000012d0                _do_ctors
 .text          0x0000132c       0x5c ../leds_controller_bsp/\libhal_bsp.a(alt_do_dtors.o)
                0x0000132c                _do_dtors
 .text          0x00001388        0x0 ../leds_controller_bsp/\libhal_bsp.a(alt_errno.o)
 .text          0x00001388       0x30 ../leds_controller_bsp/\libhal_bsp.a(alt_icache_flush_all.o)
                0x00001388                alt_icache_flush_all
 .text          0x000013b8      0x1d8 ../leds_controller_bsp/\libhal_bsp.a(alt_iic.o)
                0x000013b8                alt_ic_isr_register
                0x00001408                alt_ic_irq_enable
                0x000014a4                alt_ic_irq_disable
                0x00001544                alt_ic_irq_enabled
 .text          0x00001590       0xf0 ../leds_controller_bsp/\libhal_bsp.a(alt_iic_isr_register.o)
                0x00001590                alt_iic_isr_register
 .text          0x00001680      0x138 ../leds_controller_bsp/\libhal_bsp.a(alt_io_redirect.o)
                0x00001740                alt_io_redirect
 .text          0x000017b8        0x0 ../leds_controller_bsp/\libhal_bsp.a(alt_irq_entry.o)
 .text          0x000017b8        0x0 ../leds_controller_bsp/\libhal_bsp.a(alt_irq_handler.o)
 .text          0x000017b8        0x0 ../leds_controller_bsp/\libhal_bsp.a(alt_irq_vars.o)
 .text          0x000017b8      0x270 ../leds_controller_bsp/\libhal_bsp.a(alt_open.o)
                0x000018d4                open
 .text          0x00001a28       0x60 ../leds_controller_bsp/\libhal_bsp.a(alt_release_fd.o)
                0x00001a28                alt_release_fd
 .text          0x00001a88      0x19c ../leds_controller_bsp/\libhal_bsp.a(alt_tick.o)
                0x00001a88                alt_alarm_stop
                0x00001b20                alt_tick
 .text          0x00001c24       0x20 ../leds_controller_bsp/\libhal_bsp.a(altera_nios2_qsys_irq.o)
                0x00001c24                altera_nios2_qsys_irq_init
 .text          0x00001c44        0x0 ../leds_controller_bsp/\libhal_bsp.a(alt_exception_entry.o)
 .text          0x00001c44       0x90 ../leds_controller_bsp/\libhal_bsp.a(alt_find_dev.o)
                0x00001c44                alt_find_dev
 .text          0x00001cd4      0x114 ../leds_controller_bsp/\libhal_bsp.a(alt_find_file.o)
                0x00001cd4                alt_find_file
 .text          0x00001de8       0xb4 ../leds_controller_bsp/\libhal_bsp.a(alt_get_fd.o)
                0x00001de8                alt_get_fd
 .text          0x00001e9c       0x8c ../leds_controller_bsp/\libhal_bsp.a(alt_icache_flush.o)
                0x00001e9c                alt_icache_flush
 .text          0x00001f28       0x14 c:/altera/13.1/nios2eds/bin/gnu/h-i686-mingw32/bin/../lib/gcc/nios2-elf/4.7.3/../../../../../H-i686-mingw32/nios2-elf/lib\libc.a(lib_a-atexit.o)
                0x00001f28                atexit
 .text          0x00001f3c       0x38 c:/altera/13.1/nios2eds/bin/gnu/h-i686-mingw32/bin/../lib/gcc/nios2-elf/4.7.3/../../../../../H-i686-mingw32/nios2-elf/lib\libc.a(lib_a-exit.o)
                0x00001f3c                exit
 .text          0x00001f74        0x0 c:/altera/13.1/nios2eds/bin/gnu/h-i686-mingw32/bin/../lib/gcc/nios2-elf/4.7.3/../../../../../H-i686-mingw32/nios2-elf/lib\libc.a(lib_a-impure.o)
 .text          0x00001f74        0x0 c:/altera/13.1/nios2eds/bin/gnu/h-i686-mingw32/bin/../lib/gcc/nios2-elf/4.7.3/../../../../../H-i686-mingw32/nios2-elf/lib\libc.a(lib_a-int_errno.o)
 .text          0x00001f74       0x7c c:/altera/13.1/nios2eds/bin/gnu/h-i686-mingw32/bin/../lib/gcc/nios2-elf/4.7.3/../../../../../H-i686-mingw32/nios2-elf/lib\libc.a(lib_a-memcmp.o)
                0x00001f74                memcmp
 .text          0x00001ff0       0xf8 c:/altera/13.1/nios2eds/bin/gnu/h-i686-mingw32/bin/../lib/gcc/nios2-elf/4.7.3/../../../../../H-i686-mingw32/nios2-elf/lib\libc.a(lib_a-memcpy.o)
                0x00001ff0                memcpy
 .text          0x000020e8       0x8c c:/altera/13.1/nios2eds/bin/gnu/h-i686-mingw32/bin/../lib/gcc/nios2-elf/4.7.3/../../../../../H-i686-mingw32/nios2-elf/lib\libc.a(lib_a-strlen.o)
                0x000020e8                strlen
 .text          0x00002174      0x130 c:/altera/13.1/nios2eds/bin/gnu/h-i686-mingw32/bin/../lib/gcc/nios2-elf/4.7.3/../../../../../H-i686-mingw32/nios2-elf/lib\libc.a(lib_a-__atexit.o)
                0x00002174                __register_exitproc
 .text          0x000022a4      0x1a0 c:/altera/13.1/nios2eds/bin/gnu/h-i686-mingw32/bin/../lib/gcc/nios2-elf/4.7.3/../../../../../H-i686-mingw32/nios2-elf/lib\libc.a(lib_a-__call_atexit.o)
                0x000022a4                __call_exitprocs
 .text          0x00002444       0x3c ../leds_controller_bsp/\libhal_bsp.a(alt_exit.o)
                0x00002444                _exit
 *(.gnu.warning.*)
 *(.fini)
                0x00002480                PROVIDE (__etext, ABSOLUTE (.))
                0x00002480                PROVIDE (_etext, ABSOLUTE (.))
                0x00002480                PROVIDE (etext, ABSOLUTE (.))
 *(.eh_frame_hdr)
                0x00002480                . = ALIGN (0x4)
                0x00002480                PROVIDE (__preinit_array_start, ABSOLUTE (.))
 *(.preinit_array)
                0x00002480                PROVIDE (__preinit_array_end, ABSOLUTE (.))
                0x00002480                PROVIDE (__init_array_start, ABSOLUTE (.))
 *(.init_array)
                0x00002480                PROVIDE (__init_array_end, ABSOLUTE (.))
                0x00002480                PROVIDE (__fini_array_start, ABSOLUTE (.))
 *(.fini_array)
                0x00002480                PROVIDE (__fini_array_end, ABSOLUTE (.))
 *(.eh_frame)
 *(.gcc_except_table .gcc_except_table.*)
 *(.dynamic)
                0x00002480                PROVIDE (__CTOR_LIST__, ABSOLUTE (.))
 *(.ctors)
 *(SORT(.ctors.*))
                0x00002480                PROVIDE (__CTOR_END__, ABSOLUTE (.))
                0x00002480                PROVIDE (__DTOR_LIST__, ABSOLUTE (.))
 *(.dtors)
 *(SORT(.dtors.*))
                0x00002480                PROVIDE (__DTOR_END__, ABSOLUTE (.))
 *(.jcr)
                0x00002480                . = ALIGN (0x4)

.rodata         0x00002480       0x28
                0x00002480                PROVIDE (__ram_rodata_start, ABSOLUTE (.))
                0x00002480                . = ALIGN (0x4)
 *(.rodata .rodata.* .gnu.linkonce.r.*)
 .rodata        0x00002480        0xc ../leds_controller_bsp/\libhal_bsp.a(alt_main.o)
 .rodata        0x0000248c        0xc ../leds_controller_bsp/\libhal_bsp.a(alt_sys_init.o)
 .rodata        0x00002498        0xc ../leds_controller_bsp/\libhal_bsp.a(alt_dev.o)
 .rodata.str1.4
                0x000024a4        0x4 c:/altera/13.1/nios2eds/bin/gnu/h-i686-mingw32/bin/../lib/gcc/nios2-elf/4.7.3/../../../../../H-i686-mingw32/nios2-elf/lib\libc.a(lib_a-impure.o)
 *(.rodata1)
                0x000024a8                . = ALIGN (0x4)
                0x000024a8                PROVIDE (__ram_rodata_end, ABSOLUTE (.))
                0x00002480                PROVIDE (__flash_rodata_start, LOADADDR (.rodata))

.rwdata         0x000024a8     0x1634 load address 0x00003adc
                0x000024a8                PROVIDE (__ram_rwdata_start, ABSOLUTE (.))
                0x000024a8                . = ALIGN (0x4)
 *(.got.plt)
 *(.got)
 *(.data1)
 *(.data .data.* .gnu.linkonce.d.*)
 .data          0x000024a8        0x0 ../leds_controller_bsp//obj/HAL/src/crt0.o
 .data          0x000024a8        0x0 obj/default/main.o
 .data          0x000024a8        0x0 ../leds_controller_bsp/\libhal_bsp.a(alt_load.o)
 .data          0x000024a8        0x0 ../leds_controller_bsp/\libhal_bsp.a(alt_main.o)
 .data          0x000024a8     0x1060 ../leds_controller_bsp/\libhal_bsp.a(alt_sys_init.o)
 .data          0x00003508        0x0 ../leds_controller_bsp/\libhal_bsp.a(altera_avalon_jtag_uart_fd.o)
 .data          0x00003508        0x0 ../leds_controller_bsp/\libhal_bsp.a(altera_avalon_jtag_uart_init.o)
 .data          0x00003508        0x0 ../leds_controller_bsp/\libhal_bsp.a(altera_avalon_jtag_uart_ioctl.o)
 .data          0x00003508        0x0 ../leds_controller_bsp/\libhal_bsp.a(altera_avalon_jtag_uart_read.o)
 .data          0x00003508        0x0 ../leds_controller_bsp/\libhal_bsp.a(altera_avalon_jtag_uart_write.o)
 .data          0x00003508        0x0 ../leds_controller_bsp/\libhal_bsp.a(alt_alarm_start.o)
 .data          0x00003508        0x0 ../leds_controller_bsp/\libhal_bsp.a(alt_close.o)
 .data          0x00003508        0x0 ../leds_controller_bsp/\libhal_bsp.a(alt_dcache_flush_all.o)
 .data          0x00003508      0x1a8 ../leds_controller_bsp/\libhal_bsp.a(alt_dev.o)
                0x00003508                alt_dev_null
                0x00003530                alt_fd_list
 .data          0x000036b0        0x0 ../leds_controller_bsp/\libhal_bsp.a(alt_dev_llist_insert.o)
 .data          0x000036b0        0x0 ../leds_controller_bsp/\libhal_bsp.a(alt_do_ctors.o)
 .data          0x000036b0        0x0 ../leds_controller_bsp/\libhal_bsp.a(alt_do_dtors.o)
 .data          0x000036b0        0x0 ../leds_controller_bsp/\libhal_bsp.a(alt_errno.o)
 .data          0x000036b0        0x0 ../leds_controller_bsp/\libhal_bsp.a(alt_icache_flush_all.o)
 .data          0x000036b0        0x0 ../leds_controller_bsp/\libhal_bsp.a(alt_iic.o)
 .data          0x000036b0        0x0 ../leds_controller_bsp/\libhal_bsp.a(alt_iic_isr_register.o)
 .data          0x000036b0        0x0 ../leds_controller_bsp/\libhal_bsp.a(alt_io_redirect.o)
 .data          0x000036b0        0x0 ../leds_controller_bsp/\libhal_bsp.a(alt_irq_entry.o)
 .data          0x000036b0        0x0 ../leds_controller_bsp/\libhal_bsp.a(alt_irq_handler.o)
 .data          0x000036b0        0x0 ../leds_controller_bsp/\libhal_bsp.a(alt_irq_vars.o)
 .data          0x000036b0        0x0 ../leds_controller_bsp/\libhal_bsp.a(alt_open.o)
 .data          0x000036b0        0x0 ../leds_controller_bsp/\libhal_bsp.a(alt_release_fd.o)
 .data          0x000036b0        0x0 ../leds_controller_bsp/\libhal_bsp.a(alt_tick.o)
 .data          0x000036b0        0x0 ../leds_controller_bsp/\libhal_bsp.a(altera_nios2_qsys_irq.o)
 .data          0x000036b0        0x0 ../leds_controller_bsp/\libhal_bsp.a(alt_exception_entry.o)
 .data          0x000036b0        0x0 ../leds_controller_bsp/\libhal_bsp.a(alt_find_dev.o)
 .data          0x000036b0        0x0 ../leds_controller_bsp/\libhal_bsp.a(alt_find_file.o)
 .data          0x000036b0        0x0 ../leds_controller_bsp/\libhal_bsp.a(alt_get_fd.o)
 .data          0x000036b0        0x0 ../leds_controller_bsp/\libhal_bsp.a(alt_icache_flush.o)
 .data          0x000036b0        0x0 c:/altera/13.1/nios2eds/bin/gnu/h-i686-mingw32/bin/../lib/gcc/nios2-elf/4.7.3/../../../../../H-i686-mingw32/nios2-elf/lib\libc.a(lib_a-atexit.o)
 .data          0x000036b0        0x0 c:/altera/13.1/nios2eds/bin/gnu/h-i686-mingw32/bin/../lib/gcc/nios2-elf/4.7.3/../../../../../H-i686-mingw32/nios2-elf/lib\libc.a(lib_a-exit.o)
 .data          0x000036b0      0x400 c:/altera/13.1/nios2eds/bin/gnu/h-i686-mingw32/bin/../lib/gcc/nios2-elf/4.7.3/../../../../../H-i686-mingw32/nios2-elf/lib\libc.a(lib_a-impure.o)
 .data          0x00003ab0        0x0 c:/altera/13.1/nios2eds/bin/gnu/h-i686-mingw32/bin/../lib/gcc/nios2-elf/4.7.3/../../../../../H-i686-mingw32/nios2-elf/lib\libc.a(lib_a-int_errno.o)
 .data          0x00003ab0        0x0 c:/altera/13.1/nios2eds/bin/gnu/h-i686-mingw32/bin/../lib/gcc/nios2-elf/4.7.3/../../../../../H-i686-mingw32/nios2-elf/lib\libc.a(lib_a-memcmp.o)
 .data          0x00003ab0        0x0 c:/altera/13.1/nios2eds/bin/gnu/h-i686-mingw32/bin/../lib/gcc/nios2-elf/4.7.3/../../../../../H-i686-mingw32/nios2-elf/lib\libc.a(lib_a-memcpy.o)
 .data          0x00003ab0        0x0 c:/altera/13.1/nios2eds/bin/gnu/h-i686-mingw32/bin/../lib/gcc/nios2-elf/4.7.3/../../../../../H-i686-mingw32/nios2-elf/lib\libc.a(lib_a-strlen.o)
 .data          0x00003ab0        0x0 c:/altera/13.1/nios2eds/bin/gnu/h-i686-mingw32/bin/../lib/gcc/nios2-elf/4.7.3/../../../../../H-i686-mingw32/nios2-elf/lib\libc.a(lib_a-__atexit.o)
 .data          0x00003ab0        0x0 c:/altera/13.1/nios2eds/bin/gnu/h-i686-mingw32/bin/../lib/gcc/nios2-elf/4.7.3/../../../../../H-i686-mingw32/nios2-elf/lib\libc.a(lib_a-__call_atexit.o)
 .data          0x00003ab0        0x0 ../leds_controller_bsp/\libhal_bsp.a(alt_exit.o)
                0x0000bab0                _gp = ABSOLUTE ((. + 0x8000))
                0x0000bab0                PROVIDE (gp, _gp)
 *(.rwdata .rwdata.*)
 *(.sdata .sdata.* .gnu.linkonce.s.*)
 .sdata         0x00003ab0       0x14 ../leds_controller_bsp/\libhal_bsp.a(alt_dev.o)
                0x00003ab0                alt_fs_list
                0x00003ab8                alt_dev_list
                0x00003ac0                alt_max_fd
 .sdata         0x00003ac4        0x4 ../leds_controller_bsp/\libhal_bsp.a(alt_errno.o)
                0x00003ac4                alt_errno
 .sdata         0x00003ac8        0x4 ../leds_controller_bsp/\libhal_bsp.a(alt_irq_vars.o)
                0x00003ac8                alt_priority_mask
 .sdata         0x00003acc        0x8 ../leds_controller_bsp/\libhal_bsp.a(alt_tick.o)
                0x00003acc                alt_alarm_list
 .sdata         0x00003ad4        0x8 c:/altera/13.1/nios2eds/bin/gnu/h-i686-mingw32/bin/../lib/gcc/nios2-elf/4.7.3/../../../../../H-i686-mingw32/nios2-elf/lib\libc.a(lib_a-impure.o)
                0x00003ad4                _global_impure_ptr
                0x00003ad8                _impure_ptr
 *(.sdata2 .sdata2.* .gnu.linkonce.s2.*)
                0x00003adc                . = ALIGN (0x4)
                0x00003adc                _edata = ABSOLUTE (.)
                0x00003adc                PROVIDE (edata, ABSOLUTE (.))
                0x00003adc                PROVIDE (__ram_rwdata_end, ABSOLUTE (.))
                0x00003adc                PROVIDE (__flash_rwdata_start, LOADADDR (.rwdata))

.bss            0x00005110      0x2ac
                0x00005110                __bss_start = ABSOLUTE (.)
                0x00005110                PROVIDE (__sbss_start, ABSOLUTE (.))
                0x00005110                PROVIDE (___sbss_start, ABSOLUTE (.))
 *(.dynsbss)
 *(.sbss .sbss.* .gnu.linkonce.sb.*)
 .sbss          0x00005110        0xc ../leds_controller_bsp/\libhal_bsp.a(alt_main.o)
                0x00005110                alt_argc
                0x00005114                alt_argv
                0x00005118                alt_envp
 .sbss          0x0000511c        0x4 ../leds_controller_bsp/\libhal_bsp.a(alt_irq_vars.o)
                0x0000511c                alt_irq_active
 .sbss          0x00005120        0x8 ../leds_controller_bsp/\libhal_bsp.a(alt_tick.o)
                0x00005120                _alt_tick_rate
                0x00005124                _alt_nticks
 .sbss          0x00005128        0x4 c:/altera/13.1/nios2eds/bin/gnu/h-i686-mingw32/bin/../lib/gcc/nios2-elf/4.7.3/../../../../../H-i686-mingw32/nios2-elf/lib\libc.a(lib_a-int_errno.o)
                0x00005128                errno
 *(.sbss2 .sbss2.* .gnu.linkonce.sb2.*)
 *(.scommon)
                0x0000512c                PROVIDE (__sbss_end, ABSOLUTE (.))
                0x0000512c                PROVIDE (___sbss_end, ABSOLUTE (.))
 *(.dynbss)
 *(.bss .bss.* .gnu.linkonce.b.*)
 .bss           0x0000512c        0x0 ../leds_controller_bsp//obj/HAL/src/crt0.o
 .bss           0x0000512c        0x0 obj/default/main.o
 .bss           0x0000512c        0x0 ../leds_controller_bsp/\libhal_bsp.a(alt_load.o)
 .bss           0x0000512c        0x0 ../leds_controller_bsp/\libhal_bsp.a(alt_main.o)
 .bss           0x0000512c        0x0 ../leds_controller_bsp/\libhal_bsp.a(alt_sys_init.o)
 .bss           0x0000512c        0x0 ../leds_controller_bsp/\libhal_bsp.a(altera_avalon_jtag_uart_fd.o)
 .bss           0x0000512c        0x0 ../leds_controller_bsp/\libhal_bsp.a(altera_avalon_jtag_uart_init.o)
 .bss           0x0000512c        0x0 ../leds_controller_bsp/\libhal_bsp.a(altera_avalon_jtag_uart_ioctl.o)
 .bss           0x0000512c        0x0 ../leds_controller_bsp/\libhal_bsp.a(altera_avalon_jtag_uart_read.o)
 .bss           0x0000512c        0x0 ../leds_controller_bsp/\libhal_bsp.a(altera_avalon_jtag_uart_write.o)
 .bss           0x0000512c        0x0 ../leds_controller_bsp/\libhal_bsp.a(alt_alarm_start.o)
 .bss           0x0000512c        0x0 ../leds_controller_bsp/\libhal_bsp.a(alt_close.o)
 .bss           0x0000512c        0x0 ../leds_controller_bsp/\libhal_bsp.a(alt_dcache_flush_all.o)
 .bss           0x0000512c        0x0 ../leds_controller_bsp/\libhal_bsp.a(alt_dev.o)
 .bss           0x0000512c        0x0 ../leds_controller_bsp/\libhal_bsp.a(alt_dev_llist_insert.o)
 .bss           0x0000512c        0x0 ../leds_controller_bsp/\libhal_bsp.a(alt_do_ctors.o)
 .bss           0x0000512c        0x0 ../leds_controller_bsp/\libhal_bsp.a(alt_do_dtors.o)
 .bss           0x0000512c        0x0 ../leds_controller_bsp/\libhal_bsp.a(alt_errno.o)
 .bss           0x0000512c        0x0 ../leds_controller_bsp/\libhal_bsp.a(alt_icache_flush_all.o)
 .bss           0x0000512c        0x0 ../leds_controller_bsp/\libhal_bsp.a(alt_iic.o)
 .bss           0x0000512c        0x0 ../leds_controller_bsp/\libhal_bsp.a(alt_iic_isr_register.o)
 .bss           0x0000512c        0x0 ../leds_controller_bsp/\libhal_bsp.a(alt_io_redirect.o)
 .bss           0x0000512c        0x0 ../leds_controller_bsp/\libhal_bsp.a(alt_irq_entry.o)
 .bss           0x0000512c        0x0 ../leds_controller_bsp/\libhal_bsp.a(alt_irq_handler.o)
 .bss           0x0000512c        0x0 ../leds_controller_bsp/\libhal_bsp.a(alt_irq_vars.o)
 .bss           0x0000512c        0x0 ../leds_controller_bsp/\libhal_bsp.a(alt_open.o)
 .bss           0x0000512c        0x0 ../leds_controller_bsp/\libhal_bsp.a(alt_release_fd.o)
 .bss           0x0000512c        0x0 ../leds_controller_bsp/\libhal_bsp.a(alt_tick.o)
 .bss           0x0000512c        0x0 ../leds_controller_bsp/\libhal_bsp.a(altera_nios2_qsys_irq.o)
 .bss           0x0000512c        0x0 ../leds_controller_bsp/\libhal_bsp.a(alt_exception_entry.o)
 .bss           0x0000512c        0x0 ../leds_controller_bsp/\libhal_bsp.a(alt_find_dev.o)
 .bss           0x0000512c        0x0 ../leds_controller_bsp/\libhal_bsp.a(alt_find_file.o)
 .bss           0x0000512c        0x0 ../leds_controller_bsp/\libhal_bsp.a(alt_get_fd.o)
 .bss           0x0000512c        0x0 ../leds_controller_bsp/\libhal_bsp.a(alt_icache_flush.o)
 .bss           0x0000512c        0x0 c:/altera/13.1/nios2eds/bin/gnu/h-i686-mingw32/bin/../lib/gcc/nios2-elf/4.7.3/../../../../../H-i686-mingw32/nios2-elf/lib\libc.a(lib_a-atexit.o)
 .bss           0x0000512c        0x0 c:/altera/13.1/nios2eds/bin/gnu/h-i686-mingw32/bin/../lib/gcc/nios2-elf/4.7.3/../../../../../H-i686-mingw32/nios2-elf/lib\libc.a(lib_a-exit.o)
 .bss           0x0000512c        0x0 c:/altera/13.1/nios2eds/bin/gnu/h-i686-mingw32/bin/../lib/gcc/nios2-elf/4.7.3/../../../../../H-i686-mingw32/nios2-elf/lib\libc.a(lib_a-impure.o)
 .bss           0x0000512c        0x0 c:/altera/13.1/nios2eds/bin/gnu/h-i686-mingw32/bin/../lib/gcc/nios2-elf/4.7.3/../../../../../H-i686-mingw32/nios2-elf/lib\libc.a(lib_a-int_errno.o)
 .bss           0x0000512c        0x0 c:/altera/13.1/nios2eds/bin/gnu/h-i686-mingw32/bin/../lib/gcc/nios2-elf/4.7.3/../../../../../H-i686-mingw32/nios2-elf/lib\libc.a(lib_a-memcmp.o)
 .bss           0x0000512c        0x0 c:/altera/13.1/nios2eds/bin/gnu/h-i686-mingw32/bin/../lib/gcc/nios2-elf/4.7.3/../../../../../H-i686-mingw32/nios2-elf/lib\libc.a(lib_a-memcpy.o)
 .bss           0x0000512c        0x0 c:/altera/13.1/nios2eds/bin/gnu/h-i686-mingw32/bin/../lib/gcc/nios2-elf/4.7.3/../../../../../H-i686-mingw32/nios2-elf/lib\libc.a(lib_a-strlen.o)
 .bss           0x0000512c        0x0 c:/altera/13.1/nios2eds/bin/gnu/h-i686-mingw32/bin/../lib/gcc/nios2-elf/4.7.3/../../../../../H-i686-mingw32/nios2-elf/lib\libc.a(lib_a-__atexit.o)
 .bss           0x0000512c        0x0 c:/altera/13.1/nios2eds/bin/gnu/h-i686-mingw32/bin/../lib/gcc/nios2-elf/4.7.3/../../../../../H-i686-mingw32/nios2-elf/lib\libc.a(lib_a-__call_atexit.o)
 .bss           0x0000512c        0x0 ../leds_controller_bsp/\libhal_bsp.a(alt_exit.o)
 *(COMMON)
 COMMON         0x0000512c      0x100 ../leds_controller_bsp/\libhal_bsp.a(alt_irq_handler.o)
                0x0000512c                alt_irq
 COMMON         0x0000522c      0x190 c:/altera/13.1/nios2eds/bin/gnu/h-i686-mingw32/bin/../lib/gcc/nios2-elf/4.7.3/../../../../../H-i686-mingw32/nios2-elf/lib\libc.a(lib_a-atexit.o)
                0x0000522c                _atexit0
                0x000053bc                . = ALIGN (0x4)
                0x000053bc                __bss_end = ABSOLUTE (.)

.memory         0x000053bc        0x0
                0x000053bc                PROVIDE (_alt_partition_memory_start, ABSOLUTE (.))
 *(.memory .memory. memory.*)
                0x000053bc                . = ALIGN (0x4)
                0x000053bc                PROVIDE (_alt_partition_memory_end, ABSOLUTE (.))
                0x000053bc                _end = ABSOLUTE (.)
                0x000053bc                end = ABSOLUTE (.)
                0x000053bc                __alt_stack_base = ABSOLUTE (.)
                0x000053bc                PROVIDE (_alt_partition_memory_load_addr, LOADADDR (.memory))

.stab
 *(.stab)

.stabstr
 *(.stabstr)

.stab.excl
 *(.stab.excl)

.stab.exclstr
 *(.stab.exclstr)

.stab.index
 *(.stab.index)

.stab.indexstr
 *(.stab.indexstr)

.comment        0x00000000       0x23
 *(.comment)
 .comment       0x00000000       0x23 obj/default/main.o
                                 0x24 (size before relaxing)
 .comment       0x00000000       0x24 ../leds_controller_bsp/\libhal_bsp.a(alt_load.o)
 .comment       0x00000000       0x24 ../leds_controller_bsp/\libhal_bsp.a(alt_main.o)
 .comment       0x00000000       0x24 ../leds_controller_bsp/\libhal_bsp.a(alt_sys_init.o)
 .comment       0x00000000       0x24 ../leds_controller_bsp/\libhal_bsp.a(altera_avalon_jtag_uart_fd.o)
 .comment       0x00000000       0x24 ../leds_controller_bsp/\libhal_bsp.a(altera_avalon_jtag_uart_init.o)
 .comment       0x00000000       0x24 ../leds_controller_bsp/\libhal_bsp.a(altera_avalon_jtag_uart_ioctl.o)
 .comment       0x00000000       0x24 ../leds_controller_bsp/\libhal_bsp.a(altera_avalon_jtag_uart_read.o)
 .comment       0x00000000       0x24 ../leds_controller_bsp/\libhal_bsp.a(altera_avalon_jtag_uart_write.o)
 .comment       0x00000000       0x24 ../leds_controller_bsp/\libhal_bsp.a(alt_alarm_start.o)
 .comment       0x00000000       0x24 ../leds_controller_bsp/\libhal_bsp.a(alt_close.o)
 .comment       0x00000000       0x24 ../leds_controller_bsp/\libhal_bsp.a(alt_dcache_flush_all.o)
 .comment       0x00000000       0x24 ../leds_controller_bsp/\libhal_bsp.a(alt_dev.o)
 .comment       0x00000000       0x24 ../leds_controller_bsp/\libhal_bsp.a(alt_dev_llist_insert.o)
 .comment       0x00000000       0x24 ../leds_controller_bsp/\libhal_bsp.a(alt_do_ctors.o)
 .comment       0x00000000       0x24 ../leds_controller_bsp/\libhal_bsp.a(alt_do_dtors.o)
 .comment       0x00000000       0x24 ../leds_controller_bsp/\libhal_bsp.a(alt_errno.o)
 .comment       0x00000000       0x24 ../leds_controller_bsp/\libhal_bsp.a(alt_icache_flush_all.o)
 .comment       0x00000000       0x24 ../leds_controller_bsp/\libhal_bsp.a(alt_iic.o)
 .comment       0x00000000       0x24 ../leds_controller_bsp/\libhal_bsp.a(alt_iic_isr_register.o)
 .comment       0x00000000       0x24 ../leds_controller_bsp/\libhal_bsp.a(alt_io_redirect.o)
 .comment       0x00000000       0x24 ../leds_controller_bsp/\libhal_bsp.a(alt_irq_handler.o)
 .comment       0x00000000       0x24 ../leds_controller_bsp/\libhal_bsp.a(alt_irq_vars.o)
 .comment       0x00000000       0x24 ../leds_controller_bsp/\libhal_bsp.a(alt_open.o)
 .comment       0x00000000       0x24 ../leds_controller_bsp/\libhal_bsp.a(alt_release_fd.o)
 .comment       0x00000000       0x24 ../leds_controller_bsp/\libhal_bsp.a(alt_tick.o)
 .comment       0x00000000       0x24 ../leds_controller_bsp/\libhal_bsp.a(altera_nios2_qsys_irq.o)
 .comment       0x00000000       0x24 ../leds_controller_bsp/\libhal_bsp.a(alt_find_dev.o)
 .comment       0x00000000       0x24 ../leds_controller_bsp/\libhal_bsp.a(alt_find_file.o)
 .comment       0x00000000       0x24 ../leds_controller_bsp/\libhal_bsp.a(alt_get_fd.o)
 .comment       0x00000000       0x24 ../leds_controller_bsp/\libhal_bsp.a(alt_icache_flush.o)
 .comment       0x00000000       0x24 c:/altera/13.1/nios2eds/bin/gnu/h-i686-mingw32/bin/../lib/gcc/nios2-elf/4.7.3/../../../../../H-i686-mingw32/nios2-elf/lib\libc.a(lib_a-atexit.o)
 .comment       0x00000000       0x24 c:/altera/13.1/nios2eds/bin/gnu/h-i686-mingw32/bin/../lib/gcc/nios2-elf/4.7.3/../../../../../H-i686-mingw32/nios2-elf/lib\libc.a(lib_a-exit.o)
 .comment       0x00000000       0x24 c:/altera/13.1/nios2eds/bin/gnu/h-i686-mingw32/bin/../lib/gcc/nios2-elf/4.7.3/../../../../../H-i686-mingw32/nios2-elf/lib\libc.a(lib_a-impure.o)
 .comment       0x00000000       0x24 c:/altera/13.1/nios2eds/bin/gnu/h-i686-mingw32/bin/../lib/gcc/nios2-elf/4.7.3/../../../../../H-i686-mingw32/nios2-elf/lib\libc.a(lib_a-int_errno.o)
 .comment       0x00000000       0x24 c:/altera/13.1/nios2eds/bin/gnu/h-i686-mingw32/bin/../lib/gcc/nios2-elf/4.7.3/../../../../../H-i686-mingw32/nios2-elf/lib\libc.a(lib_a-memcmp.o)
 .comment       0x00000000       0x24 c:/altera/13.1/nios2eds/bin/gnu/h-i686-mingw32/bin/../lib/gcc/nios2-elf/4.7.3/../../../../../H-i686-mingw32/nios2-elf/lib\libc.a(lib_a-memcpy.o)
 .comment       0x00000000       0x24 c:/altera/13.1/nios2eds/bin/gnu/h-i686-mingw32/bin/../lib/gcc/nios2-elf/4.7.3/../../../../../H-i686-mingw32/nios2-elf/lib\libc.a(lib_a-strlen.o)
 .comment       0x00000000       0x24 c:/altera/13.1/nios2eds/bin/gnu/h-i686-mingw32/bin/../lib/gcc/nios2-elf/4.7.3/../../../../../H-i686-mingw32/nios2-elf/lib\libc.a(lib_a-__atexit.o)
 .comment       0x00000000       0x24 c:/altera/13.1/nios2eds/bin/gnu/h-i686-mingw32/bin/../lib/gcc/nios2-elf/4.7.3/../../../../../H-i686-mingw32/nios2-elf/lib\libc.a(lib_a-__call_atexit.o)
 .comment       0x00000000       0x24 ../leds_controller_bsp/\libhal_bsp.a(alt_exit.o)

.debug
 *(.debug)

.line
 *(.line)

.debug_srcinfo
 *(.debug_srcinfo)

.debug_sfnames
 *(.debug_sfnames)

.debug_aranges  0x00000000      0x590
 *(.debug_aranges)
 .debug_aranges
                0x00000000       0x28 ../leds_controller_bsp//obj/HAL/src/crt0.o
 .debug_aranges
                0x00000028       0x20 obj/default/main.o
 .debug_aranges
                0x00000048       0x20 ../leds_controller_bsp/\libhal_bsp.a(alt_load.o)
 .debug_aranges
                0x00000068       0x20 ../leds_controller_bsp/\libhal_bsp.a(alt_main.o)
 .debug_aranges
                0x00000088       0x20 ../leds_controller_bsp/\libhal_bsp.a(alt_sys_init.o)
 .debug_aranges
                0x000000a8       0x20 ../leds_controller_bsp/\libhal_bsp.a(altera_avalon_jtag_uart_fd.o)
 .debug_aranges
                0x000000c8       0x20 ../leds_controller_bsp/\libhal_bsp.a(altera_avalon_jtag_uart_init.o)
 .debug_aranges
                0x000000e8       0x20 ../leds_controller_bsp/\libhal_bsp.a(altera_avalon_jtag_uart_ioctl.o)
 .debug_aranges
                0x00000108       0x20 ../leds_controller_bsp/\libhal_bsp.a(altera_avalon_jtag_uart_read.o)
 .debug_aranges
                0x00000128       0x20 ../leds_controller_bsp/\libhal_bsp.a(altera_avalon_jtag_uart_write.o)
 .debug_aranges
                0x00000148       0x20 ../leds_controller_bsp/\libhal_bsp.a(alt_alarm_start.o)
 .debug_aranges
                0x00000168       0x20 ../leds_controller_bsp/\libhal_bsp.a(alt_close.o)
 .debug_aranges
                0x00000188       0x20 ../leds_controller_bsp/\libhal_bsp.a(alt_dcache_flush_all.o)
 .debug_aranges
                0x000001a8       0x20 ../leds_controller_bsp/\libhal_bsp.a(alt_dev.o)
 .debug_aranges
                0x000001c8       0x20 ../leds_controller_bsp/\libhal_bsp.a(alt_dev_llist_insert.o)
 .debug_aranges
                0x000001e8       0x20 ../leds_controller_bsp/\libhal_bsp.a(alt_do_ctors.o)
 .debug_aranges
                0x00000208       0x20 ../leds_controller_bsp/\libhal_bsp.a(alt_do_dtors.o)
 .debug_aranges
                0x00000228       0x18 ../leds_controller_bsp/\libhal_bsp.a(alt_errno.o)
 .debug_aranges
                0x00000240       0x20 ../leds_controller_bsp/\libhal_bsp.a(alt_icache_flush_all.o)
 .debug_aranges
                0x00000260       0x20 ../leds_controller_bsp/\libhal_bsp.a(alt_iic.o)
 .debug_aranges
                0x00000280       0x20 ../leds_controller_bsp/\libhal_bsp.a(alt_iic_isr_register.o)
 .debug_aranges
                0x000002a0       0x20 ../leds_controller_bsp/\libhal_bsp.a(alt_io_redirect.o)
 .debug_aranges
                0x000002c0       0x30 ../leds_controller_bsp/\libhal_bsp.a(alt_irq_entry.o)
 .debug_aranges
                0x000002f0       0x20 ../leds_controller_bsp/\libhal_bsp.a(alt_irq_handler.o)
 .debug_aranges
                0x00000310       0x18 ../leds_controller_bsp/\libhal_bsp.a(alt_irq_vars.o)
 .debug_aranges
                0x00000328       0x20 ../leds_controller_bsp/\libhal_bsp.a(alt_open.o)
 .debug_aranges
                0x00000348       0x20 ../leds_controller_bsp/\libhal_bsp.a(alt_release_fd.o)
 .debug_aranges
                0x00000368       0x20 ../leds_controller_bsp/\libhal_bsp.a(alt_tick.o)
 .debug_aranges
                0x00000388       0x20 ../leds_controller_bsp/\libhal_bsp.a(altera_nios2_qsys_irq.o)
 .debug_aranges
                0x000003a8       0x38 ../leds_controller_bsp/\libhal_bsp.a(alt_exception_entry.o)
 .debug_aranges
                0x000003e0       0x20 ../leds_controller_bsp/\libhal_bsp.a(alt_find_dev.o)
 .debug_aranges
                0x00000400       0x20 ../leds_controller_bsp/\libhal_bsp.a(alt_find_file.o)
 .debug_aranges
                0x00000420       0x20 ../leds_controller_bsp/\libhal_bsp.a(alt_get_fd.o)
 .debug_aranges
                0x00000440       0x20 ../leds_controller_bsp/\libhal_bsp.a(alt_icache_flush.o)
 .debug_aranges
                0x00000460       0x20 c:/altera/13.1/nios2eds/bin/gnu/h-i686-mingw32/bin/../lib/gcc/nios2-elf/4.7.3/../../../../../H-i686-mingw32/nios2-elf/lib\libc.a(lib_a-atexit.o)
 .debug_aranges
                0x00000480       0x20 c:/altera/13.1/nios2eds/bin/gnu/h-i686-mingw32/bin/../lib/gcc/nios2-elf/4.7.3/../../../../../H-i686-mingw32/nios2-elf/lib\libc.a(lib_a-exit.o)
 .debug_aranges
                0x000004a0       0x18 c:/altera/13.1/nios2eds/bin/gnu/h-i686-mingw32/bin/../lib/gcc/nios2-elf/4.7.3/../../../../../H-i686-mingw32/nios2-elf/lib\libc.a(lib_a-impure.o)
 .debug_aranges
                0x000004b8       0x18 c:/altera/13.1/nios2eds/bin/gnu/h-i686-mingw32/bin/../lib/gcc/nios2-elf/4.7.3/../../../../../H-i686-mingw32/nios2-elf/lib\libc.a(lib_a-int_errno.o)
 .debug_aranges
                0x000004d0       0x20 c:/altera/13.1/nios2eds/bin/gnu/h-i686-mingw32/bin/../lib/gcc/nios2-elf/4.7.3/../../../../../H-i686-mingw32/nios2-elf/lib\libc.a(lib_a-memcmp.o)
 .debug_aranges
                0x000004f0       0x20 c:/altera/13.1/nios2eds/bin/gnu/h-i686-mingw32/bin/../lib/gcc/nios2-elf/4.7.3/../../../../../H-i686-mingw32/nios2-elf/lib\libc.a(lib_a-memcpy.o)
 .debug_aranges
                0x00000510       0x20 c:/altera/13.1/nios2eds/bin/gnu/h-i686-mingw32/bin/../lib/gcc/nios2-elf/4.7.3/../../../../../H-i686-mingw32/nios2-elf/lib\libc.a(lib_a-strlen.o)
 .debug_aranges
                0x00000530       0x20 c:/altera/13.1/nios2eds/bin/gnu/h-i686-mingw32/bin/../lib/gcc/nios2-elf/4.7.3/../../../../../H-i686-mingw32/nios2-elf/lib\libc.a(lib_a-__atexit.o)
 .debug_aranges
                0x00000550       0x20 c:/altera/13.1/nios2eds/bin/gnu/h-i686-mingw32/bin/../lib/gcc/nios2-elf/4.7.3/../../../../../H-i686-mingw32/nios2-elf/lib\libc.a(lib_a-__call_atexit.o)
 .debug_aranges
                0x00000570       0x20 ../leds_controller_bsp/\libhal_bsp.a(alt_exit.o)

.debug_pubnames
 *(.debug_pubnames)

.debug_info     0x00000000     0x7a09
 *(.debug_info .gnu.linkonce.wi.*)
 .debug_info    0x00000000       0x6a ../leds_controller_bsp//obj/HAL/src/crt0.o
 .debug_info    0x0000006a       0xbb obj/default/main.o
 .debug_info    0x00000125      0x135 ../leds_controller_bsp/\libhal_bsp.a(alt_load.o)
 .debug_info    0x0000025a      0x139 ../leds_controller_bsp/\libhal_bsp.a(alt_main.o)
 .debug_info    0x00000393      0x51f ../leds_controller_bsp/\libhal_bsp.a(alt_sys_init.o)
 .debug_info    0x000008b2      0x58a ../leds_controller_bsp/\libhal_bsp.a(altera_avalon_jtag_uart_fd.o)
 .debug_info    0x00000e3c      0x3d8 ../leds_controller_bsp/\libhal_bsp.a(altera_avalon_jtag_uart_init.o)
 .debug_info    0x00001214      0x2a9 ../leds_controller_bsp/\libhal_bsp.a(altera_avalon_jtag_uart_ioctl.o)
 .debug_info    0x000014bd      0x371 ../leds_controller_bsp/\libhal_bsp.a(altera_avalon_jtag_uart_read.o)
 .debug_info    0x0000182e      0x36c ../leds_controller_bsp/\libhal_bsp.a(altera_avalon_jtag_uart_write.o)
 .debug_info    0x00001b9a      0x2e4 ../leds_controller_bsp/\libhal_bsp.a(alt_alarm_start.o)
 .debug_info    0x00001e7e      0x350 ../leds_controller_bsp/\libhal_bsp.a(alt_close.o)
 .debug_info    0x000021ce       0xa3 ../leds_controller_bsp/\libhal_bsp.a(alt_dcache_flush_all.o)
 .debug_info    0x00002271      0x4e3 ../leds_controller_bsp/\libhal_bsp.a(alt_dev.o)
 .debug_info    0x00002754      0x1b9 ../leds_controller_bsp/\libhal_bsp.a(alt_dev_llist_insert.o)
 .debug_info    0x0000290d       0x8d ../leds_controller_bsp/\libhal_bsp.a(alt_do_ctors.o)
 .debug_info    0x0000299a       0x8d ../leds_controller_bsp/\libhal_bsp.a(alt_do_dtors.o)
 .debug_info    0x00002a27       0xa3 ../leds_controller_bsp/\libhal_bsp.a(alt_errno.o)
 .debug_info    0x00002aca       0x90 ../leds_controller_bsp/\libhal_bsp.a(alt_icache_flush_all.o)
 .debug_info    0x00002b5a      0x364 ../leds_controller_bsp/\libhal_bsp.a(alt_iic.o)
 .debug_info    0x00002ebe      0x1f6 ../leds_controller_bsp/\libhal_bsp.a(alt_iic_isr_register.o)
 .debug_info    0x000030b4      0x4f0 ../leds_controller_bsp/\libhal_bsp.a(alt_io_redirect.o)
 .debug_info    0x000035a4       0x73 ../leds_controller_bsp/\libhal_bsp.a(alt_irq_entry.o)
 .debug_info    0x00003617      0x190 ../leds_controller_bsp/\libhal_bsp.a(alt_irq_handler.o)
 .debug_info    0x000037a7       0x8a ../leds_controller_bsp/\libhal_bsp.a(alt_irq_vars.o)
 .debug_info    0x00003831      0x3f0 ../leds_controller_bsp/\libhal_bsp.a(alt_open.o)
 .debug_info    0x00003c21      0x2dd ../leds_controller_bsp/\libhal_bsp.a(alt_release_fd.o)
 .debug_info    0x00003efe      0x2b1 ../leds_controller_bsp/\libhal_bsp.a(alt_tick.o)
 .debug_info    0x000041af       0x90 ../leds_controller_bsp/\libhal_bsp.a(altera_nios2_qsys_irq.o)
 .debug_info    0x0000423f       0x79 ../leds_controller_bsp/\libhal_bsp.a(alt_exception_entry.o)
 .debug_info    0x000042b8      0x30d ../leds_controller_bsp/\libhal_bsp.a(alt_find_dev.o)
 .debug_info    0x000045c5      0x30c ../leds_controller_bsp/\libhal_bsp.a(alt_find_file.o)
 .debug_info    0x000048d1      0x339 ../leds_controller_bsp/\libhal_bsp.a(alt_get_fd.o)
 .debug_info    0x00004c0a       0xda ../leds_controller_bsp/\libhal_bsp.a(alt_icache_flush.o)
 .debug_info    0x00004ce4      0x1e6 c:/altera/13.1/nios2eds/bin/gnu/h-i686-mingw32/bin/../lib/gcc/nios2-elf/4.7.3/../../../../../H-i686-mingw32/nios2-elf/lib\libc.a(lib_a-atexit.o)
 .debug_info    0x00004eca      0x993 c:/altera/13.1/nios2eds/bin/gnu/h-i686-mingw32/bin/../lib/gcc/nios2-elf/4.7.3/../../../../../H-i686-mingw32/nios2-elf/lib\libc.a(lib_a-exit.o)
 .debug_info    0x0000585d      0x938 c:/altera/13.1/nios2eds/bin/gnu/h-i686-mingw32/bin/../lib/gcc/nios2-elf/4.7.3/../../../../../H-i686-mingw32/nios2-elf/lib\libc.a(lib_a-impure.o)
 .debug_info    0x00006195       0x84 c:/altera/13.1/nios2eds/bin/gnu/h-i686-mingw32/bin/../lib/gcc/nios2-elf/4.7.3/../../../../../H-i686-mingw32/nios2-elf/lib\libc.a(lib_a-int_errno.o)
 .debug_info    0x00006219      0x117 c:/altera/13.1/nios2eds/bin/gnu/h-i686-mingw32/bin/../lib/gcc/nios2-elf/4.7.3/../../../../../H-i686-mingw32/nios2-elf/lib\libc.a(lib_a-memcmp.o)
 .debug_info    0x00006330      0x10e c:/altera/13.1/nios2eds/bin/gnu/h-i686-mingw32/bin/../lib/gcc/nios2-elf/4.7.3/../../../../../H-i686-mingw32/nios2-elf/lib\libc.a(lib_a-memcpy.o)
 .debug_info    0x0000643e       0xdf c:/altera/13.1/nios2eds/bin/gnu/h-i686-mingw32/bin/../lib/gcc/nios2-elf/4.7.3/../../../../../H-i686-mingw32/nios2-elf/lib\libc.a(lib_a-strlen.o)
 .debug_info    0x0000651d      0x9f9 c:/altera/13.1/nios2eds/bin/gnu/h-i686-mingw32/bin/../lib/gcc/nios2-elf/4.7.3/../../../../../H-i686-mingw32/nios2-elf/lib\libc.a(lib_a-__atexit.o)
 .debug_info    0x00006f16      0xa07 c:/altera/13.1/nios2eds/bin/gnu/h-i686-mingw32/bin/../lib/gcc/nios2-elf/4.7.3/../../../../../H-i686-mingw32/nios2-elf/lib\libc.a(lib_a-__call_atexit.o)
 .debug_info    0x0000791d       0xec ../leds_controller_bsp/\libhal_bsp.a(alt_exit.o)

.debug_abbrev   0x00000000     0x27e6
 *(.debug_abbrev)
 .debug_abbrev  0x00000000       0x12 ../leds_controller_bsp//obj/HAL/src/crt0.o
 .debug_abbrev  0x00000012       0x5e obj/default/main.o
 .debug_abbrev  0x00000070       0x9d ../leds_controller_bsp/\libhal_bsp.a(alt_load.o)
 .debug_abbrev  0x0000010d       0xba ../leds_controller_bsp/\libhal_bsp.a(alt_main.o)
 .debug_abbrev  0x000001c7      0x176 ../leds_controller_bsp/\libhal_bsp.a(alt_sys_init.o)
 .debug_abbrev  0x0000033d      0x118 ../leds_controller_bsp/\libhal_bsp.a(altera_avalon_jtag_uart_fd.o)
 .debug_abbrev  0x00000455      0x18f ../leds_controller_bsp/\libhal_bsp.a(altera_avalon_jtag_uart_init.o)
 .debug_abbrev  0x000005e4      0x102 ../leds_controller_bsp/\libhal_bsp.a(altera_avalon_jtag_uart_ioctl.o)
 .debug_abbrev  0x000006e6      0x19b ../leds_controller_bsp/\libhal_bsp.a(altera_avalon_jtag_uart_read.o)
 .debug_abbrev  0x00000881      0x199 ../leds_controller_bsp/\libhal_bsp.a(altera_avalon_jtag_uart_write.o)
 .debug_abbrev  0x00000a1a      0x162 ../leds_controller_bsp/\libhal_bsp.a(alt_alarm_start.o)
 .debug_abbrev  0x00000b7c      0x11f ../leds_controller_bsp/\libhal_bsp.a(alt_close.o)
 .debug_abbrev  0x00000c9b       0x5a ../leds_controller_bsp/\libhal_bsp.a(alt_dcache_flush_all.o)
 .debug_abbrev  0x00000cf5       0xd9 ../leds_controller_bsp/\libhal_bsp.a(alt_dev.o)
 .debug_abbrev  0x00000dce      0x114 ../leds_controller_bsp/\libhal_bsp.a(alt_dev_llist_insert.o)
 .debug_abbrev  0x00000ee2       0x79 ../leds_controller_bsp/\libhal_bsp.a(alt_do_ctors.o)
 .debug_abbrev  0x00000f5b       0x79 ../leds_controller_bsp/\libhal_bsp.a(alt_do_dtors.o)
 .debug_abbrev  0x00000fd4       0x5a ../leds_controller_bsp/\libhal_bsp.a(alt_errno.o)
 .debug_abbrev  0x0000102e       0x42 ../leds_controller_bsp/\libhal_bsp.a(alt_icache_flush_all.o)
 .debug_abbrev  0x00001070      0x16a ../leds_controller_bsp/\libhal_bsp.a(alt_iic.o)
 .debug_abbrev  0x000011da      0x169 ../leds_controller_bsp/\libhal_bsp.a(alt_iic_isr_register.o)
 .debug_abbrev  0x00001343      0x114 ../leds_controller_bsp/\libhal_bsp.a(alt_io_redirect.o)
 .debug_abbrev  0x00001457       0x12 ../leds_controller_bsp/\libhal_bsp.a(alt_irq_entry.o)
 .debug_abbrev  0x00001469      0x124 ../leds_controller_bsp/\libhal_bsp.a(alt_irq_handler.o)
 .debug_abbrev  0x0000158d       0x40 ../leds_controller_bsp/\libhal_bsp.a(alt_irq_vars.o)
 .debug_abbrev  0x000015cd      0x148 ../leds_controller_bsp/\libhal_bsp.a(alt_open.o)
 .debug_abbrev  0x00001715       0xde ../leds_controller_bsp/\libhal_bsp.a(alt_release_fd.o)
 .debug_abbrev  0x000017f3      0x15a ../leds_controller_bsp/\libhal_bsp.a(alt_tick.o)
 .debug_abbrev  0x0000194d       0x42 ../leds_controller_bsp/\libhal_bsp.a(altera_nios2_qsys_irq.o)
 .debug_abbrev  0x0000198f       0x12 ../leds_controller_bsp/\libhal_bsp.a(alt_exception_entry.o)
 .debug_abbrev  0x000019a1       0xf0 ../leds_controller_bsp/\libhal_bsp.a(alt_find_dev.o)
 .debug_abbrev  0x00001a91       0xf0 ../leds_controller_bsp/\libhal_bsp.a(alt_find_file.o)
 .debug_abbrev  0x00001b81      0x10d ../leds_controller_bsp/\libhal_bsp.a(alt_get_fd.o)
 .debug_abbrev  0x00001c8e       0x8c ../leds_controller_bsp/\libhal_bsp.a(alt_icache_flush.o)
 .debug_abbrev  0x00001d1a      0x106 c:/altera/13.1/nios2eds/bin/gnu/h-i686-mingw32/bin/../lib/gcc/nios2-elf/4.7.3/../../../../../H-i686-mingw32/nios2-elf/lib\libc.a(lib_a-atexit.o)
 .debug_abbrev  0x00001e20      0x1c8 c:/altera/13.1/nios2eds/bin/gnu/h-i686-mingw32/bin/../lib/gcc/nios2-elf/4.7.3/../../../../../H-i686-mingw32/nios2-elf/lib\libc.a(lib_a-exit.o)
 .debug_abbrev  0x00001fe8      0x162 c:/altera/13.1/nios2eds/bin/gnu/h-i686-mingw32/bin/../lib/gcc/nios2-elf/4.7.3/../../../../../H-i686-mingw32/nios2-elf/lib\libc.a(lib_a-impure.o)
 .debug_abbrev  0x0000214a       0x37 c:/altera/13.1/nios2eds/bin/gnu/h-i686-mingw32/bin/../lib/gcc/nios2-elf/4.7.3/../../../../../H-i686-mingw32/nios2-elf/lib\libc.a(lib_a-int_errno.o)
 .debug_abbrev  0x00002181       0x7f c:/altera/13.1/nios2eds/bin/gnu/h-i686-mingw32/bin/../lib/gcc/nios2-elf/4.7.3/../../../../../H-i686-mingw32/nios2-elf/lib\libc.a(lib_a-memcmp.o)
 .debug_abbrev  0x00002200       0x9c c:/altera/13.1/nios2eds/bin/gnu/h-i686-mingw32/bin/../lib/gcc/nios2-elf/4.7.3/../../../../../H-i686-mingw32/nios2-elf/lib\libc.a(lib_a-memcpy.o)
 .debug_abbrev  0x0000229c       0x90 c:/altera/13.1/nios2eds/bin/gnu/h-i686-mingw32/bin/../lib/gcc/nios2-elf/4.7.3/../../../../../H-i686-mingw32/nios2-elf/lib\libc.a(lib_a-strlen.o)
 .debug_abbrev  0x0000232c      0x211 c:/altera/13.1/nios2eds/bin/gnu/h-i686-mingw32/bin/../lib/gcc/nios2-elf/4.7.3/../../../../../H-i686-mingw32/nios2-elf/lib\libc.a(lib_a-__atexit.o)
 .debug_abbrev  0x0000253d      0x203 c:/altera/13.1/nios2eds/bin/gnu/h-i686-mingw32/bin/../lib/gcc/nios2-elf/4.7.3/../../../../../H-i686-mingw32/nios2-elf/lib\libc.a(lib_a-__call_atexit.o)
 .debug_abbrev  0x00002740       0xa6 ../leds_controller_bsp/\libhal_bsp.a(alt_exit.o)

.debug_line     0x00000000     0x2a45
 *(.debug_line)
 .debug_line    0x00000000       0x72 ../leds_controller_bsp//obj/HAL/src/crt0.o
 .debug_line    0x00000072       0x73 obj/default/main.o
 .debug_line    0x000000e5       0x92 ../leds_controller_bsp/\libhal_bsp.a(alt_load.o)
 .debug_line    0x00000177       0xa4 ../leds_controller_bsp/\libhal_bsp.a(alt_main.o)
 .debug_line    0x0000021b      0x136 ../leds_controller_bsp/\libhal_bsp.a(alt_sys_init.o)
 .debug_line    0x00000351      0x131 ../leds_controller_bsp/\libhal_bsp.a(altera_avalon_jtag_uart_fd.o)
 .debug_line    0x00000482      0x199 ../leds_controller_bsp/\libhal_bsp.a(altera_avalon_jtag_uart_init.o)
 .debug_line    0x0000061b      0x129 ../leds_controller_bsp/\libhal_bsp.a(altera_avalon_jtag_uart_ioctl.o)
 .debug_line    0x00000744      0x174 ../leds_controller_bsp/\libhal_bsp.a(altera_avalon_jtag_uart_read.o)
 .debug_line    0x000008b8      0x173 ../leds_controller_bsp/\libhal_bsp.a(altera_avalon_jtag_uart_write.o)
 .debug_line    0x00000a2b       0xfa ../leds_controller_bsp/\libhal_bsp.a(alt_alarm_start.o)
 .debug_line    0x00000b25      0x186 ../leds_controller_bsp/\libhal_bsp.a(alt_close.o)
 .debug_line    0x00000cab       0x61 ../leds_controller_bsp/\libhal_bsp.a(alt_dcache_flush_all.o)
 .debug_line    0x00000d0c      0x119 ../leds_controller_bsp/\libhal_bsp.a(alt_dev.o)
 .debug_line    0x00000e25       0xd0 ../leds_controller_bsp/\libhal_bsp.a(alt_dev_llist_insert.o)
 .debug_line    0x00000ef5       0x59 ../leds_controller_bsp/\libhal_bsp.a(alt_do_ctors.o)
 .debug_line    0x00000f4e       0x59 ../leds_controller_bsp/\libhal_bsp.a(alt_do_dtors.o)
 .debug_line    0x00000fa7       0x51 ../leds_controller_bsp/\libhal_bsp.a(alt_errno.o)
 .debug_line    0x00000ff8       0x50 ../leds_controller_bsp/\libhal_bsp.a(alt_icache_flush_all.o)
 .debug_line    0x00001048       0xed ../leds_controller_bsp/\libhal_bsp.a(alt_iic.o)
 .debug_line    0x00001135       0xdb ../leds_controller_bsp/\libhal_bsp.a(alt_iic_isr_register.o)
 .debug_line    0x00001210      0x154 ../leds_controller_bsp/\libhal_bsp.a(alt_io_redirect.o)
 .debug_line    0x00001364       0x6b ../leds_controller_bsp/\libhal_bsp.a(alt_irq_entry.o)
 .debug_line    0x000013cf       0xae ../leds_controller_bsp/\libhal_bsp.a(alt_irq_handler.o)
 .debug_line    0x0000147d       0x50 ../leds_controller_bsp/\libhal_bsp.a(alt_irq_vars.o)
 .debug_line    0x000014cd      0x125 ../leds_controller_bsp/\libhal_bsp.a(alt_open.o)
 .debug_line    0x000015f2       0xae ../leds_controller_bsp/\libhal_bsp.a(alt_release_fd.o)
 .debug_line    0x000016a0      0x102 ../leds_controller_bsp/\libhal_bsp.a(alt_tick.o)
 .debug_line    0x000017a2       0x51 ../leds_controller_bsp/\libhal_bsp.a(altera_nios2_qsys_irq.o)
 .debug_line    0x000017f3       0xab ../leds_controller_bsp/\libhal_bsp.a(alt_exception_entry.o)
 .debug_line    0x0000189e       0xb9 ../leds_controller_bsp/\libhal_bsp.a(alt_find_dev.o)
 .debug_line    0x00001957       0xd5 ../leds_controller_bsp/\libhal_bsp.a(alt_find_file.o)
 .debug_line    0x00001a2c       0xd1 ../leds_controller_bsp/\libhal_bsp.a(alt_get_fd.o)
 .debug_line    0x00001afd       0x81 ../leds_controller_bsp/\libhal_bsp.a(alt_icache_flush.o)
 .debug_line    0x00001b7e      0x16d c:/altera/13.1/nios2eds/bin/gnu/h-i686-mingw32/bin/../lib/gcc/nios2-elf/4.7.3/../../../../../H-i686-mingw32/nios2-elf/lib\libc.a(lib_a-atexit.o)
 .debug_line    0x00001ceb      0x219 c:/altera/13.1/nios2eds/bin/gnu/h-i686-mingw32/bin/../lib/gcc/nios2-elf/4.7.3/../../../../../H-i686-mingw32/nios2-elf/lib\libc.a(lib_a-exit.o)
 .debug_line    0x00001f04      0x173 c:/altera/13.1/nios2eds/bin/gnu/h-i686-mingw32/bin/../lib/gcc/nios2-elf/4.7.3/../../../../../H-i686-mingw32/nios2-elf/lib\libc.a(lib_a-impure.o)
 .debug_line    0x00002077       0x5d c:/altera/13.1/nios2eds/bin/gnu/h-i686-mingw32/bin/../lib/gcc/nios2-elf/4.7.3/../../../../../H-i686-mingw32/nios2-elf/lib\libc.a(lib_a-int_errno.o)
 .debug_line    0x000020d4      0x18d c:/altera/13.1/nios2eds/bin/gnu/h-i686-mingw32/bin/../lib/gcc/nios2-elf/4.7.3/../../../../../H-i686-mingw32/nios2-elf/lib\libc.a(lib_a-memcmp.o)
 .debug_line    0x00002261      0x13d c:/altera/13.1/nios2eds/bin/gnu/h-i686-mingw32/bin/../lib/gcc/nios2-elf/4.7.3/../../../../../H-i686-mingw32/nios2-elf/lib\libc.a(lib_a-memcpy.o)
 .debug_line    0x0000239e      0x182 c:/altera/13.1/nios2eds/bin/gnu/h-i686-mingw32/bin/../lib/gcc/nios2-elf/4.7.3/../../../../../H-i686-mingw32/nios2-elf/lib\libc.a(lib_a-strlen.o)
 .debug_line    0x00002520      0x250 c:/altera/13.1/nios2eds/bin/gnu/h-i686-mingw32/bin/../lib/gcc/nios2-elf/4.7.3/../../../../../H-i686-mingw32/nios2-elf/lib\libc.a(lib_a-__atexit.o)
 .debug_line    0x00002770      0x264 c:/altera/13.1/nios2eds/bin/gnu/h-i686-mingw32/bin/../lib/gcc/nios2-elf/4.7.3/../../../../../H-i686-mingw32/nios2-elf/lib\libc.a(lib_a-__call_atexit.o)
 .debug_line    0x000029d4       0x71 ../leds_controller_bsp/\libhal_bsp.a(alt_exit.o)

.debug_frame    0x00000000      0x82c
 *(.debug_frame)
 .debug_frame   0x00000000       0x2c obj/default/main.o
 .debug_frame   0x0000002c       0x48 ../leds_controller_bsp/\libhal_bsp.a(alt_load.o)
 .debug_frame   0x00000074       0x2c ../leds_controller_bsp/\libhal_bsp.a(alt_main.o)
 .debug_frame   0x000000a0       0x64 ../leds_controller_bsp/\libhal_bsp.a(alt_sys_init.o)
 .debug_frame   0x00000104       0x80 ../leds_controller_bsp/\libhal_bsp.a(altera_avalon_jtag_uart_fd.o)
 .debug_frame   0x00000184       0x80 ../leds_controller_bsp/\libhal_bsp.a(altera_avalon_jtag_uart_init.o)
 .debug_frame   0x00000204       0x2c ../leds_controller_bsp/\libhal_bsp.a(altera_avalon_jtag_uart_ioctl.o)
 .debug_frame   0x00000230       0x2c ../leds_controller_bsp/\libhal_bsp.a(altera_avalon_jtag_uart_read.o)
 .debug_frame   0x0000025c       0x2c ../leds_controller_bsp/\libhal_bsp.a(altera_avalon_jtag_uart_write.o)
 .debug_frame   0x00000288       0x2c ../leds_controller_bsp/\libhal_bsp.a(alt_alarm_start.o)
 .debug_frame   0x000002b4       0x48 ../leds_controller_bsp/\libhal_bsp.a(alt_close.o)
 .debug_frame   0x000002fc       0x2c ../leds_controller_bsp/\libhal_bsp.a(alt_dcache_flush_all.o)
 .debug_frame   0x00000328       0x2c ../leds_controller_bsp/\libhal_bsp.a(alt_dev.o)
 .debug_frame   0x00000354       0x48 ../leds_controller_bsp/\libhal_bsp.a(alt_dev_llist_insert.o)
 .debug_frame   0x0000039c       0x2c ../leds_controller_bsp/\libhal_bsp.a(alt_do_ctors.o)
 .debug_frame   0x000003c8       0x2c ../leds_controller_bsp/\libhal_bsp.a(alt_do_dtors.o)
 .debug_frame   0x000003f4       0x2c ../leds_controller_bsp/\libhal_bsp.a(alt_icache_flush_all.o)
 .debug_frame   0x00000420       0x80 ../leds_controller_bsp/\libhal_bsp.a(alt_iic.o)
 .debug_frame   0x000004a0       0x2c ../leds_controller_bsp/\libhal_bsp.a(alt_iic_isr_register.o)
 .debug_frame   0x000004cc       0x48 ../leds_controller_bsp/\libhal_bsp.a(alt_io_redirect.o)
 .debug_frame   0x00000514       0x2c ../leds_controller_bsp/\libhal_bsp.a(alt_irq_handler.o)
 .debug_frame   0x00000540       0x64 ../leds_controller_bsp/\libhal_bsp.a(alt_open.o)
 .debug_frame   0x000005a4       0x2c ../leds_controller_bsp/\libhal_bsp.a(alt_release_fd.o)
 .debug_frame   0x000005d0       0x48 ../leds_controller_bsp/\libhal_bsp.a(alt_tick.o)
 .debug_frame   0x00000618       0x2c ../leds_controller_bsp/\libhal_bsp.a(altera_nios2_qsys_irq.o)
 .debug_frame   0x00000644       0x2c ../leds_controller_bsp/\libhal_bsp.a(alt_find_dev.o)
 .debug_frame   0x00000670       0x2c ../leds_controller_bsp/\libhal_bsp.a(alt_find_file.o)
 .debug_frame   0x0000069c       0x2c ../leds_controller_bsp/\libhal_bsp.a(alt_get_fd.o)
 .debug_frame   0x000006c8       0x2c ../leds_controller_bsp/\libhal_bsp.a(alt_icache_flush.o)
 .debug_frame   0x000006f4       0x20 c:/altera/13.1/nios2eds/bin/gnu/h-i686-mingw32/bin/../lib/gcc/nios2-elf/4.7.3/../../../../../H-i686-mingw32/nios2-elf/lib\libc.a(lib_a-atexit.o)
 .debug_frame   0x00000714       0x28 c:/altera/13.1/nios2eds/bin/gnu/h-i686-mingw32/bin/../lib/gcc/nios2-elf/4.7.3/../../../../../H-i686-mingw32/nios2-elf/lib\libc.a(lib_a-exit.o)
 .debug_frame   0x0000073c       0x20 c:/altera/13.1/nios2eds/bin/gnu/h-i686-mingw32/bin/../lib/gcc/nios2-elf/4.7.3/../../../../../H-i686-mingw32/nios2-elf/lib\libc.a(lib_a-memcmp.o)
 .debug_frame   0x0000075c       0x20 c:/altera/13.1/nios2eds/bin/gnu/h-i686-mingw32/bin/../lib/gcc/nios2-elf/4.7.3/../../../../../H-i686-mingw32/nios2-elf/lib\libc.a(lib_a-memcpy.o)
 .debug_frame   0x0000077c       0x20 c:/altera/13.1/nios2eds/bin/gnu/h-i686-mingw32/bin/../lib/gcc/nios2-elf/4.7.3/../../../../../H-i686-mingw32/nios2-elf/lib\libc.a(lib_a-strlen.o)
 .debug_frame   0x0000079c       0x2c c:/altera/13.1/nios2eds/bin/gnu/h-i686-mingw32/bin/../lib/gcc/nios2-elf/4.7.3/../../../../../H-i686-mingw32/nios2-elf/lib\libc.a(lib_a-__atexit.o)
 .debug_frame   0x000007c8       0x38 c:/altera/13.1/nios2eds/bin/gnu/h-i686-mingw32/bin/../lib/gcc/nios2-elf/4.7.3/../../../../../H-i686-mingw32/nios2-elf/lib\libc.a(lib_a-__call_atexit.o)
 .debug_frame   0x00000800       0x2c ../leds_controller_bsp/\libhal_bsp.a(alt_exit.o)

.debug_str      0x00000000     0x14d0
 *(.debug_str)
 .debug_str     0x00000000       0xaa obj/default/main.o
                                 0xf5 (size before relaxing)
 .debug_str     0x000000aa      0x127 ../leds_controller_bsp/\libhal_bsp.a(alt_load.o)
                                0x1c5 (size before relaxing)
 .debug_str     0x000001d1       0x70 ../leds_controller_bsp/\libhal_bsp.a(alt_main.o)
                                0x150 (size before relaxing)
 .debug_str     0x00000241      0x194 ../leds_controller_bsp/\libhal_bsp.a(alt_sys_init.o)
                                0x304 (size before relaxing)
 .debug_str     0x000003d5       0xb9 ../leds_controller_bsp/\libhal_bsp.a(altera_avalon_jtag_uart_fd.o)
                                0x357 (size before relaxing)
 .debug_str     0x0000048e       0xd1 ../leds_controller_bsp/\libhal_bsp.a(altera_avalon_jtag_uart_init.o)
                                0x2eb (size before relaxing)
 .debug_str     0x0000055f       0x4a ../leds_controller_bsp/\libhal_bsp.a(altera_avalon_jtag_uart_ioctl.o)
                                0x246 (size before relaxing)
 .debug_str     0x000005a9       0x7f ../leds_controller_bsp/\libhal_bsp.a(altera_avalon_jtag_uart_read.o)
                                0x29b (size before relaxing)
 .debug_str     0x00000628       0x4a ../leds_controller_bsp/\libhal_bsp.a(altera_avalon_jtag_uart_write.o)
                                0x29c (size before relaxing)
 .debug_str     0x00000672       0x5f ../leds_controller_bsp/\libhal_bsp.a(alt_alarm_start.o)
                                0x231 (size before relaxing)
 .debug_str     0x000006d1       0x44 ../leds_controller_bsp/\libhal_bsp.a(alt_close.o)
                                0x1be (size before relaxing)
 .debug_str     0x00000715       0x34 ../leds_controller_bsp/\libhal_bsp.a(alt_dcache_flush_all.o)
                                0x108 (size before relaxing)
 .debug_str     0x00000749      0x120 ../leds_controller_bsp/\libhal_bsp.a(alt_dev.o)
                                0x2b8 (size before relaxing)
 .debug_str     0x00000869       0x34 ../leds_controller_bsp/\libhal_bsp.a(alt_dev_llist_insert.o)
                                0x17f (size before relaxing)
 .debug_str     0x0000089d       0x48 ../leds_controller_bsp/\libhal_bsp.a(alt_do_ctors.o)
                                 0x8f (size before relaxing)
 .debug_str     0x000008e5       0x4c ../leds_controller_bsp/\libhal_bsp.a(alt_do_dtors.o)
                                 0x8e (size before relaxing)
 .debug_str     0x00000931       0x14 ../leds_controller_bsp/\libhal_bsp.a(alt_errno.o)
                                 0xf8 (size before relaxing)
 .debug_str     0x00000945       0x34 ../leds_controller_bsp/\libhal_bsp.a(alt_icache_flush_all.o)
                                0x108 (size before relaxing)
 .debug_str     0x00000979       0xc4 ../leds_controller_bsp/\libhal_bsp.a(alt_iic.o)
                                0x1f1 (size before relaxing)
 .debug_str     0x00000a3d       0x4c ../leds_controller_bsp/\libhal_bsp.a(alt_iic_isr_register.o)
                                0x19b (size before relaxing)
 .debug_str     0x00000a89       0x56 ../leds_controller_bsp/\libhal_bsp.a(alt_io_redirect.o)
                                0x2c9 (size before relaxing)
 .debug_str     0x00000adf       0x3a ../leds_controller_bsp/\libhal_bsp.a(alt_irq_handler.o)
                                0x14a (size before relaxing)
 .debug_str     0x00000b19       0x17 ../leds_controller_bsp/\libhal_bsp.a(alt_irq_vars.o)
                                 0xf9 (size before relaxing)
 .debug_str     0x00000b30       0x2f ../leds_controller_bsp/\libhal_bsp.a(alt_open.o)
                                0x1fe (size before relaxing)
 .debug_str     0x00000b5f       0x28 ../leds_controller_bsp/\libhal_bsp.a(alt_release_fd.o)
                                0x192 (size before relaxing)
 .debug_str     0x00000b87       0x4a ../leds_controller_bsp/\libhal_bsp.a(alt_tick.o)
                                0x205 (size before relaxing)
 .debug_str     0x00000bd1       0x3b ../leds_controller_bsp/\libhal_bsp.a(altera_nios2_qsys_irq.o)
                                0x10f (size before relaxing)
 .debug_str     0x00000c0c       0x24 ../leds_controller_bsp/\libhal_bsp.a(alt_find_dev.o)
                                0x19f (size before relaxing)
 .debug_str     0x00000c30       0x26 ../leds_controller_bsp/\libhal_bsp.a(alt_find_file.o)
                                0x1ad (size before relaxing)
 .debug_str     0x00000c56       0x30 ../leds_controller_bsp/\libhal_bsp.a(alt_get_fd.o)
                                0x1cf (size before relaxing)
 .debug_str     0x00000c86       0x2c ../leds_controller_bsp/\libhal_bsp.a(alt_icache_flush.o)
                                0x10e (size before relaxing)
 .debug_str     0x00000cb2      0x15c c:/altera/13.1/nios2eds/bin/gnu/h-i686-mingw32/bin/../lib/gcc/nios2-elf/4.7.3/../../../../../H-i686-mingw32/nios2-elf/lib\libc.a(lib_a-atexit.o)
                                0x20f (size before relaxing)
 .debug_str     0x00000e0e      0x359 c:/altera/13.1/nios2eds/bin/gnu/h-i686-mingw32/bin/../lib/gcc/nios2-elf/4.7.3/../../../../../H-i686-mingw32/nios2-elf/lib\libc.a(lib_a-exit.o)
                                0x52f (size before relaxing)
 .debug_str     0x00001167       0xd4 c:/altera/13.1/nios2eds/bin/gnu/h-i686-mingw32/bin/../lib/gcc/nios2-elf/4.7.3/../../../../../H-i686-mingw32/nios2-elf/lib\libc.a(lib_a-impure.o)
                                0x526 (size before relaxing)
 .debug_str     0x0000123b       0x3d c:/altera/13.1/nios2eds/bin/gnu/h-i686-mingw32/bin/../lib/gcc/nios2-elf/4.7.3/../../../../../H-i686-mingw32/nios2-elf/lib\libc.a(lib_a-int_errno.o)
                                0x16f (size before relaxing)
 .debug_str     0x00001278       0xd8 c:/altera/13.1/nios2eds/bin/gnu/h-i686-mingw32/bin/../lib/gcc/nios2-elf/4.7.3/../../../../../H-i686-mingw32/nios2-elf/lib\libc.a(lib_a-memcmp.o)
                                0x176 (size before relaxing)
 .debug_str     0x00001350       0x69 c:/altera/13.1/nios2eds/bin/gnu/h-i686-mingw32/bin/../lib/gcc/nios2-elf/4.7.3/../../../../../H-i686-mingw32/nios2-elf/lib\libc.a(lib_a-memcpy.o)
                                0x126 (size before relaxing)
 .debug_str     0x000013b9       0x4f c:/altera/13.1/nios2eds/bin/gnu/h-i686-mingw32/bin/../lib/gcc/nios2-elf/4.7.3/../../../../../H-i686-mingw32/nios2-elf/lib\libc.a(lib_a-strlen.o)
                                0x189 (size before relaxing)
 .debug_str     0x00001408       0x3d c:/altera/13.1/nios2eds/bin/gnu/h-i686-mingw32/bin/../lib/gcc/nios2-elf/4.7.3/../../../../../H-i686-mingw32/nios2-elf/lib\libc.a(lib_a-__atexit.o)
                                0x573 (size before relaxing)
 .debug_str     0x00001445       0x61 c:/altera/13.1/nios2eds/bin/gnu/h-i686-mingw32/bin/../lib/gcc/nios2-elf/4.7.3/../../../../../H-i686-mingw32/nios2-elf/lib\libc.a(lib_a-__call_atexit.o)
                                0x551 (size before relaxing)
 .debug_str     0x000014a6       0x2a ../leds_controller_bsp/\libhal_bsp.a(alt_exit.o)
                                0x104 (size before relaxing)

.debug_loc      0x00000000      0xf66
 *(.debug_loc)
 .debug_loc     0x00000000       0x2c obj/default/main.o
 .debug_loc     0x0000002c       0x58 ../leds_controller_bsp/\libhal_bsp.a(alt_load.o)
 .debug_loc     0x00000084       0x2c ../leds_controller_bsp/\libhal_bsp.a(alt_main.o)
 .debug_loc     0x000000b0       0x84 ../leds_controller_bsp/\libhal_bsp.a(alt_sys_init.o)
 .debug_loc     0x00000134       0xb0 ../leds_controller_bsp/\libhal_bsp.a(altera_avalon_jtag_uart_fd.o)
 .debug_loc     0x000001e4       0xb0 ../leds_controller_bsp/\libhal_bsp.a(altera_avalon_jtag_uart_init.o)
 .debug_loc     0x00000294       0x2c ../leds_controller_bsp/\libhal_bsp.a(altera_avalon_jtag_uart_ioctl.o)
 .debug_loc     0x000002c0       0x2c ../leds_controller_bsp/\libhal_bsp.a(altera_avalon_jtag_uart_read.o)
 .debug_loc     0x000002ec       0x2c ../leds_controller_bsp/\libhal_bsp.a(altera_avalon_jtag_uart_write.o)
 .debug_loc     0x00000318       0x2c ../leds_controller_bsp/\libhal_bsp.a(alt_alarm_start.o)
 .debug_loc     0x00000344       0x58 ../leds_controller_bsp/\libhal_bsp.a(alt_close.o)
 .debug_loc     0x0000039c       0x2c ../leds_controller_bsp/\libhal_bsp.a(alt_dcache_flush_all.o)
 .debug_loc     0x000003c8       0x2c ../leds_controller_bsp/\libhal_bsp.a(alt_dev.o)
 .debug_loc     0x000003f4       0x58 ../leds_controller_bsp/\libhal_bsp.a(alt_dev_llist_insert.o)
 .debug_loc     0x0000044c       0x2c ../leds_controller_bsp/\libhal_bsp.a(alt_do_ctors.o)
 .debug_loc     0x00000478       0x2c ../leds_controller_bsp/\libhal_bsp.a(alt_do_dtors.o)
 .debug_loc     0x000004a4       0x2c ../leds_controller_bsp/\libhal_bsp.a(alt_icache_flush_all.o)
 .debug_loc     0x000004d0       0xb0 ../leds_controller_bsp/\libhal_bsp.a(alt_iic.o)
 .debug_loc     0x00000580       0x2c ../leds_controller_bsp/\libhal_bsp.a(alt_iic_isr_register.o)
 .debug_loc     0x000005ac       0x58 ../leds_controller_bsp/\libhal_bsp.a(alt_io_redirect.o)
 .debug_loc     0x00000604       0x2c ../leds_controller_bsp/\libhal_bsp.a(alt_irq_handler.o)
 .debug_loc     0x00000630       0x84 ../leds_controller_bsp/\libhal_bsp.a(alt_open.o)
 .debug_loc     0x000006b4       0x2c ../leds_controller_bsp/\libhal_bsp.a(alt_release_fd.o)
 .debug_loc     0x000006e0       0x58 ../leds_controller_bsp/\libhal_bsp.a(alt_tick.o)
 .debug_loc     0x00000738       0x2c ../leds_controller_bsp/\libhal_bsp.a(altera_nios2_qsys_irq.o)
 .debug_loc     0x00000764       0x2c ../leds_controller_bsp/\libhal_bsp.a(alt_find_dev.o)
 .debug_loc     0x00000790       0x2c ../leds_controller_bsp/\libhal_bsp.a(alt_find_file.o)
 .debug_loc     0x000007bc       0x2c ../leds_controller_bsp/\libhal_bsp.a(alt_get_fd.o)
 .debug_loc     0x000007e8       0x2c ../leds_controller_bsp/\libhal_bsp.a(alt_icache_flush.o)
 .debug_loc     0x00000814       0x2c c:/altera/13.1/nios2eds/bin/gnu/h-i686-mingw32/bin/../lib/gcc/nios2-elf/4.7.3/../../../../../H-i686-mingw32/nios2-elf/lib\libc.a(lib_a-atexit.o)
 .debug_loc     0x00000840       0x3e c:/altera/13.1/nios2eds/bin/gnu/h-i686-mingw32/bin/../lib/gcc/nios2-elf/4.7.3/../../../../../H-i686-mingw32/nios2-elf/lib\libc.a(lib_a-exit.o)
 .debug_loc     0x0000087e      0x103 c:/altera/13.1/nios2eds/bin/gnu/h-i686-mingw32/bin/../lib/gcc/nios2-elf/4.7.3/../../../../../H-i686-mingw32/nios2-elf/lib\libc.a(lib_a-memcmp.o)
 .debug_loc     0x00000981      0x1f2 c:/altera/13.1/nios2eds/bin/gnu/h-i686-mingw32/bin/../lib/gcc/nios2-elf/4.7.3/../../../../../H-i686-mingw32/nios2-elf/lib\libc.a(lib_a-memcpy.o)
 .debug_loc     0x00000b73       0x52 c:/altera/13.1/nios2eds/bin/gnu/h-i686-mingw32/bin/../lib/gcc/nios2-elf/4.7.3/../../../../../H-i686-mingw32/nios2-elf/lib\libc.a(lib_a-strlen.o)
 .debug_loc     0x00000bc5      0x194 c:/altera/13.1/nios2eds/bin/gnu/h-i686-mingw32/bin/../lib/gcc/nios2-elf/4.7.3/../../../../../H-i686-mingw32/nios2-elf/lib\libc.a(lib_a-__atexit.o)
 .debug_loc     0x00000d59      0x1e1 c:/altera/13.1/nios2eds/bin/gnu/h-i686-mingw32/bin/../lib/gcc/nios2-elf/4.7.3/../../../../../H-i686-mingw32/nios2-elf/lib\libc.a(lib_a-__call_atexit.o)
 .debug_loc     0x00000f3a       0x2c ../leds_controller_bsp/\libhal_bsp.a(alt_exit.o)

.debug_macinfo
 *(.debug_macinfo)

.debug_weaknames
 *(.debug_weaknames)

.debug_funcnames
 *(.debug_funcnames)

.debug_typenames
 *(.debug_typenames)

.debug_varnames
 *(.debug_varnames)

.debug_alt_sim_info
                0x00000000       0x30
 *(.debug_alt_sim_info)
 .debug_alt_sim_info
                0x00000000       0x30 ../leds_controller_bsp//obj/HAL/src/crt0.o
                0x00001000                __alt_data_end = 0x1000
                0x00001000                PROVIDE (__alt_stack_pointer, __alt_data_end)
                0x000053bc                PROVIDE (__alt_stack_limit, __alt_stack_base)
                0x000053bc                PROVIDE (__alt_heap_start, end)
                0x00001000                PROVIDE (__alt_heap_limit, 0x1000)
OUTPUT(leds_controller.elf elf32-littlenios2)

.debug_ranges   0x00000000      0x118
 .debug_ranges  0x00000000       0x20 ../leds_controller_bsp//obj/HAL/src/crt0.o
 .debug_ranges  0x00000020       0x30 ../leds_controller_bsp/\libhal_bsp.a(altera_avalon_jtag_uart_init.o)
 .debug_ranges  0x00000050       0x18 ../leds_controller_bsp/\libhal_bsp.a(altera_avalon_jtag_uart_read.o)
 .debug_ranges  0x00000068       0x30 ../leds_controller_bsp/\libhal_bsp.a(alt_iic.o)
 .debug_ranges  0x00000098       0x28 ../leds_controller_bsp/\libhal_bsp.a(alt_irq_entry.o)
 .debug_ranges  0x000000c0       0x10 ../leds_controller_bsp/\libhal_bsp.a(alt_irq_handler.o)
 .debug_ranges  0x000000d0       0x30 ../leds_controller_bsp/\libhal_bsp.a(alt_exception_entry.o)
 .debug_ranges  0x00000100       0x18 c:/altera/13.1/nios2eds/bin/gnu/h-i686-mingw32/bin/../lib/gcc/nios2-elf/4.7.3/../../../../../H-i686-mingw32/nios2-elf/lib\libc.a(lib_a-__call_atexit.o)
