Archive member included to satisfy reference by file (symbol)

c:/intelfpga_lite/18.1/nios2eds/bin/gnu/h-x86_64-mingw32/bin/../lib/gcc/nios2-elf/5.3.0/mno-hw-mul\libgcc.a(lib2-mul.o)
                              obj/default/main.o (__mulsi3)
c:/intelfpga_lite/18.1/nios2eds/bin/gnu/h-x86_64-mingw32/bin/../lib/gcc/nios2-elf/5.3.0/../../../../../H-x86_64-mingw32/nios2-elf/lib/mno-hw-mul\libsmallc.a(lib_a-memcpy.o)
                              obj/default/main.o (memcpy)
../problem2_tests_bsp/\libhal_bsp.a(alt_load.o)
                              ../problem2_tests_bsp//obj/HAL/src/crt0.o (alt_load)
../problem2_tests_bsp/\libhal_bsp.a(alt_main.o)
                              ../problem2_tests_bsp//obj/HAL/src/crt0.o (alt_main)
../problem2_tests_bsp/\libhal_bsp.a(alt_putstr.o)
                              obj/default/main.o (alt_putstr)
../problem2_tests_bsp/\libhal_bsp.a(alt_usleep.o)
                              obj/default/main.o (usleep)
../problem2_tests_bsp/\libhal_bsp.a(alt_sys_init.o)
                              ../problem2_tests_bsp/\libhal_bsp.a(alt_main.o) (alt_irq_init)
../problem2_tests_bsp/\libhal_bsp.a(altera_avalon_uart_write.o)
                              ../problem2_tests_bsp/\libhal_bsp.a(alt_putstr.o) (altera_avalon_uart_write)
../problem2_tests_bsp/\libhal_bsp.a(alt_busy_sleep.o)
                              ../problem2_tests_bsp/\libhal_bsp.a(alt_usleep.o) (alt_busy_sleep)
../problem2_tests_bsp/\libhal_bsp.a(alt_dcache_flush_all.o)
                              ../problem2_tests_bsp/\libhal_bsp.a(alt_load.o) (alt_dcache_flush_all)
../problem2_tests_bsp/\libhal_bsp.a(alt_errno.o)
                              ../problem2_tests_bsp/\libhal_bsp.a(altera_avalon_uart_write.o) (alt_errno)
../problem2_tests_bsp/\libhal_bsp.a(alt_icache_flush_all.o)
                              ../problem2_tests_bsp/\libhal_bsp.a(alt_load.o) (alt_icache_flush_all)
../problem2_tests_bsp/\libhal_bsp.a(altera_nios2_gen2_irq.o)
                              ../problem2_tests_bsp/\libhal_bsp.a(alt_sys_init.o) (altera_nios2_gen2_irq_init)
c:/intelfpga_lite/18.1/nios2eds/bin/gnu/h-x86_64-mingw32/bin/../lib/gcc/nios2-elf/5.3.0/../../../../../H-x86_64-mingw32/nios2-elf/lib/mno-hw-mul\libsmallc.a(lib_a-int_errno.o)
                              ../problem2_tests_bsp/\libhal_bsp.a(altera_avalon_uart_write.o) (errno)
c:/intelfpga_lite/18.1/nios2eds/bin/gnu/h-x86_64-mingw32/bin/../lib/gcc/nios2-elf/5.3.0/../../../../../H-x86_64-mingw32/nios2-elf/lib/mno-hw-mul\libsmallc.a(lib_a-strlen.o)
                              ../problem2_tests_bsp/\libhal_bsp.a(alt_putstr.o) (strlen)
c:/intelfpga_lite/18.1/nios2eds/bin/gnu/h-x86_64-mingw32/bin/../lib/gcc/nios2-elf/5.3.0/mno-hw-mul\libgcc.a(lib2-divmod.o)
                              ../problem2_tests_bsp/\libhal_bsp.a(alt_busy_sleep.o) (__udivsi3)

Allocating common symbols
Common symbol       size              file

errno               0x4               c:/intelfpga_lite/18.1/nios2eds/bin/gnu/h-x86_64-mingw32/bin/../lib/gcc/nios2-elf/5.3.0/../../../../../H-x86_64-mingw32/nios2-elf/lib/mno-hw-mul\libsmallc.a(lib_a-int_errno.o)

Memory Configuration

Name             Origin             Length             Attributes
reset            0x0000000000000000 0x0000000000000020
memory           0x0000000000000020 0x0000000000003fe0
*default*        0x0000000000000000 0xffffffffffffffff

Linker script and memory map

LOAD ../problem2_tests_bsp//obj/HAL/src/crt0.o
LOAD obj/default/main.o
LOAD c:/intelfpga_lite/18.1/nios2eds/bin/gnu/h-x86_64-mingw32/bin/../lib/gcc/nios2-elf/5.3.0/../../../../../H-x86_64-mingw32/nios2-elf/lib/mno-hw-mul\libstdc++.a
LOAD c:/intelfpga_lite/18.1/nios2eds/bin/gnu/h-x86_64-mingw32/bin/../lib/gcc/nios2-elf/5.3.0/../../../../../H-x86_64-mingw32/nios2-elf/lib/mno-hw-mul\libm.a
LOAD c:/intelfpga_lite/18.1/nios2eds/bin/gnu/h-x86_64-mingw32/bin/../lib/gcc/nios2-elf/5.3.0/mno-hw-mul\libgcc.a
START GROUP
LOAD c:/intelfpga_lite/18.1/nios2eds/bin/gnu/h-x86_64-mingw32/bin/../lib/gcc/nios2-elf/5.3.0/../../../../../H-x86_64-mingw32/nios2-elf/lib/mno-hw-mul\libsmallc.a
LOAD c:/intelfpga_lite/18.1/nios2eds/bin/gnu/h-x86_64-mingw32/bin/../lib/gcc/nios2-elf/5.3.0/mno-hw-mul\libgcc.a
LOAD ../problem2_tests_bsp/\libhal_bsp.a
LOAD c:/intelfpga_lite/18.1/nios2eds/bin/gnu/h-x86_64-mingw32/bin/../lib/gcc/nios2-elf/5.3.0/../../../../../H-x86_64-mingw32/nios2-elf/lib/mno-hw-mul\libm.a
END GROUP
LOAD c:/intelfpga_lite/18.1/nios2eds/bin/gnu/h-x86_64-mingw32/bin/../lib/gcc/nios2-elf/5.3.0/mno-hw-mul\libgcc.a
                0x0000000000000000                __alt_mem_memory = 0x0

.entry          0x0000000000000000       0x20
 *(.entry)
 .entry         0x0000000000000000       0x20 ../problem2_tests_bsp//obj/HAL/src/crt0.o
                0x0000000000000000                __reset
                0x000000000000000c                _exit

.exceptions     0x0000000000000020        0x0
                0x0000000000000020                PROVIDE (__ram_exceptions_start, ABSOLUTE (.))
                0x0000000000000020                . = ALIGN (0x20)
 *(.irq)
 *(.exceptions.entry.label)
 *(.exceptions.entry.user)
 *(.exceptions.entry.ecc_fatal)
 *(.exceptions.entry)
 *(.exceptions.irqtest.user)
 *(.exceptions.irqtest)
 *(.exceptions.irqhandler.user)
 *(.exceptions.irqhandler)
 *(.exceptions.irqreturn.user)
 *(.exceptions.irqreturn)
 *(.exceptions.notirq.label)
 *(.exceptions.notirq.user)
 *(.exceptions.notirq)
 *(.exceptions.soft.user)
 *(.exceptions.soft)
 *(.exceptions.unknown.user)
 *(.exceptions.unknown)
 *(.exceptions.exit.label)
 *(.exceptions.exit.user)
 *(.exceptions.exit)
 *(.exceptions)
                0x0000000000000020                PROVIDE (__ram_exceptions_end, ABSOLUTE (.))
                0x0000000000000020                PROVIDE (__flash_exceptions_start, LOADADDR (.exceptions))

.text           0x0000000000000020      0x7ec
                [!provide]                        PROVIDE (stext, ABSOLUTE (.))
 *(.interp)
 *(.hash)
 *(.dynsym)
 *(.dynstr)
 *(.gnu.version)
 *(.gnu.version_d)
 *(.gnu.version_r)
 *(.rel.init)
 *(.rela.init)
 *(.rel.text .rel.text.* .rel.gnu.linkonce.t.*)
 *(.rela.text .rela.text.* .rela.gnu.linkonce.t.*)
 *(.rel.fini)
 *(.rela.fini)
 *(.rel.rodata .rel.rodata.* .rel.gnu.linkonce.r.*)
 *(.rela.rodata .rela.rodata.* .rela.gnu.linkonce.r.*)
 *(.rel.data .rel.data.* .rel.gnu.linkonce.d.*)
 *(.rela.data .rela.data.* .rela.gnu.linkonce.d.*)
 *(.rel.tdata .rel.tdata.* .rel.gnu.linkonce.td.*)
 *(.rela.tdata .rela.tdata.* .rela.gnu.linkonce.td.*)
 *(.rel.tbss .rel.tbss.* .rel.gnu.linkonce.tb.*)
 *(.rela.tbss .rela.tbss.* .rela.gnu.linkonce.tb.*)
 *(.rel.ctors)
 *(.rela.ctors)
 *(.rel.dtors)
 *(.rela.dtors)
 *(.rel.got)
 *(.rela.got)
 *(.rel.sdata .rel.sdata.* .rel.gnu.linkonce.s.*)
 *(.rela.sdata .rela.sdata.* .rela.gnu.linkonce.s.*)
 *(.rel.sbss .rel.sbss.* .rel.gnu.linkonce.sb.*)
 *(.rela.sbss .rela.sbss.* .rela.gnu.linkonce.sb.*)
 *(.rel.sdata2 .rel.sdata2.* .rel.gnu.linkonce.s2.*)
 *(.rela.sdata2 .rela.sdata2.* .rela.gnu.linkonce.s2.*)
 *(.rel.sbss2 .rel.sbss2.* .rel.gnu.linkonce.sb2.*)
 *(.rela.sbss2 .rela.sbss2.* .rela.gnu.linkonce.sb2.*)
 *(.rel.bss .rel.bss.* .rel.gnu.linkonce.b.*)
 *(.rela.bss .rela.bss.* .rela.gnu.linkonce.b.*)
 *(.rel.plt)
 *(.rela.plt)
 *(.rel.dyn)
 *(.init)
 *(.plt)
 *(.text .stub .text.* .gnu.linkonce.t.*)
 .text          0x0000000000000020       0x3c ../problem2_tests_bsp//obj/HAL/src/crt0.o
                0x0000000000000020                _start
 .text          0x000000000000005c      0x240 obj/default/main.o
                0x000000000000005c                enable
                0x0000000000000090                clear_display
                0x00000000000000c0                write_text
                0x0000000000000148                init_lcd
                0x0000000000000228                sendAT
 .text.startup  0x000000000000029c       0xc8 obj/default/main.o
                0x000000000000029c                main
 .text          0x0000000000000364       0x28 c:/intelfpga_lite/18.1/nios2eds/bin/gnu/h-x86_64-mingw32/bin/../lib/gcc/nios2-elf/5.3.0/mno-hw-mul\libgcc.a(lib2-mul.o)
                0x0000000000000364                __mulsi3
 .text          0x000000000000038c        0x0 c:/intelfpga_lite/18.1/nios2eds/bin/gnu/h-x86_64-mingw32/bin/../lib/gcc/nios2-elf/5.3.0/../../../../../H-x86_64-mingw32/nios2-elf/lib/mno-hw-mul\libsmallc.a(lib_a-memcpy.o)
 .text.memcpy   0x000000000000038c       0x28 c:/intelfpga_lite/18.1/nios2eds/bin/gnu/h-x86_64-mingw32/bin/../lib/gcc/nios2-elf/5.3.0/../../../../../H-x86_64-mingw32/nios2-elf/lib/mno-hw-mul\libsmallc.a(lib_a-memcpy.o)
                0x000000000000038c                memcpy
 .text          0x00000000000003b4       0xe0 ../problem2_tests_bsp/\libhal_bsp.a(alt_load.o)
                0x00000000000003b4                alt_load
 .text          0x0000000000000494       0x2c ../problem2_tests_bsp/\libhal_bsp.a(alt_main.o)
                0x0000000000000494                alt_main
 .text          0x00000000000004c0       0x38 ../problem2_tests_bsp/\libhal_bsp.a(alt_putstr.o)
                0x00000000000004c0                alt_putstr
 .text          0x00000000000004f8        0x4 ../problem2_tests_bsp/\libhal_bsp.a(alt_usleep.o)
                0x00000000000004f8                usleep
 .text          0x00000000000004fc       0x24 ../problem2_tests_bsp/\libhal_bsp.a(alt_sys_init.o)
                0x00000000000004fc                alt_irq_init
                0x000000000000051c                alt_sys_init
 .text          0x0000000000000520       0x84 ../problem2_tests_bsp/\libhal_bsp.a(altera_avalon_uart_write.o)
                0x0000000000000520                altera_avalon_uart_write
 .text          0x00000000000005a4       0x88 ../problem2_tests_bsp/\libhal_bsp.a(alt_busy_sleep.o)
                0x00000000000005a4                alt_busy_sleep
 .text          0x000000000000062c        0x4 ../problem2_tests_bsp/\libhal_bsp.a(alt_dcache_flush_all.o)
                0x000000000000062c                alt_dcache_flush_all
 .text          0x0000000000000630        0x0 ../problem2_tests_bsp/\libhal_bsp.a(alt_errno.o)
 .text          0x0000000000000630        0x4 ../problem2_tests_bsp/\libhal_bsp.a(alt_icache_flush_all.o)
                0x0000000000000630                alt_icache_flush_all
 .text          0x0000000000000634        0x8 ../problem2_tests_bsp/\libhal_bsp.a(altera_nios2_gen2_irq.o)
                0x0000000000000634                altera_nios2_gen2_irq_init
 .text          0x000000000000063c        0x0 c:/intelfpga_lite/18.1/nios2eds/bin/gnu/h-x86_64-mingw32/bin/../lib/gcc/nios2-elf/5.3.0/../../../../../H-x86_64-mingw32/nios2-elf/lib/mno-hw-mul\libsmallc.a(lib_a-int_errno.o)
 .text          0x000000000000063c        0x0 c:/intelfpga_lite/18.1/nios2eds/bin/gnu/h-x86_64-mingw32/bin/../lib/gcc/nios2-elf/5.3.0/../../../../../H-x86_64-mingw32/nios2-elf/lib/mno-hw-mul\libsmallc.a(lib_a-strlen.o)
 .text.strlen   0x000000000000063c       0x1c c:/intelfpga_lite/18.1/nios2eds/bin/gnu/h-x86_64-mingw32/bin/../lib/gcc/nios2-elf/5.3.0/../../../../../H-x86_64-mingw32/nios2-elf/lib/mno-hw-mul\libsmallc.a(lib_a-strlen.o)
                0x000000000000063c                strlen
 .text          0x0000000000000658      0x1b4 c:/intelfpga_lite/18.1/nios2eds/bin/gnu/h-x86_64-mingw32/bin/../lib/gcc/nios2-elf/5.3.0/mno-hw-mul\libgcc.a(lib2-divmod.o)
                0x0000000000000658                __divsi3
                0x00000000000006dc                __modsi3
                0x0000000000000750                __udivsi3
                0x00000000000007b4                __umodsi3
 *(.gnu.warning.*)
 *(.fini)
                [!provide]                        PROVIDE (__etext, ABSOLUTE (.))
                [!provide]                        PROVIDE (_etext, ABSOLUTE (.))
                [!provide]                        PROVIDE (etext, ABSOLUTE (.))
 *(.eh_frame_hdr)
                0x000000000000080c                . = ALIGN (0x4)
                [!provide]                        PROVIDE (__preinit_array_start, ABSOLUTE (.))
 *(.preinit_array)
                [!provide]                        PROVIDE (__preinit_array_end, ABSOLUTE (.))
                [!provide]                        PROVIDE (__init_array_start, ABSOLUTE (.))
 *(.init_array)
                [!provide]                        PROVIDE (__init_array_end, ABSOLUTE (.))
                [!provide]                        PROVIDE (__fini_array_start, ABSOLUTE (.))
 *(.fini_array)
                [!provide]                        PROVIDE (__fini_array_end, ABSOLUTE (.))
 *(.eh_frame)
 *(.gcc_except_table .gcc_except_table.*)
 *(.dynamic)
                [!provide]                        PROVIDE (__CTOR_LIST__, ABSOLUTE (.))
 *(.ctors)
 *(SORT(.ctors.*))
                [!provide]                        PROVIDE (__CTOR_END__, ABSOLUTE (.))
                [!provide]                        PROVIDE (__DTOR_LIST__, ABSOLUTE (.))
 *(.dtors)
 *(SORT(.dtors.*))
                [!provide]                        PROVIDE (__DTOR_END__, ABSOLUTE (.))
 *(.jcr)
                0x000000000000080c                . = ALIGN (0x4)

.rodata         0x000000000000080c       0x8c
                0x000000000000080c                PROVIDE (__ram_rodata_start, ABSOLUTE (.))
                0x000000000000080c                . = ALIGN (0x4)
 *(.rodata .rodata.* .gnu.linkonce.r.*)
 .rodata.str1.4
                0x000000000000080c       0x40 obj/default/main.o
                                         0x3f (size before relaxing)
 .rodata        0x000000000000084c       0x4b obj/default/main.o
 *(.rodata1)
                0x0000000000000898                . = ALIGN (0x4)
 *fill*         0x0000000000000897        0x1 
                0x0000000000000898                PROVIDE (__ram_rodata_end, ABSOLUTE (.))
                0x000000000000080c                PROVIDE (__flash_rodata_start, LOADADDR (.rodata))

.rwdata         0x0000000000000898        0x8 load address 0x00000000000008a0
                0x0000000000000898                PROVIDE (__ram_rwdata_start, ABSOLUTE (.))
                0x0000000000000898                . = ALIGN (0x4)
 *(.got.plt)
 *(.got)
 *(.data1)
 *(.data .data.* .gnu.linkonce.d.*)
 .data          0x0000000000000898        0x0 ../problem2_tests_bsp//obj/HAL/src/crt0.o
 .data          0x0000000000000898        0x0 obj/default/main.o
 .data          0x0000000000000898        0x0 c:/intelfpga_lite/18.1/nios2eds/bin/gnu/h-x86_64-mingw32/bin/../lib/gcc/nios2-elf/5.3.0/mno-hw-mul\libgcc.a(lib2-mul.o)
 .data          0x0000000000000898        0x0 c:/intelfpga_lite/18.1/nios2eds/bin/gnu/h-x86_64-mingw32/bin/../lib/gcc/nios2-elf/5.3.0/../../../../../H-x86_64-mingw32/nios2-elf/lib/mno-hw-mul\libsmallc.a(lib_a-memcpy.o)
 .data          0x0000000000000898        0x0 ../problem2_tests_bsp/\libhal_bsp.a(alt_load.o)
 .data          0x0000000000000898        0x0 ../problem2_tests_bsp/\libhal_bsp.a(alt_main.o)
 .data          0x0000000000000898        0x0 ../problem2_tests_bsp/\libhal_bsp.a(alt_putstr.o)
 .data          0x0000000000000898        0x0 ../problem2_tests_bsp/\libhal_bsp.a(alt_usleep.o)
 .data          0x0000000000000898        0x0 ../problem2_tests_bsp/\libhal_bsp.a(alt_sys_init.o)
 .data          0x0000000000000898        0x0 ../problem2_tests_bsp/\libhal_bsp.a(altera_avalon_uart_write.o)
 .data          0x0000000000000898        0x0 ../problem2_tests_bsp/\libhal_bsp.a(alt_busy_sleep.o)
 .data          0x0000000000000898        0x0 ../problem2_tests_bsp/\libhal_bsp.a(alt_dcache_flush_all.o)
 .data          0x0000000000000898        0x0 ../problem2_tests_bsp/\libhal_bsp.a(alt_errno.o)
 .data          0x0000000000000898        0x0 ../problem2_tests_bsp/\libhal_bsp.a(alt_icache_flush_all.o)
 .data          0x0000000000000898        0x0 ../problem2_tests_bsp/\libhal_bsp.a(altera_nios2_gen2_irq.o)
 .data          0x0000000000000898        0x0 c:/intelfpga_lite/18.1/nios2eds/bin/gnu/h-x86_64-mingw32/bin/../lib/gcc/nios2-elf/5.3.0/../../../../../H-x86_64-mingw32/nios2-elf/lib/mno-hw-mul\libsmallc.a(lib_a-int_errno.o)
 .data          0x0000000000000898        0x0 c:/intelfpga_lite/18.1/nios2eds/bin/gnu/h-x86_64-mingw32/bin/../lib/gcc/nios2-elf/5.3.0/../../../../../H-x86_64-mingw32/nios2-elf/lib/mno-hw-mul\libsmallc.a(lib_a-strlen.o)
 .data          0x0000000000000898        0x0 c:/intelfpga_lite/18.1/nios2eds/bin/gnu/h-x86_64-mingw32/bin/../lib/gcc/nios2-elf/5.3.0/mno-hw-mul\libgcc.a(lib2-divmod.o)
                0x0000000000008898                _gp = ABSOLUTE ((. + 0x8000))
                [!provide]                        PROVIDE (gp, _gp)
 *(.rwdata .rwdata.*)
 *(.sdata .sdata.* .gnu.linkonce.s.*)
 .sdata         0x0000000000000898        0x4 ../problem2_tests_bsp/\libhal_bsp.a(alt_sys_init.o)
                0x0000000000000898                uart
 .sdata         0x000000000000089c        0x4 ../problem2_tests_bsp/\libhal_bsp.a(alt_errno.o)
                0x000000000000089c                alt_errno
 *(.sdata2 .sdata2.* .gnu.linkonce.s2.*)
                0x00000000000008a0                . = ALIGN (0x4)
                0x00000000000008a0                _edata = ABSOLUTE (.)
                [!provide]                        PROVIDE (edata, ABSOLUTE (.))
                0x00000000000008a0                PROVIDE (__ram_rwdata_end, ABSOLUTE (.))
                0x00000000000008a0                PROVIDE (__flash_rwdata_start, LOADADDR (.rwdata))

.bss            0x00000000000008a8       0x10
                0x00000000000008a8                __bss_start = ABSOLUTE (.)
                [!provide]                        PROVIDE (__sbss_start, ABSOLUTE (.))
                [!provide]                        PROVIDE (___sbss_start, ABSOLUTE (.))
 *(.dynsbss)
 *(.sbss .sbss.* .gnu.linkonce.sb.*)
 .sbss          0x00000000000008a8        0xc ../problem2_tests_bsp/\libhal_bsp.a(alt_main.o)
                0x00000000000008a8                alt_envp
                0x00000000000008ac                alt_argv
                0x00000000000008b0                alt_argc
 .sbss          0x00000000000008b4        0x4 c:/intelfpga_lite/18.1/nios2eds/bin/gnu/h-x86_64-mingw32/bin/../lib/gcc/nios2-elf/5.3.0/../../../../../H-x86_64-mingw32/nios2-elf/lib/mno-hw-mul\libsmallc.a(lib_a-int_errno.o)
                0x00000000000008b4                errno
 *(.sbss2 .sbss2.* .gnu.linkonce.sb2.*)
 *(.scommon)
                [!provide]                        PROVIDE (__sbss_end, ABSOLUTE (.))
                [!provide]                        PROVIDE (___sbss_end, ABSOLUTE (.))
 *(.dynbss)
 *(.bss .bss.* .gnu.linkonce.b.*)
 .bss           0x00000000000008b8        0x0 ../problem2_tests_bsp//obj/HAL/src/crt0.o
 .bss           0x00000000000008b8        0x0 obj/default/main.o
 .bss           0x00000000000008b8        0x0 c:/intelfpga_lite/18.1/nios2eds/bin/gnu/h-x86_64-mingw32/bin/../lib/gcc/nios2-elf/5.3.0/mno-hw-mul\libgcc.a(lib2-mul.o)
 .bss           0x00000000000008b8        0x0 c:/intelfpga_lite/18.1/nios2eds/bin/gnu/h-x86_64-mingw32/bin/../lib/gcc/nios2-elf/5.3.0/../../../../../H-x86_64-mingw32/nios2-elf/lib/mno-hw-mul\libsmallc.a(lib_a-memcpy.o)
 .bss           0x00000000000008b8        0x0 ../problem2_tests_bsp/\libhal_bsp.a(alt_load.o)
 .bss           0x00000000000008b8        0x0 ../problem2_tests_bsp/\libhal_bsp.a(alt_main.o)
 .bss           0x00000000000008b8        0x0 ../problem2_tests_bsp/\libhal_bsp.a(alt_putstr.o)
 .bss           0x00000000000008b8        0x0 ../problem2_tests_bsp/\libhal_bsp.a(alt_usleep.o)
 .bss           0x00000000000008b8        0x0 ../problem2_tests_bsp/\libhal_bsp.a(alt_sys_init.o)
 .bss           0x00000000000008b8        0x0 ../problem2_tests_bsp/\libhal_bsp.a(altera_avalon_uart_write.o)
 .bss           0x00000000000008b8        0x0 ../problem2_tests_bsp/\libhal_bsp.a(alt_busy_sleep.o)
 .bss           0x00000000000008b8        0x0 ../problem2_tests_bsp/\libhal_bsp.a(alt_dcache_flush_all.o)
 .bss           0x00000000000008b8        0x0 ../problem2_tests_bsp/\libhal_bsp.a(alt_errno.o)
 .bss           0x00000000000008b8        0x0 ../problem2_tests_bsp/\libhal_bsp.a(alt_icache_flush_all.o)
 .bss           0x00000000000008b8        0x0 ../problem2_tests_bsp/\libhal_bsp.a(altera_nios2_gen2_irq.o)
 .bss           0x00000000000008b8        0x0 c:/intelfpga_lite/18.1/nios2eds/bin/gnu/h-x86_64-mingw32/bin/../lib/gcc/nios2-elf/5.3.0/../../../../../H-x86_64-mingw32/nios2-elf/lib/mno-hw-mul\libsmallc.a(lib_a-int_errno.o)
 .bss           0x00000000000008b8        0x0 c:/intelfpga_lite/18.1/nios2eds/bin/gnu/h-x86_64-mingw32/bin/../lib/gcc/nios2-elf/5.3.0/../../../../../H-x86_64-mingw32/nios2-elf/lib/mno-hw-mul\libsmallc.a(lib_a-strlen.o)
 .bss           0x00000000000008b8        0x0 c:/intelfpga_lite/18.1/nios2eds/bin/gnu/h-x86_64-mingw32/bin/../lib/gcc/nios2-elf/5.3.0/mno-hw-mul\libgcc.a(lib2-divmod.o)
 *(COMMON)
                0x00000000000008b8                . = ALIGN (0x4)
                0x00000000000008b8                __bss_end = ABSOLUTE (.)

.memory         0x00000000000008b8        0x0
                [!provide]                        PROVIDE (_alt_partition_memory_start, ABSOLUTE (.))
 *(.memory .memory. memory.*)
                0x00000000000008b8                . = ALIGN (0x4)
                [!provide]                        PROVIDE (_alt_partition_memory_end, ABSOLUTE (.))
                0x00000000000008b8                _end = ABSOLUTE (.)
                0x00000000000008b8                end = ABSOLUTE (.)
                0x00000000000008b8                __alt_stack_base = ABSOLUTE (.)
                [!provide]                        PROVIDE (_alt_partition_memory_load_addr, LOADADDR (.memory))

.stab
 *(.stab)

.stabstr
 *(.stabstr)

.stab.excl
 *(.stab.excl)

.stab.exclstr
 *(.stab.exclstr)

.stab.index
 *(.stab.index)

.stab.indexstr
 *(.stab.indexstr)

.comment        0x0000000000000000       0x23
 *(.comment)
 .comment       0x0000000000000000       0x23 obj/default/main.o
                                         0x24 (size before relaxing)
 .comment       0x0000000000000023       0x24 c:/intelfpga_lite/18.1/nios2eds/bin/gnu/h-x86_64-mingw32/bin/../lib/gcc/nios2-elf/5.3.0/mno-hw-mul\libgcc.a(lib2-mul.o)
 .comment       0x0000000000000023       0x24 c:/intelfpga_lite/18.1/nios2eds/bin/gnu/h-x86_64-mingw32/bin/../lib/gcc/nios2-elf/5.3.0/../../../../../H-x86_64-mingw32/nios2-elf/lib/mno-hw-mul\libsmallc.a(lib_a-memcpy.o)
 .comment       0x0000000000000023       0x24 ../problem2_tests_bsp/\libhal_bsp.a(alt_load.o)
 .comment       0x0000000000000023       0x24 ../problem2_tests_bsp/\libhal_bsp.a(alt_main.o)
 .comment       0x0000000000000023       0x24 ../problem2_tests_bsp/\libhal_bsp.a(alt_putstr.o)
 .comment       0x0000000000000023       0x24 ../problem2_tests_bsp/\libhal_bsp.a(alt_usleep.o)
 .comment       0x0000000000000023       0x24 ../problem2_tests_bsp/\libhal_bsp.a(alt_sys_init.o)
 .comment       0x0000000000000023       0x24 ../problem2_tests_bsp/\libhal_bsp.a(altera_avalon_uart_write.o)
 .comment       0x0000000000000023       0x24 ../problem2_tests_bsp/\libhal_bsp.a(alt_busy_sleep.o)
 .comment       0x0000000000000023       0x24 ../problem2_tests_bsp/\libhal_bsp.a(alt_dcache_flush_all.o)
 .comment       0x0000000000000023       0x24 ../problem2_tests_bsp/\libhal_bsp.a(alt_errno.o)
 .comment       0x0000000000000023       0x24 ../problem2_tests_bsp/\libhal_bsp.a(alt_icache_flush_all.o)
 .comment       0x0000000000000023       0x24 ../problem2_tests_bsp/\libhal_bsp.a(altera_nios2_gen2_irq.o)
 .comment       0x0000000000000023       0x24 c:/intelfpga_lite/18.1/nios2eds/bin/gnu/h-x86_64-mingw32/bin/../lib/gcc/nios2-elf/5.3.0/../../../../../H-x86_64-mingw32/nios2-elf/lib/mno-hw-mul\libsmallc.a(lib_a-int_errno.o)
 .comment       0x0000000000000023       0x24 c:/intelfpga_lite/18.1/nios2eds/bin/gnu/h-x86_64-mingw32/bin/../lib/gcc/nios2-elf/5.3.0/../../../../../H-x86_64-mingw32/nios2-elf/lib/mno-hw-mul\libsmallc.a(lib_a-strlen.o)
 .comment       0x0000000000000023       0x24 c:/intelfpga_lite/18.1/nios2eds/bin/gnu/h-x86_64-mingw32/bin/../lib/gcc/nios2-elf/5.3.0/mno-hw-mul\libgcc.a(lib2-divmod.o)

.debug
 *(.debug)

.line
 *(.line)

.debug_srcinfo
 *(.debug_srcinfo)

.debug_sfnames
 *(.debug_sfnames)

.debug_aranges  0x0000000000000000      0x240
 *(.debug_aranges)
 .debug_aranges
                0x0000000000000000       0x28 ../problem2_tests_bsp//obj/HAL/src/crt0.o
 .debug_aranges
                0x0000000000000028       0x28 obj/default/main.o
 .debug_aranges
                0x0000000000000050       0x20 c:/intelfpga_lite/18.1/nios2eds/bin/gnu/h-x86_64-mingw32/bin/../lib/gcc/nios2-elf/5.3.0/mno-hw-mul\libgcc.a(lib2-mul.o)
 .debug_aranges
                0x0000000000000070       0x20 c:/intelfpga_lite/18.1/nios2eds/bin/gnu/h-x86_64-mingw32/bin/../lib/gcc/nios2-elf/5.3.0/../../../../../H-x86_64-mingw32/nios2-elf/lib/mno-hw-mul\libsmallc.a(lib_a-memcpy.o)
 .debug_aranges
                0x0000000000000090       0x20 ../problem2_tests_bsp/\libhal_bsp.a(alt_load.o)
 .debug_aranges
                0x00000000000000b0       0x20 ../problem2_tests_bsp/\libhal_bsp.a(alt_main.o)
 .debug_aranges
                0x00000000000000d0       0x20 ../problem2_tests_bsp/\libhal_bsp.a(alt_putstr.o)
 .debug_aranges
                0x00000000000000f0       0x20 ../problem2_tests_bsp/\libhal_bsp.a(alt_usleep.o)
 .debug_aranges
                0x0000000000000110       0x20 ../problem2_tests_bsp/\libhal_bsp.a(alt_sys_init.o)
 .debug_aranges
                0x0000000000000130       0x20 ../problem2_tests_bsp/\libhal_bsp.a(altera_avalon_uart_write.o)
 .debug_aranges
                0x0000000000000150       0x20 ../problem2_tests_bsp/\libhal_bsp.a(alt_busy_sleep.o)
 .debug_aranges
                0x0000000000000170       0x20 ../problem2_tests_bsp/\libhal_bsp.a(alt_dcache_flush_all.o)
 .debug_aranges
                0x0000000000000190       0x18 ../problem2_tests_bsp/\libhal_bsp.a(alt_errno.o)
 .debug_aranges
                0x00000000000001a8       0x20 ../problem2_tests_bsp/\libhal_bsp.a(alt_icache_flush_all.o)
 .debug_aranges
                0x00000000000001c8       0x20 ../problem2_tests_bsp/\libhal_bsp.a(altera_nios2_gen2_irq.o)
 .debug_aranges
                0x00000000000001e8       0x18 c:/intelfpga_lite/18.1/nios2eds/bin/gnu/h-x86_64-mingw32/bin/../lib/gcc/nios2-elf/5.3.0/../../../../../H-x86_64-mingw32/nios2-elf/lib/mno-hw-mul\libsmallc.a(lib_a-int_errno.o)
 .debug_aranges
                0x0000000000000200       0x20 c:/intelfpga_lite/18.1/nios2eds/bin/gnu/h-x86_64-mingw32/bin/../lib/gcc/nios2-elf/5.3.0/../../../../../H-x86_64-mingw32/nios2-elf/lib/mno-hw-mul\libsmallc.a(lib_a-strlen.o)
 .debug_aranges
                0x0000000000000220       0x20 c:/intelfpga_lite/18.1/nios2eds/bin/gnu/h-x86_64-mingw32/bin/../lib/gcc/nios2-elf/5.3.0/mno-hw-mul\libgcc.a(lib2-divmod.o)

.debug_pubnames
 *(.debug_pubnames)

.debug_info     0x0000000000000000     0x15de
 *(.debug_info .gnu.linkonce.wi.*)
 .debug_info    0x0000000000000000       0x6a ../problem2_tests_bsp//obj/HAL/src/crt0.o
 .debug_info    0x000000000000006a      0x3f8 obj/default/main.o
 .debug_info    0x0000000000000462       0xb4 c:/intelfpga_lite/18.1/nios2eds/bin/gnu/h-x86_64-mingw32/bin/../lib/gcc/nios2-elf/5.3.0/mno-hw-mul\libgcc.a(lib2-mul.o)
 .debug_info    0x0000000000000516      0x119 c:/intelfpga_lite/18.1/nios2eds/bin/gnu/h-x86_64-mingw32/bin/../lib/gcc/nios2-elf/5.3.0/../../../../../H-x86_64-mingw32/nios2-elf/lib/mno-hw-mul\libsmallc.a(lib_a-memcpy.o)
 .debug_info    0x000000000000062f      0x1c9 ../problem2_tests_bsp/\libhal_bsp.a(alt_load.o)
 .debug_info    0x00000000000007f8      0x169 ../problem2_tests_bsp/\libhal_bsp.a(alt_main.o)
 .debug_info    0x0000000000000961      0x13a ../problem2_tests_bsp/\libhal_bsp.a(alt_putstr.o)
 .debug_info    0x0000000000000a9b       0xd1 ../problem2_tests_bsp/\libhal_bsp.a(alt_usleep.o)
 .debug_info    0x0000000000000b6c      0x15f ../problem2_tests_bsp/\libhal_bsp.a(alt_sys_init.o)
 .debug_info    0x0000000000000ccb      0x1c6 ../problem2_tests_bsp/\libhal_bsp.a(altera_avalon_uart_write.o)
 .debug_info    0x0000000000000e91       0xd8 ../problem2_tests_bsp/\libhal_bsp.a(alt_busy_sleep.o)
 .debug_info    0x0000000000000f69       0x92 ../problem2_tests_bsp/\libhal_bsp.a(alt_dcache_flush_all.o)
 .debug_info    0x0000000000000ffb       0xa6 ../problem2_tests_bsp/\libhal_bsp.a(alt_errno.o)
 .debug_info    0x00000000000010a1       0x92 ../problem2_tests_bsp/\libhal_bsp.a(alt_icache_flush_all.o)
 .debug_info    0x0000000000001133       0x92 ../problem2_tests_bsp/\libhal_bsp.a(altera_nios2_gen2_irq.o)
 .debug_info    0x00000000000011c5       0x8a c:/intelfpga_lite/18.1/nios2eds/bin/gnu/h-x86_64-mingw32/bin/../lib/gcc/nios2-elf/5.3.0/../../../../../H-x86_64-mingw32/nios2-elf/lib/mno-hw-mul\libsmallc.a(lib_a-int_errno.o)
 .debug_info    0x000000000000124f       0xc9 c:/intelfpga_lite/18.1/nios2eds/bin/gnu/h-x86_64-mingw32/bin/../lib/gcc/nios2-elf/5.3.0/../../../../../H-x86_64-mingw32/nios2-elf/lib/mno-hw-mul\libsmallc.a(lib_a-strlen.o)
 .debug_info    0x0000000000001318      0x2c6 c:/intelfpga_lite/18.1/nios2eds/bin/gnu/h-x86_64-mingw32/bin/../lib/gcc/nios2-elf/5.3.0/mno-hw-mul\libgcc.a(lib2-divmod.o)

.debug_abbrev   0x0000000000000000      0xb2a
 *(.debug_abbrev)
 .debug_abbrev  0x0000000000000000       0x12 ../problem2_tests_bsp//obj/HAL/src/crt0.o
 .debug_abbrev  0x0000000000000012      0x18e obj/default/main.o
 .debug_abbrev  0x00000000000001a0       0x6f c:/intelfpga_lite/18.1/nios2eds/bin/gnu/h-x86_64-mingw32/bin/../lib/gcc/nios2-elf/5.3.0/mno-hw-mul\libgcc.a(lib2-mul.o)
 .debug_abbrev  0x000000000000020f       0x9c c:/intelfpga_lite/18.1/nios2eds/bin/gnu/h-x86_64-mingw32/bin/../lib/gcc/nios2-elf/5.3.0/../../../../../H-x86_64-mingw32/nios2-elf/lib/mno-hw-mul\libsmallc.a(lib_a-memcpy.o)
 .debug_abbrev  0x00000000000002ab       0xd8 ../problem2_tests_bsp/\libhal_bsp.a(alt_load.o)
 .debug_abbrev  0x0000000000000383       0xee ../problem2_tests_bsp/\libhal_bsp.a(alt_main.o)
 .debug_abbrev  0x0000000000000471       0xd3 ../problem2_tests_bsp/\libhal_bsp.a(alt_putstr.o)
 .debug_abbrev  0x0000000000000544       0x8d ../problem2_tests_bsp/\libhal_bsp.a(alt_usleep.o)
 .debug_abbrev  0x00000000000005d1      0x100 ../problem2_tests_bsp/\libhal_bsp.a(alt_sys_init.o)
 .debug_abbrev  0x00000000000006d1       0xe8 ../problem2_tests_bsp/\libhal_bsp.a(altera_avalon_uart_write.o)
 .debug_abbrev  0x00000000000007b9       0x8d ../problem2_tests_bsp/\libhal_bsp.a(alt_busy_sleep.o)
 .debug_abbrev  0x0000000000000846       0x42 ../problem2_tests_bsp/\libhal_bsp.a(alt_dcache_flush_all.o)
 .debug_abbrev  0x0000000000000888       0x5a ../problem2_tests_bsp/\libhal_bsp.a(alt_errno.o)
 .debug_abbrev  0x00000000000008e2       0x42 ../problem2_tests_bsp/\libhal_bsp.a(alt_icache_flush_all.o)
 .debug_abbrev  0x0000000000000924       0x42 ../problem2_tests_bsp/\libhal_bsp.a(altera_nios2_gen2_irq.o)
 .debug_abbrev  0x0000000000000966       0x37 c:/intelfpga_lite/18.1/nios2eds/bin/gnu/h-x86_64-mingw32/bin/../lib/gcc/nios2-elf/5.3.0/../../../../../H-x86_64-mingw32/nios2-elf/lib/mno-hw-mul\libsmallc.a(lib_a-int_errno.o)
 .debug_abbrev  0x000000000000099d       0x7f c:/intelfpga_lite/18.1/nios2eds/bin/gnu/h-x86_64-mingw32/bin/../lib/gcc/nios2-elf/5.3.0/../../../../../H-x86_64-mingw32/nios2-elf/lib/mno-hw-mul\libsmallc.a(lib_a-strlen.o)
 .debug_abbrev  0x0000000000000a1c      0x10e c:/intelfpga_lite/18.1/nios2eds/bin/gnu/h-x86_64-mingw32/bin/../lib/gcc/nios2-elf/5.3.0/mno-hw-mul\libgcc.a(lib2-divmod.o)

.debug_line     0x0000000000000000      0xc9f
 *(.debug_line)
 .debug_line    0x0000000000000000       0x66 ../problem2_tests_bsp//obj/HAL/src/crt0.o
 .debug_line    0x0000000000000066      0x11e obj/default/main.o
 .debug_line    0x0000000000000184       0x80 c:/intelfpga_lite/18.1/nios2eds/bin/gnu/h-x86_64-mingw32/bin/../lib/gcc/nios2-elf/5.3.0/mno-hw-mul\libgcc.a(lib2-mul.o)
 .debug_line    0x0000000000000204      0x15e c:/intelfpga_lite/18.1/nios2eds/bin/gnu/h-x86_64-mingw32/bin/../lib/gcc/nios2-elf/5.3.0/../../../../../H-x86_64-mingw32/nios2-elf/lib/mno-hw-mul\libsmallc.a(lib_a-memcpy.o)
 .debug_line    0x0000000000000362       0xa4 ../problem2_tests_bsp/\libhal_bsp.a(alt_load.o)
 .debug_line    0x0000000000000406       0xbd ../problem2_tests_bsp/\libhal_bsp.a(alt_main.o)
 .debug_line    0x00000000000004c3       0xa0 ../problem2_tests_bsp/\libhal_bsp.a(alt_putstr.o)
 .debug_line    0x0000000000000563       0xcf ../problem2_tests_bsp/\libhal_bsp.a(alt_usleep.o)
 .debug_line    0x0000000000000632       0xcf ../problem2_tests_bsp/\libhal_bsp.a(alt_sys_init.o)
 .debug_line    0x0000000000000701       0xec ../problem2_tests_bsp/\libhal_bsp.a(altera_avalon_uart_write.o)
 .debug_line    0x00000000000007ed       0xb5 ../problem2_tests_bsp/\libhal_bsp.a(alt_busy_sleep.o)
 .debug_line    0x00000000000008a2       0x4e ../problem2_tests_bsp/\libhal_bsp.a(alt_dcache_flush_all.o)
 .debug_line    0x00000000000008f0       0x51 ../problem2_tests_bsp/\libhal_bsp.a(alt_errno.o)
 .debug_line    0x0000000000000941       0x4e ../problem2_tests_bsp/\libhal_bsp.a(alt_icache_flush_all.o)
 .debug_line    0x000000000000098f       0x50 ../problem2_tests_bsp/\libhal_bsp.a(altera_nios2_gen2_irq.o)
 .debug_line    0x00000000000009df       0x5f c:/intelfpga_lite/18.1/nios2eds/bin/gnu/h-x86_64-mingw32/bin/../lib/gcc/nios2-elf/5.3.0/../../../../../H-x86_64-mingw32/nios2-elf/lib/mno-hw-mul\libsmallc.a(lib_a-int_errno.o)
 .debug_line    0x0000000000000a3e      0x15c c:/intelfpga_lite/18.1/nios2eds/bin/gnu/h-x86_64-mingw32/bin/../lib/gcc/nios2-elf/5.3.0/../../../../../H-x86_64-mingw32/nios2-elf/lib/mno-hw-mul\libsmallc.a(lib_a-strlen.o)
 .debug_line    0x0000000000000b9a      0x105 c:/intelfpga_lite/18.1/nios2eds/bin/gnu/h-x86_64-mingw32/bin/../lib/gcc/nios2-elf/5.3.0/mno-hw-mul\libgcc.a(lib2-divmod.o)

.debug_frame    0x0000000000000000      0x334
 *(.debug_frame)
 .debug_frame   0x0000000000000000       0xd8 obj/default/main.o
 .debug_frame   0x00000000000000d8       0x20 c:/intelfpga_lite/18.1/nios2eds/bin/gnu/h-x86_64-mingw32/bin/../lib/gcc/nios2-elf/5.3.0/mno-hw-mul\libgcc.a(lib2-mul.o)
 .debug_frame   0x00000000000000f8       0x20 c:/intelfpga_lite/18.1/nios2eds/bin/gnu/h-x86_64-mingw32/bin/../lib/gcc/nios2-elf/5.3.0/../../../../../H-x86_64-mingw32/nios2-elf/lib/mno-hw-mul\libsmallc.a(lib_a-memcpy.o)
 .debug_frame   0x0000000000000118       0x30 ../problem2_tests_bsp/\libhal_bsp.a(alt_load.o)
 .debug_frame   0x0000000000000148       0x2c ../problem2_tests_bsp/\libhal_bsp.a(alt_main.o)
 .debug_frame   0x0000000000000174       0x30 ../problem2_tests_bsp/\libhal_bsp.a(alt_putstr.o)
 .debug_frame   0x00000000000001a4       0x20 ../problem2_tests_bsp/\libhal_bsp.a(alt_usleep.o)
 .debug_frame   0x00000000000001c4       0x3c ../problem2_tests_bsp/\libhal_bsp.a(alt_sys_init.o)
 .debug_frame   0x0000000000000200       0x34 ../problem2_tests_bsp/\libhal_bsp.a(altera_avalon_uart_write.o)
 .debug_frame   0x0000000000000234       0x30 ../problem2_tests_bsp/\libhal_bsp.a(alt_busy_sleep.o)
 .debug_frame   0x0000000000000264       0x20 ../problem2_tests_bsp/\libhal_bsp.a(alt_dcache_flush_all.o)
 .debug_frame   0x0000000000000284       0x20 ../problem2_tests_bsp/\libhal_bsp.a(alt_icache_flush_all.o)
 .debug_frame   0x00000000000002a4       0x20 ../problem2_tests_bsp/\libhal_bsp.a(altera_nios2_gen2_irq.o)
 .debug_frame   0x00000000000002c4       0x20 c:/intelfpga_lite/18.1/nios2eds/bin/gnu/h-x86_64-mingw32/bin/../lib/gcc/nios2-elf/5.3.0/../../../../../H-x86_64-mingw32/nios2-elf/lib/mno-hw-mul\libsmallc.a(lib_a-strlen.o)
 .debug_frame   0x00000000000002e4       0x50 c:/intelfpga_lite/18.1/nios2eds/bin/gnu/h-x86_64-mingw32/bin/../lib/gcc/nios2-elf/5.3.0/mno-hw-mul\libgcc.a(lib2-divmod.o)

.debug_str      0x0000000000000000      0x940
 *(.debug_str)
 .debug_str     0x0000000000000000      0x148 obj/default/main.o
                                        0x185 (size before relaxing)
 .debug_str     0x0000000000000148      0x148 c:/intelfpga_lite/18.1/nios2eds/bin/gnu/h-x86_64-mingw32/bin/../lib/gcc/nios2-elf/5.3.0/mno-hw-mul\libgcc.a(lib2-mul.o)
                                        0x193 (size before relaxing)
 .debug_str     0x0000000000000290      0x15a c:/intelfpga_lite/18.1/nios2eds/bin/gnu/h-x86_64-mingw32/bin/../lib/gcc/nios2-elf/5.3.0/../../../../../H-x86_64-mingw32/nios2-elf/lib/mno-hw-mul\libsmallc.a(lib_a-memcpy.o)
                                        0x1f3 (size before relaxing)
 .debug_str     0x00000000000003ea      0x151 ../problem2_tests_bsp/\libhal_bsp.a(alt_load.o)
                                        0x238 (size before relaxing)
 .debug_str     0x000000000000053b       0x8f ../problem2_tests_bsp/\libhal_bsp.a(alt_main.o)
                                        0x1b1 (size before relaxing)
 .debug_str     0x00000000000005ca       0x55 ../problem2_tests_bsp/\libhal_bsp.a(alt_putstr.o)
                                        0x17d (size before relaxing)
 .debug_str     0x000000000000061f       0x2f ../problem2_tests_bsp/\libhal_bsp.a(alt_usleep.o)
                                        0x153 (size before relaxing)
 .debug_str     0x000000000000064e       0x66 ../problem2_tests_bsp/\libhal_bsp.a(alt_sys_init.o)
                                        0x1ee (size before relaxing)
 .debug_str     0x00000000000006b4       0x58 ../problem2_tests_bsp/\libhal_bsp.a(altera_avalon_uart_write.o)
                                        0x205 (size before relaxing)
 .debug_str     0x000000000000070c       0x33 ../problem2_tests_bsp/\libhal_bsp.a(alt_busy_sleep.o)
                                        0x167 (size before relaxing)
 .debug_str     0x000000000000073f       0x1f ../problem2_tests_bsp/\libhal_bsp.a(alt_dcache_flush_all.o)
                                        0x151 (size before relaxing)
 .debug_str     0x000000000000075e       0x14 ../problem2_tests_bsp/\libhal_bsp.a(alt_errno.o)
                                        0x141 (size before relaxing)
 .debug_str     0x0000000000000772       0x1f ../problem2_tests_bsp/\libhal_bsp.a(alt_icache_flush_all.o)
                                        0x151 (size before relaxing)
 .debug_str     0x0000000000000791       0x20 ../problem2_tests_bsp/\libhal_bsp.a(altera_nios2_gen2_irq.o)
                                        0x158 (size before relaxing)
 .debug_str     0x00000000000007b1       0xd3 c:/intelfpga_lite/18.1/nios2eds/bin/gnu/h-x86_64-mingw32/bin/../lib/gcc/nios2-elf/5.3.0/../../../../../H-x86_64-mingw32/nios2-elf/lib/mno-hw-mul\libsmallc.a(lib_a-int_errno.o)
                                        0x1d8 (size before relaxing)
 .debug_str     0x0000000000000884       0x3d c:/intelfpga_lite/18.1/nios2eds/bin/gnu/h-x86_64-mingw32/bin/../lib/gcc/nios2-elf/5.3.0/../../../../../H-x86_64-mingw32/nios2-elf/lib/mno-hw-mul\libsmallc.a(lib_a-strlen.o)
                                        0x1e5 (size before relaxing)
 .debug_str     0x00000000000008c1       0x7f c:/intelfpga_lite/18.1/nios2eds/bin/gnu/h-x86_64-mingw32/bin/../lib/gcc/nios2-elf/5.3.0/mno-hw-mul\libgcc.a(lib2-divmod.o)
                                        0x1d2 (size before relaxing)

.debug_loc      0x0000000000000000      0xa4c
 *(.debug_loc)
 .debug_loc     0x0000000000000000      0x15c obj/default/main.o
 .debug_loc     0x000000000000015c       0x93 c:/intelfpga_lite/18.1/nios2eds/bin/gnu/h-x86_64-mingw32/bin/../lib/gcc/nios2-elf/5.3.0/mno-hw-mul\libgcc.a(lib2-mul.o)
 .debug_loc     0x00000000000001ef      0x135 c:/intelfpga_lite/18.1/nios2eds/bin/gnu/h-x86_64-mingw32/bin/../lib/gcc/nios2-elf/5.3.0/../../../../../H-x86_64-mingw32/nios2-elf/lib/mno-hw-mul\libsmallc.a(lib_a-memcpy.o)
 .debug_loc     0x0000000000000324       0x37 ../problem2_tests_bsp/\libhal_bsp.a(alt_putstr.o)
 .debug_loc     0x000000000000035b       0x21 ../problem2_tests_bsp/\libhal_bsp.a(alt_usleep.o)
 .debug_loc     0x000000000000037c       0x21 ../problem2_tests_bsp/\libhal_bsp.a(alt_sys_init.o)
 .debug_loc     0x000000000000039d      0x15c ../problem2_tests_bsp/\libhal_bsp.a(altera_avalon_uart_write.o)
 .debug_loc     0x00000000000004f9       0x67 ../problem2_tests_bsp/\libhal_bsp.a(alt_busy_sleep.o)
 .debug_loc     0x0000000000000560       0x1e c:/intelfpga_lite/18.1/nios2eds/bin/gnu/h-x86_64-mingw32/bin/../lib/gcc/nios2-elf/5.3.0/../../../../../H-x86_64-mingw32/nios2-elf/lib/mno-hw-mul\libsmallc.a(lib_a-strlen.o)
 .debug_loc     0x000000000000057e      0x4ce c:/intelfpga_lite/18.1/nios2eds/bin/gnu/h-x86_64-mingw32/bin/../lib/gcc/nios2-elf/5.3.0/mno-hw-mul\libgcc.a(lib2-divmod.o)

.debug_macinfo
 *(.debug_macinfo)

.debug_weaknames
 *(.debug_weaknames)

.debug_funcnames
 *(.debug_funcnames)

.debug_typenames
 *(.debug_typenames)

.debug_varnames
 *(.debug_varnames)

.debug_alt_sim_info
                0x0000000000000000       0x40
 *(.debug_alt_sim_info)
 .debug_alt_sim_info
                0x0000000000000000       0x10 ../problem2_tests_bsp//obj/HAL/src/crt0.o
 .debug_alt_sim_info
                0x0000000000000010       0x30 ../problem2_tests_bsp/\libhal_bsp.a(alt_busy_sleep.o)
                0x0000000000004000                __alt_data_end = 0x4000
                0x0000000000004000                PROVIDE (__alt_stack_pointer, __alt_data_end)
                [!provide]                        PROVIDE (__alt_stack_limit, __alt_stack_base)
                [!provide]                        PROVIDE (__alt_heap_start, end)
                [!provide]                        PROVIDE (__alt_heap_limit, 0x4000)
OUTPUT(problem2_tests.elf elf32-littlenios2)

.debug_ranges   0x0000000000000000      0x118
 .debug_ranges  0x0000000000000000       0x20 ../problem2_tests_bsp//obj/HAL/src/crt0.o
 .debug_ranges  0x0000000000000020       0x30 obj/default/main.o
 .debug_ranges  0x0000000000000050       0x10 c:/intelfpga_lite/18.1/nios2eds/bin/gnu/h-x86_64-mingw32/bin/../lib/gcc/nios2-elf/5.3.0/../../../../../H-x86_64-mingw32/nios2-elf/lib/mno-hw-mul\libsmallc.a(lib_a-memcpy.o)
 .debug_ranges  0x0000000000000060       0x48 ../problem2_tests_bsp/\libhal_bsp.a(alt_load.o)
 .debug_ranges  0x00000000000000a8       0x10 c:/intelfpga_lite/18.1/nios2eds/bin/gnu/h-x86_64-mingw32/bin/../lib/gcc/nios2-elf/5.3.0/../../../../../H-x86_64-mingw32/nios2-elf/lib/mno-hw-mul\libsmallc.a(lib_a-strlen.o)
 .debug_ranges  0x00000000000000b8       0x60 c:/intelfpga_lite/18.1/nios2eds/bin/gnu/h-x86_64-mingw32/bin/../lib/gcc/nios2-elf/5.3.0/mno-hw-mul\libgcc.a(lib2-divmod.o)
