Archive member included to satisfy reference by file (symbol)

c:/intelfpga_lite/18.1/nios2eds/bin/gnu/h-x86_64-mingw32/bin/../lib/gcc/nios2-elf/5.3.0/mno-hw-mul\libgcc.a(lib2-mul.o)
                              obj/default/hello_world.o (__mulsi3)
c:/intelfpga_lite/18.1/nios2eds/bin/gnu/h-x86_64-mingw32/bin/../lib/gcc/nios2-elf/5.3.0/../../../../../H-x86_64-mingw32/nios2-elf/lib/mno-hw-mul\libsmallc.a(lib_a-itoa.o)
                              obj/default/hello_world.o (itoa)
c:/intelfpga_lite/18.1/nios2eds/bin/gnu/h-x86_64-mingw32/bin/../lib/gcc/nios2-elf/5.3.0/../../../../../H-x86_64-mingw32/nios2-elf/lib/mno-hw-mul\libsmallc.a(lib_a-memcpy.o)
                              obj/default/hello_world.o (memcpy)
c:/intelfpga_lite/18.1/nios2eds/bin/gnu/h-x86_64-mingw32/bin/../lib/gcc/nios2-elf/5.3.0/../../../../../H-x86_64-mingw32/nios2-elf/lib/mno-hw-mul\libsmallc.a(lib_a-utoa.o)
                              c:/intelfpga_lite/18.1/nios2eds/bin/gnu/h-x86_64-mingw32/bin/../lib/gcc/nios2-elf/5.3.0/../../../../../H-x86_64-mingw32/nios2-elf/lib/mno-hw-mul\libsmallc.a(lib_a-itoa.o) (__utoa)
c:/intelfpga_lite/18.1/nios2eds/bin/gnu/h-x86_64-mingw32/bin/../lib/gcc/nios2-elf/5.3.0/mno-hw-mul\libgcc.a(lib2-divmod.o)
                              c:/intelfpga_lite/18.1/nios2eds/bin/gnu/h-x86_64-mingw32/bin/../lib/gcc/nios2-elf/5.3.0/../../../../../H-x86_64-mingw32/nios2-elf/lib/mno-hw-mul\libsmallc.a(lib_a-utoa.o) (__udivsi3)
../leds_controller_bsp/\libhal_bsp.a(alt_load.o)
                              ../leds_controller_bsp//obj/HAL/src/crt0.o (alt_load)
../leds_controller_bsp/\libhal_bsp.a(alt_main.o)
                              ../leds_controller_bsp//obj/HAL/src/crt0.o (alt_main)
../leds_controller_bsp/\libhal_bsp.a(alt_putstr.o)
                              obj/default/hello_world.o (alt_putstr)
../leds_controller_bsp/\libhal_bsp.a(alt_usleep.o)
                              obj/default/hello_world.o (usleep)
../leds_controller_bsp/\libhal_bsp.a(alt_sys_init.o)
                              ../leds_controller_bsp/\libhal_bsp.a(alt_main.o) (alt_irq_init)
../leds_controller_bsp/\libhal_bsp.a(altera_avalon_uart_fd.o)
                              ../leds_controller_bsp/\libhal_bsp.a(alt_sys_init.o) (altera_avalon_uart_read_fd)
../leds_controller_bsp/\libhal_bsp.a(altera_avalon_uart_read.o)
                              ../leds_controller_bsp/\libhal_bsp.a(altera_avalon_uart_fd.o) (altera_avalon_uart_read)
../leds_controller_bsp/\libhal_bsp.a(altera_avalon_uart_write.o)
                              ../leds_controller_bsp/\libhal_bsp.a(altera_avalon_uart_fd.o) (altera_avalon_uart_write)
../leds_controller_bsp/\libhal_bsp.a(alt_busy_sleep.o)
                              ../leds_controller_bsp/\libhal_bsp.a(alt_usleep.o) (alt_busy_sleep)
../leds_controller_bsp/\libhal_bsp.a(alt_close.o)
                              ../leds_controller_bsp/\libhal_bsp.a(alt_main.o) (close)
../leds_controller_bsp/\libhal_bsp.a(alt_dcache_flush_all.o)
                              ../leds_controller_bsp/\libhal_bsp.a(alt_load.o) (alt_dcache_flush_all)
../leds_controller_bsp/\libhal_bsp.a(alt_dev.o)
                              ../leds_controller_bsp/\libhal_bsp.a(alt_close.o) (alt_fd_list)
../leds_controller_bsp/\libhal_bsp.a(alt_dev_llist_insert.o)
                              ../leds_controller_bsp/\libhal_bsp.a(alt_sys_init.o) (alt_dev_llist_insert)
../leds_controller_bsp/\libhal_bsp.a(alt_do_ctors.o)
                              ../leds_controller_bsp/\libhal_bsp.a(alt_main.o) (_do_ctors)
../leds_controller_bsp/\libhal_bsp.a(alt_do_dtors.o)
                              ../leds_controller_bsp/\libhal_bsp.a(alt_main.o) (_do_dtors)
../leds_controller_bsp/\libhal_bsp.a(alt_errno.o)
                              ../leds_controller_bsp/\libhal_bsp.a(altera_avalon_uart_read.o) (alt_errno)
../leds_controller_bsp/\libhal_bsp.a(alt_icache_flush_all.o)
                              ../leds_controller_bsp/\libhal_bsp.a(alt_load.o) (alt_icache_flush_all)
../leds_controller_bsp/\libhal_bsp.a(alt_io_redirect.o)
                              ../leds_controller_bsp/\libhal_bsp.a(alt_main.o) (alt_io_redirect)
../leds_controller_bsp/\libhal_bsp.a(alt_open.o)
                              ../leds_controller_bsp/\libhal_bsp.a(alt_io_redirect.o) (open)
../leds_controller_bsp/\libhal_bsp.a(alt_release_fd.o)
                              ../leds_controller_bsp/\libhal_bsp.a(alt_close.o) (alt_release_fd)
../leds_controller_bsp/\libhal_bsp.a(altera_nios2_gen2_irq.o)
                              ../leds_controller_bsp/\libhal_bsp.a(alt_sys_init.o) (altera_nios2_gen2_irq_init)
../leds_controller_bsp/\libhal_bsp.a(alt_find_dev.o)
                              ../leds_controller_bsp/\libhal_bsp.a(alt_open.o) (alt_find_dev)
../leds_controller_bsp/\libhal_bsp.a(alt_find_file.o)
                              ../leds_controller_bsp/\libhal_bsp.a(alt_open.o) (alt_find_file)
../leds_controller_bsp/\libhal_bsp.a(alt_get_fd.o)
[...]
Memory Configuration

Name             Origin             Length             Attributes
reset            0x0000000000000000 0x0000000000000020
memory           0x0000000000000020 0x0000000000003fe0
*default*        0x0000000000000000 0xffffffffffffffff

Linker script and memory map

LOAD ../leds_controller_bsp//obj/HAL/src/crt0.o
LOAD obj/default/hello_world.o
LOAD c:/intelfpga_lite/18.1/nios2eds/bin/gnu/h-x86_64-mingw32/bin/../lib/gcc/nios2-elf/5.3.0/../../../../../H-x86_64-mingw32/nios2-elf/lib/mno-hw-mul\libstdc++.a
LOAD c:/intelfpga_lite/18.1/nios2eds/bin/gnu/h-x86_64-mingw32/bin/../lib/gcc/nios2-elf/5.3.0/../../../../../H-x86_64-mingw32/nios2-elf/lib/mno-hw-mul\libm.a
LOAD c:/intelfpga_lite/18.1/nios2eds/bin/gnu/h-x86_64-mingw32/bin/../lib/gcc/nios2-elf/5.3.0/mno-hw-mul\libgcc.a
START GROUP
LOAD c:/intelfpga_lite/18.1/nios2eds/bin/gnu/h-x86_64-mingw32/bin/../lib/gcc/nios2-elf/5.3.0/../../../../../H-x86_64-mingw32/nios2-elf/lib/mno-hw-mul\libsmallc.a
LOAD c:/intelfpga_lite/18.1/nios2eds/bin/gnu/h-x86_64-mingw32/bin/../lib/gcc/nios2-elf/5.3.0/mno-hw-mul\libgcc.a
LOAD ../leds_controller_bsp/\libhal_bsp.a
END GROUP
LOAD c:/intelfpga_lite/18.1/nios2eds/bin/gnu/h-x86_64-mingw32/bin/../lib/gcc/nios2-elf/5.3.0/mno-hw-mul\libgcc.a
                0x0000000000000000                __alt_mem_memory = 0x0

.entry          0x0000000000000000       0x20
 *(.entry)
 .entry         0x0000000000000000       0x20 ../leds_controller_bsp//obj/HAL/src/crt0.o
                0x0000000000000000                __reset

.exceptions     0x0000000000000020        0x0
                0x0000000000000020                PROVIDE (__ram_exceptions_start, ABSOLUTE (.))
                0x0000000000000020                . = ALIGN (0x20)
 *(.irq)
 *(.exceptions.entry.label)
 *(.exceptions.entry.user)
 *(.exceptions.entry.ecc_fatal)
 *(.exceptions.entry)
 *(.exceptions.irqtest.user)
 *(.exceptions.irqtest)
 *(.exceptions.irqhandler.user)
 *(.exceptions.irqhandler)
 *(.exceptions.irqreturn.user)
 *(.exceptions.irqreturn)
 *(.exceptions.notirq.label)
 *(.exceptions.notirq.user)
 *(.exceptions.notirq)
 *(.exceptions.soft.user)
 *(.exceptions.soft)
 *(.exceptions.unknown.user)
 *(.exceptions.unknown)
 *(.exceptions.exit.label)
 *(.exceptions.exit.user)
 *(.exceptions.exit)
 *(.exceptions)
                0x0000000000000020                PROVIDE (__ram_exceptions_end, ABSOLUTE (.))
                0x0000000000000020                PROVIDE (__flash_exceptions_start, LOADADDR (.exceptions))

.text           0x0000000000000020     0x1bd4
                [!provide]                        PROVIDE (stext, ABSOLUTE (.))
 *(.interp)
 *(.hash)
 *(.dynsym)
 *(.dynstr)
 *(.gnu.version)
 *(.gnu.version_d)
 *(.gnu.version_r)
 *(.rel.init)
 *(.rela.init)
 *(.rel.text .rel.text.* .rel.gnu.linkonce.t.*)
 *(.rela.text .rela.text.* .rela.gnu.linkonce.t.*)
 *(.rel.fini)
 *(.rela.fini)
 *(.rel.rodata .rel.rodata.* .rel.gnu.linkonce.r.*)
 *(.rela.rodata .rela.rodata.* .rela.gnu.linkonce.r.*)
 *(.rel.data .rel.data.* .rel.gnu.linkonce.d.*)
 *(.rela.data .rela.data.* .rela.gnu.linkonce.d.*)
 *(.rel.tdata .rel.tdata.* .rel.gnu.linkonce.td.*)
 *(.rela.tdata .rela.tdata.* .rela.gnu.linkonce.td.*)
 *(.rel.tbss .rel.tbss.* .rel.gnu.linkonce.tb.*)
 *(.rela.tbss .rela.tbss.* .rela.gnu.linkonce.tb.*)
 *(.rel.ctors)
 *(.rela.ctors)
 *(.rel.dtors)
 *(.rela.dtors)
 *(.rel.got)
 *(.rela.got)
 *(.rel.sdata .rel.sdata.* .rel.gnu.linkonce.s.*)
 *(.rela.sdata .rela.sdata.* .rela.gnu.linkonce.s.*)
 *(.rel.sbss .rel.sbss.* .rel.gnu.linkonce.sb.*)
 *(.rela.sbss .rela.sbss.* .rela.gnu.linkonce.sb.*)
 *(.rel.sdata2 .rel.sdata2.* .rel.gnu.linkonce.s2.*)
 *(.rela.sdata2 .rela.sdata2.* .rela.gnu.linkonce.s2.*)
 *(.rel.sbss2 .rel.sbss2.* .rel.gnu.linkonce.sb2.*)
 *(.rela.sbss2 .rela.sbss2.* .rela.gnu.linkonce.sb2.*)
 *(.rel.bss .rel.bss.* .rel.gnu.linkonce.b.*)
 *(.rela.bss .rela.bss.* .rela.gnu.linkonce.b.*)
 *(.rel.plt)
 *(.rela.plt)
 *(.rel.dyn)
 *(.init)
 *(.plt)
 *(.text .stub .text.* .gnu.linkonce.t.*)
 .text          0x0000000000000020       0x3c ../leds_controller_bsp//obj/HAL/src/crt0.o
                0x0000000000000020                _start
 .text          0x000000000000005c      0x840 obj/default/hello_world.o
                0x000000000000005c                enable
                0x00000000000000a4                clear_display
                0x00000000000000f0                write_text
                0x0000000000000180                init_lcd
                0x0000000000000284                sendATCommand
                0x0000000000000300                uart_ok
                0x0000000000000338                init_esp
                0x0000000000000450                publish
                0x00000000000005ec                main
 .text          0x000000000000089c       0x28 c:/intelfpga_lite/18.1/nios2eds/bin/gnu/h-x86_64-mingw32/bin/../lib/gcc/nios2-elf/5.3.0/mno-hw-mul\libgcc.a(lib2-mul.o)
                0x000000000000089c                __mulsi3
 .text          0x00000000000008c4        0x0 c:/intelfpga_lite/18.1/nios2eds/bin/gnu/h-x86_64-mingw32/bin/../lib/gcc/nios2-elf/5.3.0/../../../../../H-x86_64-mingw32/nios2-elf/lib/mno-hw-mul\libsmallc.a(lib_a-itoa.o)
 .text.__itoa   0x00000000000008c4       0x68 c:/intelfpga_lite/18.1/nios2eds/bin/gnu/h-x86_64-mingw32/bin/../lib/gcc/nios2-elf/5.3.0/../../../../../H-x86_64-mingw32/nios2-elf/lib/mno-hw-mul\libsmallc.a(lib_a-itoa.o)
                0x00000000000008c4                __itoa
 .text.itoa     0x000000000000092c        0x4 c:/intelfpga_lite/18.1/nios2eds/bin/gnu/h-x86_64-mingw32/bin/../lib/gcc/nios2-elf/5.3.0/../../../../../H-x86_64-mingw32/nios2-elf/lib/mno-hw-mul\libsmallc.a(lib_a-itoa.o)
                0x000000000000092c                itoa
 .text          0x0000000000000930        0x0 c:/intelfpga_lite/18.1/nios2eds/bin/gnu/h-x86_64-mingw32/bin/../lib/gcc/nios2-elf/5.3.0/../../../../../H-x86_64-mingw32/nios2-elf/lib/mno-hw-mul\libsmallc.a(lib_a-memcpy.o)
 .text.memcpy   0x0000000000000930       0x28 c:/intelfpga_lite/18.1/nios2eds/bin/gnu/h-x86_64-mingw32/bin/../lib/gcc/nios2-elf/5.3.0/../../../../../H-x86_64-mingw32/nios2-elf/lib/mno-hw-mul\libsmallc.a(lib_a-memcpy.o)
                0x0000000000000930                memcpy
 .text          0x0000000000000958        0x0 c:/intelfpga_lite/18.1/nios2eds/bin/gnu/h-x86_64-mingw32/bin/../lib/gcc/nios2-elf/5.3.0/../../../../../H-x86_64-mingw32/nios2-elf/lib/mno-hw-mul\libsmallc.a(lib_a-utoa.o)
 .text.__utoa   0x0000000000000958       0xfc c:/intelfpga_lite/18.1/nios2eds/bin/gnu/h-x86_64-mingw32/bin/../lib/gcc/nios2-elf/5.3.0/../../../../../H-x86_64-mingw32/nios2-elf/lib/mno-hw-mul\libsmallc.a(lib_a-utoa.o)
                0x0000000000000958                __utoa
 .text.utoa     0x0000000000000a54        0x4 c:/intelfpga_lite/18.1/nios2eds/bin/gnu/h-x86_64-mingw32/bin/../lib/gcc/nios2-elf/5.3.0/../../../../../H-x86_64-mingw32/nios2-elf/lib/mno-hw-mul\libsmallc.a(lib_a-utoa.o)
                0x0000000000000a54                utoa
 .text          0x0000000000000a58      0x1b4 c:/intelfpga_lite/18.1/nios2eds/bin/gnu/h-x86_64-mingw32/bin/../lib/gcc/nios2-elf/5.3.0/mno-hw-mul\libgcc.a(lib2-divmod.o)
                0x0000000000000a58                __divsi3
                0x0000000000000adc                __modsi3
                0x0000000000000b50                __udivsi3
                0x0000000000000bb4                __umodsi3
 .text          0x0000000000000c0c      0x114 ../leds_controller_bsp/\libhal_bsp.a(alt_load.o)
                0x0000000000000c0c                alt_load
 .text          0x0000000000000d20       0x60 ../leds_controller_bsp/\libhal_bsp.a(alt_main.o)
                0x0000000000000d20                alt_main
 .text          0x0000000000000d80        0xc ../leds_controller_bsp/\libhal_bsp.a(alt_putstr.o)
                0x0000000000000d80                alt_putstr
 .text          0x0000000000000d8c        0x4 ../leds_controller_bsp/\libhal_bsp.a(alt_usleep.o)
                0x0000000000000d8c                usleep
 .text          0x0000000000000d90       0x30 ../leds_controller_bsp/\libhal_bsp.a(alt_sys_init.o)
                0x0000000000000d90                alt_irq_init
                0x0000000000000db0                alt_sys_init
 .text          0x0000000000000dc0       0x20 ../leds_controller_bsp/\libhal_bsp.a(altera_avalon_uart_fd.o)
                0x0000000000000dc0                altera_avalon_uart_read_fd
                0x0000000000000dd0                altera_avalon_uart_write_fd
 .text          0x0000000000000de0       0x7c ../leds_controller_bsp/\libhal_bsp.a(altera_avalon_uart_read.o)
                0x0000000000000de0                altera_avalon_uart_read
 .text          0x0000000000000e5c       0x80 ../leds_controller_bsp/\libhal_bsp.a(altera_avalon_uart_write.o)
                0x0000000000000e5c                altera_avalon_uart_write
 .text          0x0000000000000edc       0x88 ../leds_controller_bsp/\libhal_bsp.a(alt_busy_sleep.o)
                0x0000000000000edc                alt_busy_sleep
 .text          0x0000000000000f64       0xc0 ../leds_controller_bsp/\libhal_bsp.a(alt_close.o)
                0x0000000000000f64                close
 .text          0x0000000000001024        0x4 ../leds_controller_bsp/\libhal_bsp.a(alt_dcache_flush_all.o)
                0x0000000000001024                alt_dcache_flush_all
 .text          0x0000000000001028        0x8 ../leds_controller_bsp/\libhal_bsp.a(alt_dev.o)
 .text          0x0000000000001030       0x6c ../leds_controller_bsp/\libhal_bsp.a(alt_dev_llist_insert.o)
                0x0000000000001030                alt_dev_llist_insert
 .text          0x000000000000109c       0x64 ../leds_controller_bsp/\libhal_bsp.a(alt_do_ctors.o)
                0x000000000000109c                _do_ctors
 .text          0x0000000000001100       0x64 ../leds_controller_bsp/\libhal_bsp.a(alt_do_dtors.o)
                0x0000000000001100                _do_dtors
 .text          0x0000000000001164        0x0 ../leds_controller_bsp/\libhal_bsp.a(alt_errno.o)
 .text          0x0000000000001164        0x4 ../leds_controller_bsp/\libhal_bsp.a(alt_icache_flush_all.o)
                0x0000000000001164                alt_icache_flush_all
 .text          0x0000000000001168      0x100 ../leds_controller_bsp/\libhal_bsp.a(alt_io_redirect.o)
                0x00000000000011f4                alt_io_redirect
 .text          0x0000000000001268      0x188 ../leds_controller_bsp/\libhal_bsp.a(alt_open.o)
                0x0000000000001268                open
 .text          0x00000000000013f0       0x5c ../leds_controller_bsp/\libhal_bsp.a(alt_release_fd.o)
                0x00000000000013f0                alt_release_fd
 .text          0x000000000000144c        0x8 ../leds_controller_bsp/\libhal_bsp.a(altera_nios2_gen2_irq.o)
                0x000000000000144c                altera_nios2_gen2_irq_init
 .text          0x0000000000001454       0x78 ../leds_controller_bsp/\libhal_bsp.a(alt_find_dev.o)
                0x0000000000001454                alt_find_dev
 .text          0x00000000000014cc       0xac ../leds_controller_bsp/\libhal_bsp.a(alt_find_file.o)
                0x00000000000014cc                alt_find_file
 .text          0x0000000000001578       0x88 ../leds_controller_bsp/\libhal_bsp.a(alt_get_fd.o)
                0x0000000000001578                alt_get_fd
 .text          0x0000000000001600        0x0 c:/intelfpga_lite/18.1/nios2eds/bin/gnu/h-x86_64-mingw32/bin/../lib/gcc/nios2-elf/5.3.0/../../../../../H-x86_64-mingw32/nios2-elf/lib/mno-hw-mul\libsmallc.a(lib_a-atexit.o)
 .text.atexit   0x0000000000001600       0x14 c:/intelfpga_lite/18.1/nios2eds/bin/gnu/h-x86_64-mingw32/bin/../lib/gcc/nios2-elf/5.3.0/../../../../../H-x86_64-mingw32/nios2-elf/lib/mno-hw-mul\libsmallc.a(lib_a-atexit.o)
                0x0000000000001600                atexit
 .text          0x0000000000001614        0x0 c:/intelfpga_lite/18.1/nios2eds/bin/gnu/h-x86_64-mingw32/bin/../lib/gcc/nios2-elf/5.3.0/../../../../../H-x86_64-mingw32/nios2-elf/lib/mno-hw-mul\libsmallc.a(lib_a-exit.o)
 .text.exit     0x0000000000001614       0x20 c:/intelfpga_lite/18.1/nios2eds/bin/gnu/h-x86_64-mingw32/bin/../lib/gcc/nios2-elf/5.3.0/../../../../../H-x86_64-mingw32/nios2-elf/lib/mno-hw-mul\libsmallc.a(lib_a-exit.o)
                0x0000000000001614                exit
 .text          0x0000000000001634        0x0 c:/intelfpga_lite/18.1/nios2eds/bin/gnu/h-x86_64-mingw32/bin/../lib/gcc/nios2-elf/5.3.0/../../../../../H-x86_64-mingw32/nios2-elf/lib/mno-hw-mul\libsmallc.a(lib_a-fputs.o)
 .text.fputs    0x0000000000001634       0x58 c:/intelfpga_lite/18.1/nios2eds/bin/gnu/h-x86_64-mingw32/bin/../lib/gcc/nios2-elf/5.3.0/../../../../../H-x86_64-mingw32/nios2-elf/lib/mno-hw-mul\libsmallc.a(lib_a-fputs.o)
                0x0000000000001634                fputs
 .text          0x000000000000168c        0x0 c:/intelfpga_lite/18.1/nios2eds/bin/gnu/h-x86_64-mingw32/bin/../lib/gcc/nios2-elf/5.3.0/../../../../../H-x86_64-mingw32/nios2-elf/lib/mno-hw-mul\libsmallc.a(lib_a-fvwrite_small_dev.o)
 .text.__sfvwrite_small_dev
                0x000000000000168c       0xb8 c:/intelfpga_lite/18.1/nios2eds/bin/gnu/h-x86_64-mingw32/bin/../lib/gcc/nios2-elf/5.3.0/../../../../../H-x86_64-mingw32/nios2-elf/lib/mno-hw-mul\libsmallc.a(lib_a-fvwrite_small_dev.o)
                0x000000000000168c                __sfvwrite_small_dev
 .text          0x0000000000001744        0x0 c:/intelfpga_lite/18.1/nios2eds/bin/gnu/h-x86_64-mingw32/bin/../lib/gcc/nios2-elf/5.3.0/../../../../../H-x86_64-mingw32/nios2-elf/lib/mno-hw-mul\libsmallc.a(lib_a-impure.o)
 .text          0x0000000000001744        0x0 c:/intelfpga_lite/18.1/nios2eds/bin/gnu/h-x86_64-mingw32/bin/../lib/gcc/nios2-elf/5.3.0/../../../../../H-x86_64-mingw32/nios2-elf/lib/mno-hw-mul\libsmallc.a(lib_a-int_errno.o)
 .text          0x0000000000001744        0x0 c:/intelfpga_lite/18.1/nios2eds/bin/gnu/h-x86_64-mingw32/bin/../lib/gcc/nios2-elf/5.3.0/../../../../../H-x86_64-mingw32/nios2-elf/lib/mno-hw-mul\libsmallc.a(lib_a-memcmp.o)
 .text.memcmp   0x0000000000001744       0x30 c:/intelfpga_lite/18.1/nios2eds/bin/gnu/h-x86_64-mingw32/bin/../lib/gcc/nios2-elf/5.3.0/../../../../../H-x86_64-mingw32/nios2-elf/lib/mno-hw-mul\libsmallc.a(lib_a-memcmp.o)
                0x0000000000001744                memcmp
 .text          0x0000000000001774        0x0 c:/intelfpga_lite/18.1/nios2eds/bin/gnu/h-x86_64-mingw32/bin/../lib/gcc/nios2-elf/5.3.0/../../../../../H-x86_64-mingw32/nios2-elf/lib/mno-hw-mul\libsmallc.a(lib_a-strlen.o)
 .text.strlen   0x0000000000001774       0x1c c:/intelfpga_lite/18.1/nios2eds/bin/gnu/h-x86_64-mingw32/bin/../lib/gcc/nios2-elf/5.3.0/../../../../../H-x86_64-mingw32/nios2-elf/lib/mno-hw-mul\libsmallc.a(lib_a-strlen.o)
                0x0000000000001774                strlen
 .text          0x0000000000001790        0x0 c:/intelfpga_lite/18.1/nios2eds/bin/gnu/h-x86_64-mingw32/bin/../lib/gcc/nios2-elf/5.3.0/../../../../../H-x86_64-mingw32/nios2-elf/lib/mno-hw-mul\libsmallc.a(lib_a-writer.o)
 .text._write_r
                0x0000000000001790       0x58 c:/intelfpga_lite/18.1/nios2eds/bin/gnu/h-x86_64-mingw32/bin/../lib/gcc/nios2-elf/5.3.0/../../../../../H-x86_64-mingw32/nios2-elf/lib/mno-hw-mul\libsmallc.a(lib_a-writer.o)
                0x0000000000001790                _write_r
 .text          0x00000000000017e8        0x0 c:/intelfpga_lite/18.1/nios2eds/bin/gnu/h-x86_64-mingw32/bin/../lib/gcc/nios2-elf/5.3.0/../../../../../H-x86_64-mingw32/nios2-elf/lib/mno-hw-mul\libsmallc.a(lib_a-__atexit.o)
 .text.__register_exitproc
                0x00000000000017e8      0x158 c:/intelfpga_lite/18.1/nios2eds/bin/gnu/h-x86_64-mingw32/bin/../lib/gcc/nios2-elf/5.3.0/../../../../../H-x86_64-mingw32/nios2-elf/lib/mno-hw-mul\libsmallc.a(lib_a-__atexit.o)
                0x00000000000017e8                __register_exitproc
 .text          0x0000000000001940        0x0 c:/intelfpga_lite/18.1/nios2eds/bin/gnu/h-x86_64-mingw32/bin/../lib/gcc/nios2-elf/5.3.0/../../../../../H-x86_64-mingw32/nios2-elf/lib/mno-hw-mul\libsmallc.a(lib_a-__call_atexit.o)
 .text.__call_exitprocs
                0x0000000000001940      0x190 c:/intelfpga_lite/18.1/nios2eds/bin/gnu/h-x86_64-mingw32/bin/../lib/gcc/nios2-elf/5.3.0/../../../../../H-x86_64-mingw32/nios2-elf/lib/mno-hw-mul\libsmallc.a(lib_a-__call_atexit.o)
                0x0000000000001940                __call_exitprocs
 .text          0x0000000000001ad0       0x14 ../leds_controller_bsp/\libhal_bsp.a(alt_exit.o)
                0x0000000000001ad0                _exit
 .text          0x0000000000001ae4      0x110 ../leds_controller_bsp/\libhal_bsp.a(alt_write.o)
                0x0000000000001ae4                write
 *(.gnu.warning.*)
 *(.fini)
                [!provide]                        PROVIDE (__etext, ABSOLUTE (.))
                [!provide]                        PROVIDE (_etext, ABSOLUTE (.))
                [!provide]                        PROVIDE (etext, ABSOLUTE (.))
 *(.eh_frame_hdr)
                0x0000000000001bf4                . = ALIGN (0x4)
                [!provide]                        PROVIDE (__preinit_array_start, ABSOLUTE (.))
 *(.preinit_array)
                [!provide]                        PROVIDE (__preinit_array_end, ABSOLUTE (.))
                [!provide]                        PROVIDE (__init_array_start, ABSOLUTE (.))
 *(.init_array)
                [!provide]                        PROVIDE (__init_array_end, ABSOLUTE (.))
                [!provide]                        PROVIDE (__fini_array_start, ABSOLUTE (.))
 *(.fini_array)
                [!provide]                        PROVIDE (__fini_array_end, ABSOLUTE (.))
 *(.eh_frame)
 *(.gcc_except_table .gcc_except_table.*)
 *(.dynamic)
                0x0000000000001bf4                PROVIDE (__CTOR_LIST__, ABSOLUTE (.))
 *(.ctors)
 *(SORT(.ctors.*))
                0x0000000000001bf4                PROVIDE (__CTOR_END__, ABSOLUTE (.))
                0x0000000000001bf4                PROVIDE (__DTOR_LIST__, ABSOLUTE (.))
 *(.dtors)
 *(SORT(.dtors.*))
                0x0000000000001bf4                PROVIDE (__DTOR_END__, ABSOLUTE (.))
 *(.jcr)
                0x0000000000001bf4                . = ALIGN (0x4)

.rodata         0x0000000000001bf4      0x1c0
                0x0000000000001bf4                PROVIDE (__ram_rodata_start, ABSOLUTE (.))
                0x0000000000001bf4                . = ALIGN (0x4)
 *(.rodata .rodata.* .gnu.linkonce.r.*)
 .rodata        0x0000000000001bf4      0x17e obj/default/hello_world.o
 *fill*         0x0000000000001d72        0x2 
 .rodata.str1.4
                0x0000000000001d74       0x25 c:/intelfpga_lite/18.1/nios2eds/bin/gnu/h-x86_64-mingw32/bin/../lib/gcc/nios2-elf/5.3.0/../../../../../H-x86_64-mingw32/nios2-elf/lib/mno-hw-mul\libsmallc.a(lib_a-utoa.o)
 *fill*         0x0000000000001d99        0x3 
 .rodata.str1.4
                0x0000000000001d9c        0xa ../leds_controller_bsp/\libhal_bsp.a(alt_main.o)
 .rodata.str1.4
                0x0000000000001da6        0xa ../leds_controller_bsp/\libhal_bsp.a(alt_sys_init.o)
 *fill*         0x0000000000001da6        0x2 
 .rodata.str1.4
                0x0000000000001da8        0xc ../leds_controller_bsp/\libhal_bsp.a(alt_dev.o)
                                          0xa (size before relaxing)
 *(.rodata1)
                0x0000000000001db4                . = ALIGN (0x4)
                0x0000000000001db4                PROVIDE (__ram_rodata_end, ABSOLUTE (.))
                0x0000000000001bf4                PROVIDE (__flash_rodata_start, LOADADDR (.rodata))

.rwdata         0x0000000000001db4      0x2d4 load address 0x0000000000002088
                0x0000000000001db4                PROVIDE (__ram_rwdata_start, ABSOLUTE (.))
                0x0000000000001db4                . = ALIGN (0x4)
 *(.got.plt)
 *(.got)
 *(.data1)
 *(.data .data.* .gnu.linkonce.d.*)
 .data          0x0000000000001db4        0x0 ../leds_controller_bsp//obj/HAL/src/crt0.o
 .data          0x0000000000001db4        0x0 obj/default/hello_world.o
 .data          0x0000000000001db4        0x0 c:/intelfpga_lite/18.1/nios2eds/bin/gnu/h-x86_64-mingw32/bin/../lib/gcc/nios2-elf/5.3.0/mno-hw-mul\libgcc.a(lib2-mul.o)
 .data          0x0000000000001db4        0x0 c:/intelfpga_lite/18.1/nios2eds/bin/gnu/h-x86_64-mingw32/bin/../lib/gcc/nios2-elf/5.3.0/../../../../../H-x86_64-mingw32/nios2-elf/lib/mno-hw-mul\libsmallc.a(lib_a-itoa.o)
 .data          0x0000000000001db4        0x0 c:/intelfpga_lite/18.1/nios2eds/bin/gnu/h-x86_64-mingw32/bin/../lib/gcc/nios2-elf/5.3.0/../../../../../H-x86_64-mingw32/nios2-elf/lib/mno-hw-mul\libsmallc.a(lib_a-memcpy.o)
 .data          0x0000000000001db4        0x0 c:/intelfpga_lite/18.1/nios2eds/bin/gnu/h-x86_64-mingw32/bin/../lib/gcc/nios2-elf/5.3.0/../../../../../H-x86_64-mingw32/nios2-elf/lib/mno-hw-mul\libsmallc.a(lib_a-utoa.o)
 .data          0x0000000000001db4        0x0 c:/intelfpga_lite/18.1/nios2eds/bin/gnu/h-x86_64-mingw32/bin/../lib/gcc/nios2-elf/5.3.0/mno-hw-mul\libgcc.a(lib2-divmod.o)
 .data          0x0000000000001db4        0x0 ../leds_controller_bsp/\libhal_bsp.a(alt_load.o)
 .data          0x0000000000001db4        0x0 ../leds_controller_bsp/\libhal_bsp.a(alt_main.o)
 .data          0x0000000000001db4        0x0 ../leds_controller_bsp/\libhal_bsp.a(alt_putstr.o)
 .data          0x0000000000001db4        0x0 ../leds_controller_bsp/\libhal_bsp.a(alt_usleep.o)
 .data          0x0000000000001db4       0x2c ../leds_controller_bsp/\libhal_bsp.a(alt_sys_init.o)
 .data          0x0000000000001de0        0x0 ../leds_controller_bsp/\libhal_bsp.a(altera_avalon_uart_fd.o)
 .data          0x0000000000001de0        0x0 ../leds_controller_bsp/\libhal_bsp.a(altera_avalon_uart_read.o)
 .data          0x0000000000001de0        0x0 ../leds_controller_bsp/\libhal_bsp.a(altera_avalon_uart_write.o)
 .data          0x0000000000001de0        0x0 ../leds_controller_bsp/\libhal_bsp.a(alt_busy_sleep.o)
 .data          0x0000000000001de0        0x0 ../leds_controller_bsp/\libhal_bsp.a(alt_close.o)
 .data          0x0000000000001de0        0x0 ../leds_controller_bsp/\libhal_bsp.a(alt_dcache_flush_all.o)
 .data          0x0000000000001de0      0x1a8 ../leds_controller_bsp/\libhal_bsp.a(alt_dev.o)
                0x0000000000001de0                alt_fd_list
                0x0000000000001f60                alt_dev_null
 .data          0x0000000000001f88        0x0 ../leds_controller_bsp/\libhal_bsp.a(alt_dev_llist_insert.o)
 .data          0x0000000000001f88        0x0 ../leds_controller_bsp/\libhal_bsp.a(alt_do_ctors.o)
 .data          0x0000000000001f88        0x0 ../leds_controller_bsp/\libhal_bsp.a(alt_do_dtors.o)
 .data          0x0000000000001f88        0x0 ../leds_controller_bsp/\libhal_bsp.a(alt_errno.o)
 .data          0x0000000000001f88        0x0 ../leds_controller_bsp/\libhal_bsp.a(alt_icache_flush_all.o)
 .data          0x0000000000001f88        0x0 ../leds_controller_bsp/\libhal_bsp.a(alt_io_redirect.o)
 .data          0x0000000000001f88        0x0 ../leds_controller_bsp/\libhal_bsp.a(alt_open.o)
 .data          0x0000000000001f88        0x0 ../leds_controller_bsp/\libhal_bsp.a(alt_release_fd.o)
 .data          0x0000000000001f88        0x0 ../leds_controller_bsp/\libhal_bsp.a(altera_nios2_gen2_irq.o)
 .data          0x0000000000001f88        0x0 ../leds_controller_bsp/\libhal_bsp.a(alt_find_dev.o)
 .data          0x0000000000001f88        0x0 ../leds_controller_bsp/\libhal_bsp.a(alt_find_file.o)
 .data          0x0000000000001f88        0x0 ../leds_controller_bsp/\libhal_bsp.a(alt_get_fd.o)
 .data          0x0000000000001f88        0x0 c:/intelfpga_lite/18.1/nios2eds/bin/gnu/h-x86_64-mingw32/bin/../lib/gcc/nios2-elf/5.3.0/../../../../../H-x86_64-mingw32/nios2-elf/lib/mno-hw-mul\libsmallc.a(lib_a-atexit.o)
 .data          0x0000000000001f88        0x0 c:/intelfpga_lite/18.1/nios2eds/bin/gnu/h-x86_64-mingw32/bin/../lib/gcc/nios2-elf/5.3.0/../../../../../H-x86_64-mingw32/nios2-elf/lib/mno-hw-mul\libsmallc.a(lib_a-exit.o)
 .data          0x0000000000001f88        0x0 c:/intelfpga_lite/18.1/nios2eds/bin/gnu/h-x86_64-mingw32/bin/../lib/gcc/nios2-elf/5.3.0/../../../../../H-x86_64-mingw32/nios2-elf/lib/mno-hw-mul\libsmallc.a(lib_a-fputs.o)
 .data          0x0000000000001f88        0x0 c:/intelfpga_lite/18.1/nios2eds/bin/gnu/h-x86_64-mingw32/bin/../lib/gcc/nios2-elf/5.3.0/../../../../../H-x86_64-mingw32/nios2-elf/lib/mno-hw-mul\libsmallc.a(lib_a-fvwrite_small_dev.o)
 .data          0x0000000000001f88        0x0 c:/intelfpga_lite/18.1/nios2eds/bin/gnu/h-x86_64-mingw32/bin/../lib/gcc/nios2-elf/5.3.0/../../../../../H-x86_64-mingw32/nios2-elf/lib/mno-hw-mul\libsmallc.a(lib_a-impure.o)
 .data.impure_data
                0x0000000000001f88       0xe0 c:/intelfpga_lite/18.1/nios2eds/bin/gnu/h-x86_64-mingw32/bin/../lib/gcc/nios2-elf/5.3.0/../../../../../H-x86_64-mingw32/nios2-elf/lib/mno-hw-mul\libsmallc.a(lib_a-impure.o)
 .data          0x0000000000002068        0x0 c:/intelfpga_lite/18.1/nios2eds/bin/gnu/h-x86_64-mingw32/bin/../lib/gcc/nios2-elf/5.3.0/../../../../../H-x86_64-mingw32/nios2-elf/lib/mno-hw-mul\libsmallc.a(lib_a-int_errno.o)
 .data          0x0000000000002068        0x0 c:/intelfpga_lite/18.1/nios2eds/bin/gnu/h-x86_64-mingw32/bin/../lib/gcc/nios2-elf/5.3.0/../../../../../H-x86_64-mingw32/nios2-elf/lib/mno-hw-mul\libsmallc.a(lib_a-memcmp.o)
 .data          0x0000000000002068        0x0 c:/intelfpga_lite/18.1/nios2eds/bin/gnu/h-x86_64-mingw32/bin/../lib/gcc/nios2-elf/5.3.0/../../../../../H-x86_64-mingw32/nios2-elf/lib/mno-hw-mul\libsmallc.a(lib_a-strlen.o)
 .data          0x0000000000002068        0x0 c:/intelfpga_lite/18.1/nios2eds/bin/gnu/h-x86_64-mingw32/bin/../lib/gcc/nios2-elf/5.3.0/../../../../../H-x86_64-mingw32/nios2-elf/lib/mno-hw-mul\libsmallc.a(lib_a-writer.o)
 .data          0x0000000000002068        0x0 c:/intelfpga_lite/18.1/nios2eds/bin/gnu/h-x86_64-mingw32/bin/../lib/gcc/nios2-elf/5.3.0/../../../../../H-x86_64-mingw32/nios2-elf/lib/mno-hw-mul\libsmallc.a(lib_a-__atexit.o)
 .data          0x0000000000002068        0x0 c:/intelfpga_lite/18.1/nios2eds/bin/gnu/h-x86_64-mingw32/bin/../lib/gcc/nios2-elf/5.3.0/../../../../../H-x86_64-mingw32/nios2-elf/lib/mno-hw-mul\libsmallc.a(lib_a-__call_atexit.o)
 .data          0x0000000000002068        0x0 ../leds_controller_bsp/\libhal_bsp.a(alt_exit.o)
 .data          0x0000000000002068        0x0 ../leds_controller_bsp/\libhal_bsp.a(alt_write.o)
                0x000000000000a068                _gp = ABSOLUTE ((. + 0x8000))
                [!provide]                        PROVIDE (gp, _gp)
 *(.rwdata .rwdata.*)
 *(.sdata .sdata.* .gnu.linkonce.s.*)
 .sdata         0x0000000000002068       0x14 ../leds_controller_bsp/\libhal_bsp.a(alt_dev.o)
                0x0000000000002068                alt_max_fd
                0x000000000000206c                alt_dev_list
                0x0000000000002074                alt_fs_list
 .sdata         0x000000000000207c        0x4 ../leds_controller_bsp/\libhal_bsp.a(alt_errno.o)
                0x000000000000207c                alt_errno
 .sdata._global_impure_ptr
                0x0000000000002080        0x4 c:/intelfpga_lite/18.1/nios2eds/bin/gnu/h-x86_64-mingw32/bin/../lib/gcc/nios2-elf/5.3.0/../../../../../H-x86_64-mingw32/nios2-elf/lib/mno-hw-mul\libsmallc.a(lib_a-impure.o)
                0x0000000000002080                _global_impure_ptr
 .sdata._impure_ptr
                0x0000000000002084        0x4 c:/intelfpga_lite/18.1/nios2eds/bin/gnu/h-x86_64-mingw32/bin/../lib/gcc/nios2-elf/5.3.0/../../../../../H-x86_64-mingw32/nios2-elf/lib/mno-hw-mul\libsmallc.a(lib_a-impure.o)
                0x0000000000002084                _impure_ptr
 *(.sdata2 .sdata2.* .gnu.linkonce.s2.*)
                0x0000000000002088                . = ALIGN (0x4)
                0x0000000000002088                _edata = ABSOLUTE (.)
                [!provide]                        PROVIDE (edata, ABSOLUTE (.))
                0x0000000000002088                PROVIDE (__ram_rwdata_end, ABSOLUTE (.))
                0x0000000000002088                PROVIDE (__flash_rwdata_start, LOADADDR (.rwdata))

.bss            0x000000000000235c       0x10
                0x000000000000235c                __bss_start = ABSOLUTE (.)
                [!provide]                        PROVIDE (__sbss_start, ABSOLUTE (.))
                [!provide]                        PROVIDE (___sbss_start, ABSOLUTE (.))
 *(.dynsbss)
 *(.sbss .sbss.* .gnu.linkonce.sb.*)
 .sbss          0x000000000000235c        0xc ../leds_controller_bsp/\libhal_bsp.a(alt_main.o)
                0x000000000000235c                alt_envp
                0x0000000000002360                alt_argv
                0x0000000000002364                alt_argc
 .sbss          0x0000000000002368        0x4 c:/intelfpga_lite/18.1/nios2eds/bin/gnu/h-x86_64-mingw32/bin/../lib/gcc/nios2-elf/5.3.0/../../../../../H-x86_64-mingw32/nios2-elf/lib/mno-hw-mul\libsmallc.a(lib_a-int_errno.o)
                0x0000000000002368                errno
 *(.sbss2 .sbss2.* .gnu.linkonce.sb2.*)
 *(.scommon)
                [!provide]                        PROVIDE (__sbss_end, ABSOLUTE (.))
                [!provide]                        PROVIDE (___sbss_end, ABSOLUTE (.))
 *(.dynbss)
 *(.bss .bss.* .gnu.linkonce.b.*)
 .bss           0x000000000000236c        0x0 ../leds_controller_bsp//obj/HAL/src/crt0.o
 .bss           0x000000000000236c        0x0 obj/default/hello_world.o
 .bss           0x000000000000236c        0x0 c:/intelfpga_lite/18.1/nios2eds/bin/gnu/h-x86_64-mingw32/bin/../lib/gcc/nios2-elf/5.3.0/mno-hw-mul\libgcc.a(lib2-mul.o)
 .bss           0x000000000000236c        0x0 c:/intelfpga_lite/18.1/nios2eds/bin/gnu/h-x86_64-mingw32/bin/../lib/gcc/nios2-elf/5.3.0/../../../../../H-x86_64-mingw32/nios2-elf/lib/mno-hw-mul\libsmallc.a(lib_a-itoa.o)
 .bss           0x000000000000236c        0x0 c:/intelfpga_lite/18.1/nios2eds/bin/gnu/h-x86_64-mingw32/bin/../lib/gcc/nios2-elf/5.3.0/../../../../../H-x86_64-mingw32/nios2-elf/lib/mno-hw-mul\libsmallc.a(lib_a-memcpy.o)
 .bss           0x000000000000236c        0x0 c:/intelfpga_lite/18.1/nios2eds/bin/gnu/h-x86_64-mingw32/bin/../lib/gcc/nios2-elf/5.3.0/../../../../../H-x86_64-mingw32/nios2-elf/lib/mno-hw-mul\libsmallc.a(lib_a-utoa.o)
 .bss           0x000000000000236c        0x0 c:/intelfpga_lite/18.1/nios2eds/bin/gnu/h-x86_64-mingw32/bin/../lib/gcc/nios2-elf/5.3.0/mno-hw-mul\libgcc.a(lib2-divmod.o)
 .bss           0x000000000000236c        0x0 ../leds_controller_bsp/\libhal_bsp.a(alt_load.o)
 .bss           0x000000000000236c        0x0 ../leds_controller_bsp/\libhal_bsp.a(alt_main.o)
 .bss           0x000000000000236c        0x0 ../leds_controller_bsp/\libhal_bsp.a(alt_putstr.o)
 .bss           0x000000000000236c        0x0 ../leds_controller_bsp/\libhal_bsp.a(alt_usleep.o)
 .bss           0x000000000000236c        0x0 ../leds_controller_bsp/\libhal_bsp.a(alt_sys_init.o)
 .bss           0x000000000000236c        0x0 ../leds_controller_bsp/\libhal_bsp.a(altera_avalon_uart_fd.o)
 .bss           0x000000000000236c        0x0 ../leds_controller_bsp/\libhal_bsp.a(altera_avalon_uart_read.o)
 .bss           0x000000000000236c        0x0 ../leds_controller_bsp/\libhal_bsp.a(altera_avalon_uart_write.o)
 .bss           0x000000000000236c        0x0 ../leds_controller_bsp/\libhal_bsp.a(alt_busy_sleep.o)
 .bss           0x000000000000236c        0x0 ../leds_controller_bsp/\libhal_bsp.a(alt_close.o)
 .bss           0x000000000000236c        0x0 ../leds_controller_bsp/\libhal_bsp.a(alt_dcache_flush_all.o)
 .bss           0x000000000000236c        0x0 ../leds_controller_bsp/\libhal_bsp.a(alt_dev.o)
 .bss           0x000000000000236c        0x0 ../leds_controller_bsp/\libhal_bsp.a(alt_dev_llist_insert.o)
 .bss           0x000000000000236c        0x0 ../leds_controller_bsp/\libhal_bsp.a(alt_do_ctors.o)
 .bss           0x000000000000236c        0x0 ../leds_controller_bsp/\libhal_bsp.a(alt_do_dtors.o)
 .bss           0x000000000000236c        0x0 ../leds_controller_bsp/\libhal_bsp.a(alt_errno.o)
 .bss           0x000000000000236c        0x0 ../leds_controller_bsp/\libhal_bsp.a(alt_icache_flush_all.o)
 .bss           0x000000000000236c        0x0 ../leds_controller_bsp/\libhal_bsp.a(alt_io_redirect.o)
 .bss           0x000000000000236c        0x0 ../leds_controller_bsp/\libhal_bsp.a(alt_open.o)
 .bss           0x000000000000236c        0x0 ../leds_controller_bsp/\libhal_bsp.a(alt_release_fd.o)
 .bss           0x000000000000236c        0x0 ../leds_controller_bsp/\libhal_bsp.a(altera_nios2_gen2_irq.o)
 .bss           0x000000000000236c        0x0 ../leds_controller_bsp/\libhal_bsp.a(alt_find_dev.o)
 .bss           0x000000000000236c        0x0 ../leds_controller_bsp/\libhal_bsp.a(alt_find_file.o)
 .bss           0x000000000000236c        0x0 ../leds_controller_bsp/\libhal_bsp.a(alt_get_fd.o)
 .bss           0x000000000000236c        0x0 c:/intelfpga_lite/18.1/nios2eds/bin/gnu/h-x86_64-mingw32/bin/../lib/gcc/nios2-elf/5.3.0/../../../../../H-x86_64-mingw32/nios2-elf/lib/mno-hw-mul\libsmallc.a(lib_a-atexit.o)
 .bss           0x000000000000236c        0x0 c:/intelfpga_lite/18.1/nios2eds/bin/gnu/h-x86_64-mingw32/bin/../lib/gcc/nios2-elf/5.3.0/../../../../../H-x86_64-mingw32/nios2-elf/lib/mno-hw-mul\libsmallc.a(lib_a-exit.o)
 .bss           0x000000000000236c        0x0 c:/intelfpga_lite/18.1/nios2eds/bin/gnu/h-x86_64-mingw32/bin/../lib/gcc/nios2-elf/5.3.0/../../../../../H-x86_64-mingw32/nios2-elf/lib/mno-hw-mul\libsmallc.a(lib_a-fputs.o)
 .bss           0x000000000000236c        0x0 c:/intelfpga_lite/18.1/nios2eds/bin/gnu/h-x86_64-mingw32/bin/../lib/gcc/nios2-elf/5.3.0/../../../../../H-x86_64-mingw32/nios2-elf/lib/mno-hw-mul\libsmallc.a(lib_a-fvwrite_small_dev.o)
 .bss           0x000000000000236c        0x0 c:/intelfpga_lite/18.1/nios2eds/bin/gnu/h-x86_64-mingw32/bin/../lib/gcc/nios2-elf/5.3.0/../../../../../H-x86_64-mingw32/nios2-elf/lib/mno-hw-mul\libsmallc.a(lib_a-impure.o)
 .bss           0x000000000000236c        0x0 c:/intelfpga_lite/18.1/nios2eds/bin/gnu/h-x86_64-mingw32/bin/../lib/gcc/nios2-elf/5.3.0/../../../../../H-x86_64-mingw32/nios2-elf/lib/mno-hw-mul\libsmallc.a(lib_a-int_errno.o)
 .bss           0x000000000000236c        0x0 c:/intelfpga_lite/18.1/nios2eds/bin/gnu/h-x86_64-mingw32/bin/../lib/gcc/nios2-elf/5.3.0/../../../../../H-x86_64-mingw32/nios2-elf/lib/mno-hw-mul\libsmallc.a(lib_a-memcmp.o)
 .bss           0x000000000000236c        0x0 c:/intelfpga_lite/18.1/nios2eds/bin/gnu/h-x86_64-mingw32/bin/../lib/gcc/nios2-elf/5.3.0/../../../../../H-x86_64-mingw32/nios2-elf/lib/mno-hw-mul\libsmallc.a(lib_a-strlen.o)
 .bss           0x000000000000236c        0x0 c:/intelfpga_lite/18.1/nios2eds/bin/gnu/h-x86_64-mingw32/bin/../lib/gcc/nios2-elf/5.3.0/../../../../../H-x86_64-mingw32/nios2-elf/lib/mno-hw-mul\libsmallc.a(lib_a-writer.o)
 .bss           0x000000000000236c        0x0 c:/intelfpga_lite/18.1/nios2eds/bin/gnu/h-x86_64-mingw32/bin/../lib/gcc/nios2-elf/5.3.0/../../../../../H-x86_64-mingw32/nios2-elf/lib/mno-hw-mul\libsmallc.a(lib_a-__atexit.o)
 .bss           0x000000000000236c        0x0 c:/intelfpga_lite/18.1/nios2eds/bin/gnu/h-x86_64-mingw32/bin/../lib/gcc/nios2-elf/5.3.0/../../../../../H-x86_64-mingw32/nios2-elf/lib/mno-hw-mul\libsmallc.a(lib_a-__call_atexit.o)
 .bss           0x000000000000236c        0x0 ../leds_controller_bsp/\libhal_bsp.a(alt_exit.o)
 .bss           0x000000000000236c        0x0 ../leds_controller_bsp/\libhal_bsp.a(alt_write.o)
 *(COMMON)
                0x000000000000236c                . = ALIGN (0x4)
                0x000000000000236c                __bss_end = ABSOLUTE (.)

.memory         0x000000000000236c        0x0
                [!provide]                        PROVIDE (_alt_partition_memory_start, ABSOLUTE (.))
 *(.memory .memory. memory.*)
                0x000000000000236c                . = ALIGN (0x4)
                [!provide]                        PROVIDE (_alt_partition_memory_end, ABSOLUTE (.))
                0x000000000000236c                _end = ABSOLUTE (.)
                0x000000000000236c                end = ABSOLUTE (.)
                0x000000000000236c                __alt_stack_base = ABSOLUTE (.)
                [!provide]                        PROVIDE (_alt_partition_memory_load_addr, LOADADDR (.memory))

.stab
 *(.stab)

.stabstr
 *(.stabstr)

.stab.excl
 *(.stab.excl)

.stab.exclstr
 *(.stab.exclstr)

.stab.index
 *(.stab.index)

.stab.indexstr
 *(.stab.indexstr)

.comment        0x0000000000000000       0x23
 *(.comment)
 .comment       0x0000000000000000       0x23 obj/default/hello_world.o
                                         0x24 (size before relaxing)
 .comment       0x0000000000000023       0x24 c:/intelfpga_lite/18.1/nios2eds/bin/gnu/h-x86_64-mingw32/bin/../lib/gcc/nios2-elf/5.3.0/mno-hw-mul\libgcc.a(lib2-mul.o)
 .comment       0x0000000000000023       0x24 c:/intelfpga_lite/18.1/nios2eds/bin/gnu/h-x86_64-mingw32/bin/../lib/gcc/nios2-elf/5.3.0/../../../../../H-x86_64-mingw32/nios2-elf/lib/mno-hw-mul\libsmallc.a(lib_a-itoa.o)
 .comment       0x0000000000000023       0x24 c:/intelfpga_lite/18.1/nios2eds/bin/gnu/h-x86_64-mingw32/bin/../lib/gcc/nios2-elf/5.3.0/../../../../../H-x86_64-mingw32/nios2-elf/lib/mno-hw-mul\libsmallc.a(lib_a-memcpy.o)
 .comment       0x0000000000000023       0x24 c:/intelfpga_lite/18.1/nios2eds/bin/gnu/h-x86_64-mingw32/bin/../lib/gcc/nios2-elf/5.3.0/../../../../../H-x86_64-mingw32/nios2-elf/lib/mno-hw-mul\libsmallc.a(lib_a-utoa.o)
 .comment       0x0000000000000023       0x24 c:/intelfpga_lite/18.1/nios2eds/bin/gnu/h-x86_64-mingw32/bin/../lib/gcc/nios2-elf/5.3.0/mno-hw-mul\libgcc.a(lib2-divmod.o)
 .comment       0x0000000000000023       0x24 ../leds_controller_bsp/\libhal_bsp.a(alt_load.o)
 .comment       0x0000000000000023       0x24 ../leds_controller_bsp/\libhal_bsp.a(alt_main.o)
 .comment       0x0000000000000023       0x24 ../leds_controller_bsp/\libhal_bsp.a(alt_putstr.o)
 .comment       0x0000000000000023       0x24 ../leds_controller_bsp/\libhal_bsp.a(alt_usleep.o)
 .comment       0x0000000000000023       0x24 ../leds_controller_bsp/\libhal_bsp.a(alt_sys_init.o)
 .comment       0x0000000000000023       0x24 ../leds_controller_bsp/\libhal_bsp.a(altera_avalon_uart_fd.o)
 .comment       0x0000000000000023       0x24 ../leds_controller_bsp/\libhal_bsp.a(altera_avalon_uart_read.o)
 .comment       0x0000000000000023       0x24 ../leds_controller_bsp/\libhal_bsp.a(altera_avalon_uart_write.o)
 .comment       0x0000000000000023       0x24 ../leds_controller_bsp/\libhal_bsp.a(alt_busy_sleep.o)
 .comment       0x0000000000000023       0x24 ../leds_controller_bsp/\libhal_bsp.a(alt_close.o)
 .comment       0x0000000000000023       0x24 ../leds_controller_bsp/\libhal_bsp.a(alt_dcache_flush_all.o)
 .comment       0x0000000000000023       0x24 ../leds_controller_bsp/\libhal_bsp.a(alt_dev.o)
 .comment       0x0000000000000023       0x24 ../leds_controller_bsp/\libhal_bsp.a(alt_dev_llist_insert.o)
 .comment       0x0000000000000023       0x24 ../leds_controller_bsp/\libhal_bsp.a(alt_do_ctors.o)
 .comment       0x0000000000000023       0x24 ../leds_controller_bsp/\libhal_bsp.a(alt_do_dtors.o)
 .comment       0x0000000000000023       0x24 ../leds_controller_bsp/\libhal_bsp.a(alt_errno.o)
 .comment       0x0000000000000023       0x24 ../leds_controller_bsp/\libhal_bsp.a(alt_icache_flush_all.o)
 .comment       0x0000000000000023       0x24 ../leds_controller_bsp/\libhal_bsp.a(alt_io_redirect.o)
 .comment       0x0000000000000023       0x24 ../leds_controller_bsp/\libhal_bsp.a(alt_open.o)
 .comment       0x0000000000000023       0x24 ../leds_controller_bsp/\libhal_bsp.a(alt_release_fd.o)
 .comment       0x0000000000000023       0x24 ../leds_controller_bsp/\libhal_bsp.a(altera_nios2_gen2_irq.o)
 .comment       0x0000000000000023       0x24 ../leds_controller_bsp/\libhal_bsp.a(alt_find_dev.o)
 .comment       0x0000000000000023       0x24 ../leds_controller_bsp/\libhal_bsp.a(alt_find_file.o)
 .comment       0x0000000000000023       0x24 ../leds_controller_bsp/\libhal_bsp.a(alt_get_fd.o)
 .comment       0x0000000000000023       0x24 c:/intelfpga_lite/18.1/nios2eds/bin/gnu/h-x86_64-mingw32/bin/../lib/gcc/nios2-elf/5.3.0/../../../../../H-x86_64-mingw32/nios2-elf/lib/mno-hw-mul\libsmallc.a(lib_a-atexit.o)
 .comment       0x0000000000000023       0x24 c:/intelfpga_lite/18.1/nios2eds/bin/gnu/h-x86_64-mingw32/bin/../lib/gcc/nios2-elf/5.3.0/../../../../../H-x86_64-mingw32/nios2-elf/lib/mno-hw-mul\libsmallc.a(lib_a-exit.o)
 .comment       0x0000000000000023       0x24 c:/intelfpga_lite/18.1/nios2eds/bin/gnu/h-x86_64-mingw32/bin/../lib/gcc/nios2-elf/5.3.0/../../../../../H-x86_64-mingw32/nios2-elf/lib/mno-hw-mul\libsmallc.a(lib_a-fputs.o)
 .comment       0x0000000000000023       0x24 c:/intelfpga_lite/18.1/nios2eds/bin/gnu/h-x86_64-mingw32/bin/../lib/gcc/nios2-elf/5.3.0/../../../../../H-x86_64-mingw32/nios2-elf/lib/mno-hw-mul\libsmallc.a(lib_a-fvwrite_small_dev.o)
 .comment       0x0000000000000023       0x24 c:/intelfpga_lite/18.1/nios2eds/bin/gnu/h-x86_64-mingw32/bin/../lib/gcc/nios2-elf/5.3.0/../../../../../H-x86_64-mingw32/nios2-elf/lib/mno-hw-mul\libsmallc.a(lib_a-impure.o)
 .comment       0x0000000000000023       0x24 c:/intelfpga_lite/18.1/nios2eds/bin/gnu/h-x86_64-mingw32/bin/../lib/gcc/nios2-elf/5.3.0/../../../../../H-x86_64-mingw32/nios2-elf/lib/mno-hw-mul\libsmallc.a(lib_a-int_errno.o)
 .comment       0x0000000000000023       0x24 c:/intelfpga_lite/18.1/nios2eds/bin/gnu/h-x86_64-mingw32/bin/../lib/gcc/nios2-elf/5.3.0/../../../../../H-x86_64-mingw32/nios2-elf/lib/mno-hw-mul\libsmallc.a(lib_a-memcmp.o)
 .comment       0x0000000000000023       0x24 c:/intelfpga_lite/18.1/nios2eds/bin/gnu/h-x86_64-mingw32/bin/../lib/gcc/nios2-elf/5.3.0/../../../../../H-x86_64-mingw32/nios2-elf/lib/mno-hw-mul\libsmallc.a(lib_a-strlen.o)
 .comment       0x0000000000000023       0x24 c:/intelfpga_lite/18.1/nios2eds/bin/gnu/h-x86_64-mingw32/bin/../lib/gcc/nios2-elf/5.3.0/../../../../../H-x86_64-mingw32/nios2-elf/lib/mno-hw-mul\libsmallc.a(lib_a-writer.o)
 .comment       0x0000000000000023       0x24 c:/intelfpga_lite/18.1/nios2eds/bin/gnu/h-x86_64-mingw32/bin/../lib/gcc/nios2-elf/5.3.0/../../../../../H-x86_64-mingw32/nios2-elf/lib/mno-hw-mul\libsmallc.a(lib_a-__atexit.o)
 .comment       0x0000000000000023       0x24 c:/intelfpga_lite/18.1/nios2eds/bin/gnu/h-x86_64-mingw32/bin/../lib/gcc/nios2-elf/5.3.0/../../../../../H-x86_64-mingw32/nios2-elf/lib/mno-hw-mul\libsmallc.a(lib_a-__call_atexit.o)
 .comment       0x0000000000000023       0x24 ../leds_controller_bsp/\libhal_bsp.a(alt_exit.o)
 .comment       0x0000000000000023       0x24 ../leds_controller_bsp/\libhal_bsp.a(alt_write.o)

.debug
 *(.debug)

.line
 *(.line)

.debug_srcinfo
 *(.debug_srcinfo)

.debug_sfnames
 *(.debug_sfnames)

.debug_aranges  0x0000000000000000      0x580
 *(.debug_aranges)
 .debug_aranges
                0x0000000000000000       0x28 ../leds_controller_bsp//obj/HAL/src/crt0.o
 .debug_aranges
                0x0000000000000028       0x20 obj/default/hello_world.o
 .debug_aranges
                0x0000000000000048       0x20 c:/intelfpga_lite/18.1/nios2eds/bin/gnu/h-x86_64-mingw32/bin/../lib/gcc/nios2-elf/5.3.0/mno-hw-mul\libgcc.a(lib2-mul.o)
 .debug_aranges
                0x0000000000000068       0x28 c:/intelfpga_lite/18.1/nios2eds/bin/gnu/h-x86_64-mingw32/bin/../lib/gcc/nios2-elf/5.3.0/../../../../../H-x86_64-mingw32/nios2-elf/lib/mno-hw-mul\libsmallc.a(lib_a-itoa.o)
 .debug_aranges
                0x0000000000000090       0x20 c:/intelfpga_lite/18.1/nios2eds/bin/gnu/h-x86_64-mingw32/bin/../lib/gcc/nios2-elf/5.3.0/../../../../../H-x86_64-mingw32/nios2-elf/lib/mno-hw-mul\libsmallc.a(lib_a-memcpy.o)
 .debug_aranges
                0x00000000000000b0       0x28 c:/intelfpga_lite/18.1/nios2eds/bin/gnu/h-x86_64-mingw32/bin/../lib/gcc/nios2-elf/5.3.0/../../../../../H-x86_64-mingw32/nios2-elf/lib/mno-hw-mul\libsmallc.a(lib_a-utoa.o)
 .debug_aranges
                0x00000000000000d8       0x20 c:/intelfpga_lite/18.1/nios2eds/bin/gnu/h-x86_64-mingw32/bin/../lib/gcc/nios2-elf/5.3.0/mno-hw-mul\libgcc.a(lib2-divmod.o)
 .debug_aranges
                0x00000000000000f8       0x20 ../leds_controller_bsp/\libhal_bsp.a(alt_load.o)
 .debug_aranges
                0x0000000000000118       0x20 ../leds_controller_bsp/\libhal_bsp.a(alt_main.o)
 .debug_aranges
                0x0000000000000138       0x20 ../leds_controller_bsp/\libhal_bsp.a(alt_putstr.o)
 .debug_aranges
                0x0000000000000158       0x20 ../leds_controller_bsp/\libhal_bsp.a(alt_usleep.o)
 .debug_aranges
                0x0000000000000178       0x20 ../leds_controller_bsp/\libhal_bsp.a(alt_sys_init.o)
 .debug_aranges
                0x0000000000000198       0x20 ../leds_controller_bsp/\libhal_bsp.a(altera_avalon_uart_fd.o)
 .debug_aranges
                0x00000000000001b8       0x20 ../leds_controller_bsp/\libhal_bsp.a(altera_avalon_uart_read.o)
 .debug_aranges
                0x00000000000001d8       0x20 ../leds_controller_bsp/\libhal_bsp.a(altera_avalon_uart_write.o)
 .debug_aranges
                0x00000000000001f8       0x20 ../leds_controller_bsp/\libhal_bsp.a(alt_busy_sleep.o)
 .debug_aranges
                0x0000000000000218       0x20 ../leds_controller_bsp/\libhal_bsp.a(alt_close.o)
 .debug_aranges
                0x0000000000000238       0x20 ../leds_controller_bsp/\libhal_bsp.a(alt_dcache_flush_all.o)
 .debug_aranges
                0x0000000000000258       0x20 ../leds_controller_bsp/\libhal_bsp.a(alt_dev.o)
 .debug_aranges
                0x0000000000000278       0x20 ../leds_controller_bsp/\libhal_bsp.a(alt_dev_llist_insert.o)
 .debug_aranges
                0x0000000000000298       0x20 ../leds_controller_bsp/\libhal_bsp.a(alt_do_ctors.o)
 .debug_aranges
                0x00000000000002b8       0x20 ../leds_controller_bsp/\libhal_bsp.a(alt_do_dtors.o)
 .debug_aranges
                0x00000000000002d8       0x18 ../leds_controller_bsp/\libhal_bsp.a(alt_errno.o)
 .debug_aranges
                0x00000000000002f0       0x20 ../leds_controller_bsp/\libhal_bsp.a(alt_icache_flush_all.o)
 .debug_aranges
                0x0000000000000310       0x20 ../leds_controller_bsp/\libhal_bsp.a(alt_io_redirect.o)
 .debug_aranges
                0x0000000000000330       0x20 ../leds_controller_bsp/\libhal_bsp.a(alt_open.o)
 .debug_aranges
                0x0000000000000350       0x20 ../leds_controller_bsp/\libhal_bsp.a(alt_release_fd.o)
 .debug_aranges
                0x0000000000000370       0x20 ../leds_controller_bsp/\libhal_bsp.a(altera_nios2_gen2_irq.o)
 .debug_aranges
                0x0000000000000390       0x20 ../leds_controller_bsp/\libhal_bsp.a(alt_find_dev.o)
 .debug_aranges
                0x00000000000003b0       0x20 ../leds_controller_bsp/\libhal_bsp.a(alt_find_file.o)
 .debug_aranges
                0x00000000000003d0       0x20 ../leds_controller_bsp/\libhal_bsp.a(alt_get_fd.o)
 .debug_aranges
                0x00000000000003f0       0x20 c:/intelfpga_lite/18.1/nios2eds/bin/gnu/h-x86_64-mingw32/bin/../lib/gcc/nios2-elf/5.3.0/../../../../../H-x86_64-mingw32/nios2-elf/lib/mno-hw-mul\libsmallc.a(lib_a-atexit.o)
 .debug_aranges
                0x0000000000000410       0x20 c:/intelfpga_lite/18.1/nios2eds/bin/gnu/h-x86_64-mingw32/bin/../lib/gcc/nios2-elf/5.3.0/../../../../../H-x86_64-mingw32/nios2-elf/lib/mno-hw-mul\libsmallc.a(lib_a-exit.o)
 .debug_aranges
                0x0000000000000430       0x20 c:/intelfpga_lite/18.1/nios2eds/bin/gnu/h-x86_64-mingw32/bin/../lib/gcc/nios2-elf/5.3.0/../../../../../H-x86_64-mingw32/nios2-elf/lib/mno-hw-mul\libsmallc.a(lib_a-fputs.o)
 .debug_aranges
                0x0000000000000450       0x20 c:/intelfpga_lite/18.1/nios2eds/bin/gnu/h-x86_64-mingw32/bin/../lib/gcc/nios2-elf/5.3.0/../../../../../H-x86_64-mingw32/nios2-elf/lib/mno-hw-mul\libsmallc.a(lib_a-fvwrite_small_dev.o)
 .debug_aranges
                0x0000000000000470       0x18 c:/intelfpga_lite/18.1/nios2eds/bin/gnu/h-x86_64-mingw32/bin/../lib/gcc/nios2-elf/5.3.0/../../../../../H-x86_64-mingw32/nios2-elf/lib/mno-hw-mul\libsmallc.a(lib_a-impure.o)
 .debug_aranges
                0x0000000000000488       0x18 c:/intelfpga_lite/18.1/nios2eds/bin/gnu/h-x86_64-mingw32/bin/../lib/gcc/nios2-elf/5.3.0/../../../../../H-x86_64-mingw32/nios2-elf/lib/mno-hw-mul\libsmallc.a(lib_a-int_errno.o)
 .debug_aranges
                0x00000000000004a0       0x20 c:/intelfpga_lite/18.1/nios2eds/bin/gnu/h-x86_64-mingw32/bin/../lib/gcc/nios2-elf/5.3.0/../../../../../H-x86_64-mingw32/nios2-elf/lib/mno-hw-mul\libsmallc.a(lib_a-memcmp.o)
 .debug_aranges
                0x00000000000004c0       0x20 c:/intelfpga_lite/18.1/nios2eds/bin/gnu/h-x86_64-mingw32/bin/../lib/gcc/nios2-elf/5.3.0/../../../../../H-x86_64-mingw32/nios2-elf/lib/mno-hw-mul\libsmallc.a(lib_a-strlen.o)
 .debug_aranges
                0x00000000000004e0       0x20 c:/intelfpga_lite/18.1/nios2eds/bin/gnu/h-x86_64-mingw32/bin/../lib/gcc/nios2-elf/5.3.0/../../../../../H-x86_64-mingw32/nios2-elf/lib/mno-hw-mul\libsmallc.a(lib_a-writer.o)
 .debug_aranges
                0x0000000000000500       0x20 c:/intelfpga_lite/18.1/nios2eds/bin/gnu/h-x86_64-mingw32/bin/../lib/gcc/nios2-elf/5.3.0/../../../../../H-x86_64-mingw32/nios2-elf/lib/mno-hw-mul\libsmallc.a(lib_a-__atexit.o)
 .debug_aranges
                0x0000000000000520       0x20 c:/intelfpga_lite/18.1/nios2eds/bin/gnu/h-x86_64-mingw32/bin/../lib/gcc/nios2-elf/5.3.0/../../../../../H-x86_64-mingw32/nios2-elf/lib/mno-hw-mul\libsmallc.a(lib_a-__call_atexit.o)
 .debug_aranges
                0x0000000000000540       0x20 ../leds_controller_bsp/\libhal_bsp.a(alt_exit.o)
 .debug_aranges
                0x0000000000000560       0x20 ../leds_controller_bsp/\libhal_bsp.a(alt_write.o)

.debug_pubnames
 *(.debug_pubnames)

.debug_info     0x0000000000000000     0x7765
 *(.debug_info .gnu.linkonce.wi.*)
 .debug_info    0x0000000000000000       0x6b ../leds_controller_bsp//obj/HAL/src/crt0.o
 .debug_info    0x000000000000006b      0x3b6 obj/default/hello_world.o
 .debug_info    0x0000000000000421       0xb4 c:/intelfpga_lite/18.1/nios2eds/bin/gnu/h-x86_64-mingw32/bin/../lib/gcc/nios2-elf/5.3.0/mno-hw-mul\libgcc.a(lib2-mul.o)
 .debug_info    0x00000000000004d5      0x164 c:/intelfpga_lite/18.1/nios2eds/bin/gnu/h-x86_64-mingw32/bin/../lib/gcc/nios2-elf/5.3.0/../../../../../H-x86_64-mingw32/nios2-elf/lib/mno-hw-mul\libsmallc.a(lib_a-itoa.o)
 .debug_info    0x0000000000000639      0x119 c:/intelfpga_lite/18.1/nios2eds/bin/gnu/h-x86_64-mingw32/bin/../lib/gcc/nios2-elf/5.3.0/../../../../../H-x86_64-mingw32/nios2-elf/lib/mno-hw-mul\libsmallc.a(lib_a-memcpy.o)
 .debug_info    0x0000000000000752      0x1b6 c:/intelfpga_lite/18.1/nios2eds/bin/gnu/h-x86_64-mingw32/bin/../lib/gcc/nios2-elf/5.3.0/../../../../../H-x86_64-mingw32/nios2-elf/lib/mno-hw-mul\libsmallc.a(lib_a-utoa.o)
 .debug_info    0x0000000000000908      0x2c6 c:/intelfpga_lite/18.1/nios2eds/bin/gnu/h-x86_64-mingw32/bin/../lib/gcc/nios2-elf/5.3.0/mno-hw-mul\libgcc.a(lib2-divmod.o)
 .debug_info    0x0000000000000bce      0x1c9 ../leds_controller_bsp/\libhal_bsp.a(alt_load.o)
 .debug_info    0x0000000000000d97      0x20d ../leds_controller_bsp/\libhal_bsp.a(alt_main.o)
 .debug_info    0x0000000000000fa4      0x8c5 ../leds_controller_bsp/\libhal_bsp.a(alt_putstr.o)
 .debug_info    0x0000000000001869       0xd1 ../leds_controller_bsp/\libhal_bsp.a(alt_usleep.o)
 .debug_info    0x000000000000193a      0x3f6 ../leds_controller_bsp/\libhal_bsp.a(alt_sys_init.o)
 .debug_info    0x0000000000001d30      0x3d6 ../leds_controller_bsp/\libhal_bsp.a(altera_avalon_uart_fd.o)
 .debug_info    0x0000000000002106      0x1b2 ../leds_controller_bsp/\libhal_bsp.a(altera_avalon_uart_read.o)
 .debug_info    0x00000000000022b8      0x1c6 ../leds_controller_bsp/\libhal_bsp.a(altera_avalon_uart_write.o)
 .debug_info    0x000000000000247e       0xd8 ../leds_controller_bsp/\libhal_bsp.a(alt_busy_sleep.o)
 .debug_info    0x0000000000002556      0x368 ../leds_controller_bsp/\libhal_bsp.a(alt_close.o)
 .debug_info    0x00000000000028be       0x92 ../leds_controller_bsp/\libhal_bsp.a(alt_dcache_flush_all.o)
 .debug_info    0x0000000000002950      0x499 ../leds_controller_bsp/\libhal_bsp.a(alt_dev.o)
 .debug_info    0x0000000000002de9      0x1b7 ../leds_controller_bsp/\libhal_bsp.a(alt_dev_llist_insert.o)
 .debug_info    0x0000000000002fa0       0x84 ../leds_controller_bsp/\libhal_bsp.a(alt_do_ctors.o)
 .debug_info    0x0000000000003024       0x84 ../leds_controller_bsp/\libhal_bsp.a(alt_do_dtors.o)
 .debug_info    0x00000000000030a8       0xa6 ../leds_controller_bsp/\libhal_bsp.a(alt_errno.o)
 .debug_info    0x000000000000314e       0x92 ../leds_controller_bsp/\libhal_bsp.a(alt_icache_flush_all.o)
 .debug_info    0x00000000000031e0      0x567 ../leds_controller_bsp/\libhal_bsp.a(alt_io_redirect.o)
 .debug_info    0x0000000000003747      0x48e ../leds_controller_bsp/\libhal_bsp.a(alt_open.o)
 .debug_info    0x0000000000003bd5      0x2b1 ../leds_controller_bsp/\libhal_bsp.a(alt_release_fd.o)
 .debug_info    0x0000000000003e86       0x92 ../leds_controller_bsp/\libhal_bsp.a(altera_nios2_gen2_irq.o)
 .debug_info    0x0000000000003f18      0x32d ../leds_controller_bsp/\libhal_bsp.a(alt_find_dev.o)
 .debug_info    0x0000000000004245      0x318 ../leds_controller_bsp/\libhal_bsp.a(alt_find_file.o)
 .debug_info    0x000000000000455d      0x313 ../leds_controller_bsp/\libhal_bsp.a(alt_get_fd.o)
 .debug_info    0x0000000000004870       0xfe c:/intelfpga_lite/18.1/nios2eds/bin/gnu/h-x86_64-mingw32/bin/../lib/gcc/nios2-elf/5.3.0/../../../../../H-x86_64-mingw32/nios2-elf/lib/mno-hw-mul\libsmallc.a(lib_a-atexit.o)
 .debug_info    0x000000000000496e       0xe5 c:/intelfpga_lite/18.1/nios2eds/bin/gnu/h-x86_64-mingw32/bin/../lib/gcc/nios2-elf/5.3.0/../../../../../H-x86_64-mingw32/nios2-elf/lib/mno-hw-mul\libsmallc.a(lib_a-exit.o)
 .debug_info    0x0000000000004a53      0x620 c:/intelfpga_lite/18.1/nios2eds/bin/gnu/h-x86_64-mingw32/bin/../lib/gcc/nios2-elf/5.3.0/../../../../../H-x86_64-mingw32/nios2-elf/lib/mno-hw-mul\libsmallc.a(lib_a-fputs.o)
 .debug_info    0x0000000000005073      0x62b c:/intelfpga_lite/18.1/nios2eds/bin/gnu/h-x86_64-mingw32/bin/../lib/gcc/nios2-elf/5.3.0/../../../../../H-x86_64-mingw32/nios2-elf/lib/mno-hw-mul\libsmallc.a(lib_a-fvwrite_small_dev.o)
 .debug_info    0x000000000000569e      0x5a9 c:/intelfpga_lite/18.1/nios2eds/bin/gnu/h-x86_64-mingw32/bin/../lib/gcc/nios2-elf/5.3.0/../../../../../H-x86_64-mingw32/nios2-elf/lib/mno-hw-mul\libsmallc.a(lib_a-impure.o)
 .debug_info    0x0000000000005c47       0x8a c:/intelfpga_lite/18.1/nios2eds/bin/gnu/h-x86_64-mingw32/bin/../lib/gcc/nios2-elf/5.3.0/../../../../../H-x86_64-mingw32/nios2-elf/lib/mno-hw-mul\libsmallc.a(lib_a-int_errno.o)
 .debug_info    0x0000000000005cd1       0xf4 c:/intelfpga_lite/18.1/nios2eds/bin/gnu/h-x86_64-mingw32/bin/../lib/gcc/nios2-elf/5.3.0/../../../../../H-x86_64-mingw32/nios2-elf/lib/mno-hw-mul\libsmallc.a(lib_a-memcmp.o)
 .debug_info    0x0000000000005dc5       0xc9 c:/intelfpga_lite/18.1/nios2eds/bin/gnu/h-x86_64-mingw32/bin/../lib/gcc/nios2-elf/5.3.0/../../../../../H-x86_64-mingw32/nios2-elf/lib/mno-hw-mul\libsmallc.a(lib_a-strlen.o)
 .debug_info    0x0000000000005e8e      0x630 c:/intelfpga_lite/18.1/nios2eds/bin/gnu/h-x86_64-mingw32/bin/../lib/gcc/nios2-elf/5.3.0/../../../../../H-x86_64-mingw32/nios2-elf/lib/mno-hw-mul\libsmallc.a(lib_a-writer.o)
 .debug_info    0x00000000000064be      0x64a c:/intelfpga_lite/18.1/nios2eds/bin/gnu/h-x86_64-mingw32/bin/../lib/gcc/nios2-elf/5.3.0/../../../../../H-x86_64-mingw32/nios2-elf/lib/mno-hw-mul\libsmallc.a(lib_a-__atexit.o)
 .debug_info    0x0000000000006b08      0x67b c:/intelfpga_lite/18.1/nios2eds/bin/gnu/h-x86_64-mingw32/bin/../lib/gcc/nios2-elf/5.3.0/../../../../../H-x86_64-mingw32/nios2-elf/lib/mno-hw-mul\libsmallc.a(lib_a-__call_atexit.o)
 .debug_info    0x0000000000007183       0xea ../leds_controller_bsp/\libhal_bsp.a(alt_exit.o)
 .debug_info    0x000000000000726d      0x4f8 ../leds_controller_bsp/\libhal_bsp.a(alt_write.o)

.debug_abbrev   0x0000000000000000     0x29ef
 *(.debug_abbrev)
 .debug_abbrev  0x0000000000000000       0x12 ../leds_controller_bsp//obj/HAL/src/crt0.o
 .debug_abbrev  0x0000000000000012      0x13f obj/default/hello_world.o
 .debug_abbrev  0x0000000000000151       0x6f c:/intelfpga_lite/18.1/nios2eds/bin/gnu/h-x86_64-mingw32/bin/../lib/gcc/nios2-elf/5.3.0/mno-hw-mul\libgcc.a(lib2-mul.o)
 .debug_abbrev  0x00000000000001c0       0xc1 c:/intelfpga_lite/18.1/nios2eds/bin/gnu/h-x86_64-mingw32/bin/../lib/gcc/nios2-elf/5.3.0/../../../../../H-x86_64-mingw32/nios2-elf/lib/mno-hw-mul\libsmallc.a(lib_a-itoa.o)
 .debug_abbrev  0x0000000000000281       0x9c c:/intelfpga_lite/18.1/nios2eds/bin/gnu/h-x86_64-mingw32/bin/../lib/gcc/nios2-elf/5.3.0/../../../../../H-x86_64-mingw32/nios2-elf/lib/mno-hw-mul\libsmallc.a(lib_a-memcpy.o)
 .debug_abbrev  0x000000000000031d      0x101 c:/intelfpga_lite/18.1/nios2eds/bin/gnu/h-x86_64-mingw32/bin/../lib/gcc/nios2-elf/5.3.0/../../../../../H-x86_64-mingw32/nios2-elf/lib/mno-hw-mul\libsmallc.a(lib_a-utoa.o)
 .debug_abbrev  0x000000000000041e      0x10e c:/intelfpga_lite/18.1/nios2eds/bin/gnu/h-x86_64-mingw32/bin/../lib/gcc/nios2-elf/5.3.0/mno-hw-mul\libgcc.a(lib2-divmod.o)
 .debug_abbrev  0x000000000000052c       0xe9 ../leds_controller_bsp/\libhal_bsp.a(alt_load.o)
 .debug_abbrev  0x0000000000000615       0xfd ../leds_controller_bsp/\libhal_bsp.a(alt_main.o)
 .debug_abbrev  0x0000000000000712      0x1da ../leds_controller_bsp/\libhal_bsp.a(alt_putstr.o)
 .debug_abbrev  0x00000000000008ec       0x8d ../leds_controller_bsp/\libhal_bsp.a(alt_usleep.o)
 .debug_abbrev  0x0000000000000979      0x18d ../leds_controller_bsp/\libhal_bsp.a(alt_sys_init.o)
 .debug_abbrev  0x0000000000000b06      0x11b ../leds_controller_bsp/\libhal_bsp.a(altera_avalon_uart_fd.o)
 .debug_abbrev  0x0000000000000c21       0xe1 ../leds_controller_bsp/\libhal_bsp.a(altera_avalon_uart_read.o)
 .debug_abbrev  0x0000000000000d02       0xe8 ../leds_controller_bsp/\libhal_bsp.a(altera_avalon_uart_write.o)
 .debug_abbrev  0x0000000000000dea       0x8d ../leds_controller_bsp/\libhal_bsp.a(alt_busy_sleep.o)
 .debug_abbrev  0x0000000000000e77      0x15c ../leds_controller_bsp/\libhal_bsp.a(alt_close.o)
 .debug_abbrev  0x0000000000000fd3       0x42 ../leds_controller_bsp/\libhal_bsp.a(alt_dcache_flush_all.o)
 .debug_abbrev  0x0000000000001015       0xd9 ../leds_controller_bsp/\libhal_bsp.a(alt_dev.o)
 .debug_abbrev  0x00000000000010ee      0x11e ../leds_controller_bsp/\libhal_bsp.a(alt_dev_llist_insert.o)
 .debug_abbrev  0x000000000000120c       0x79 ../leds_controller_bsp/\libhal_bsp.a(alt_do_ctors.o)
 .debug_abbrev  0x0000000000001285       0x79 ../leds_controller_bsp/\libhal_bsp.a(alt_do_dtors.o)
 .debug_abbrev  0x00000000000012fe       0x5a ../leds_controller_bsp/\libhal_bsp.a(alt_errno.o)
 .debug_abbrev  0x0000000000001358       0x42 ../leds_controller_bsp/\libhal_bsp.a(alt_icache_flush_all.o)
 .debug_abbrev  0x000000000000139a      0x189 ../leds_controller_bsp/\libhal_bsp.a(alt_io_redirect.o)
 .debug_abbrev  0x0000000000001523      0x1be ../leds_controller_bsp/\libhal_bsp.a(alt_open.o)
 .debug_abbrev  0x00000000000016e1       0xde ../leds_controller_bsp/\libhal_bsp.a(alt_release_fd.o)
 .debug_abbrev  0x00000000000017bf       0x42 ../leds_controller_bsp/\libhal_bsp.a(altera_nios2_gen2_irq.o)
 .debug_abbrev  0x0000000000001801      0x125 ../leds_controller_bsp/\libhal_bsp.a(alt_find_dev.o)
 .debug_abbrev  0x0000000000001926      0x123 ../leds_controller_bsp/\libhal_bsp.a(alt_find_file.o)
 .debug_abbrev  0x0000000000001a49      0x10d ../leds_controller_bsp/\libhal_bsp.a(alt_get_fd.o)
 .debug_abbrev  0x0000000000001b56       0xaa c:/intelfpga_lite/18.1/nios2eds/bin/gnu/h-x86_64-mingw32/bin/../lib/gcc/nios2-elf/5.3.0/../../../../../H-x86_64-mingw32/nios2-elf/lib/mno-hw-mul\libsmallc.a(lib_a-atexit.o)
 .debug_abbrev  0x0000000000001c00       0x8b c:/intelfpga_lite/18.1/nios2eds/bin/gnu/h-x86_64-mingw32/bin/../lib/gcc/nios2-elf/5.3.0/../../../../../H-x86_64-mingw32/nios2-elf/lib/mno-hw-mul\libsmallc.a(lib_a-exit.o)
 .debug_abbrev  0x0000000000001c8b      0x1ae c:/intelfpga_lite/18.1/nios2eds/bin/gnu/h-x86_64-mingw32/bin/../lib/gcc/nios2-elf/5.3.0/../../../../../H-x86_64-mingw32/nios2-elf/lib/mno-hw-mul\libsmallc.a(lib_a-fputs.o)
 .debug_abbrev  0x0000000000001e39      0x1bc c:/intelfpga_lite/18.1/nios2eds/bin/gnu/h-x86_64-mingw32/bin/../lib/gcc/nios2-elf/5.3.0/../../../../../H-x86_64-mingw32/nios2-elf/lib/mno-hw-mul\libsmallc.a(lib_a-fvwrite_small_dev.o)
 .debug_abbrev  0x0000000000001ff5      0x14a c:/intelfpga_lite/18.1/nios2eds/bin/gnu/h-x86_64-mingw32/bin/../lib/gcc/nios2-elf/5.3.0/../../../../../H-x86_64-mingw32/nios2-elf/lib/mno-hw-mul\libsmallc.a(lib_a-impure.o)
 .debug_abbrev  0x000000000000213f       0x37 c:/intelfpga_lite/18.1/nios2eds/bin/gnu/h-x86_64-mingw32/bin/../lib/gcc/nios2-elf/5.3.0/../../../../../H-x86_64-mingw32/nios2-elf/lib/mno-hw-mul\libsmallc.a(lib_a-int_errno.o)
 .debug_abbrev  0x0000000000002176       0x7f c:/intelfpga_lite/18.1/nios2eds/bin/gnu/h-x86_64-mingw32/bin/../lib/gcc/nios2-elf/5.3.0/../../../../../H-x86_64-mingw32/nios2-elf/lib/mno-hw-mul\libsmallc.a(lib_a-memcmp.o)
 .debug_abbrev  0x00000000000021f5       0x7f c:/intelfpga_lite/18.1/nios2eds/bin/gnu/h-x86_64-mingw32/bin/../lib/gcc/nios2-elf/5.3.0/../../../../../H-x86_64-mingw32/nios2-elf/lib/mno-hw-mul\libsmallc.a(lib_a-strlen.o)
 .debug_abbrev  0x0000000000002274      0x1a6 c:/intelfpga_lite/18.1/nios2eds/bin/gnu/h-x86_64-mingw32/bin/../lib/gcc/nios2-elf/5.3.0/../../../../../H-x86_64-mingw32/nios2-elf/lib/mno-hw-mul\libsmallc.a(lib_a-writer.o)
 .debug_abbrev  0x000000000000241a      0x1e6 c:/intelfpga_lite/18.1/nios2eds/bin/gnu/h-x86_64-mingw32/bin/../lib/gcc/nios2-elf/5.3.0/../../../../../H-x86_64-mingw32/nios2-elf/lib/mno-hw-mul\libsmallc.a(lib_a-__atexit.o)
 .debug_abbrev  0x0000000000002600      0x1f6 c:/intelfpga_lite/18.1/nios2eds/bin/gnu/h-x86_64-mingw32/bin/../lib/gcc/nios2-elf/5.3.0/../../../../../H-x86_64-mingw32/nios2-elf/lib/mno-hw-mul\libsmallc.a(lib_a-__call_atexit.o)
 .debug_abbrev  0x00000000000027f6       0xa9 ../leds_controller_bsp/\libhal_bsp.a(alt_exit.o)
 .debug_abbrev  0x000000000000289f      0x150 ../leds_controller_bsp/\libhal_bsp.a(alt_write.o)

.debug_line     0x0000000000000000     0x2e4a
 *(.debug_line)
 .debug_line    0x0000000000000000       0x66 ../leds_controller_bsp//obj/HAL/src/crt0.o
 .debug_line    0x0000000000000066      0x15a obj/default/hello_world.o
 .debug_line    0x00000000000001c0       0x80 c:/intelfpga_lite/18.1/nios2eds/bin/gnu/h-x86_64-mingw32/bin/../lib/gcc/nios2-elf/5.3.0/mno-hw-mul\libgcc.a(lib2-mul.o)
 .debug_line    0x0000000000000240      0x107 c:/intelfpga_lite/18.1/nios2eds/bin/gnu/h-x86_64-mingw32/bin/../lib/gcc/nios2-elf/5.3.0/../../../../../H-x86_64-mingw32/nios2-elf/lib/mno-hw-mul\libsmallc.a(lib_a-itoa.o)
 .debug_line    0x0000000000000347      0x15e c:/intelfpga_lite/18.1/nios2eds/bin/gnu/h-x86_64-mingw32/bin/../lib/gcc/nios2-elf/5.3.0/../../../../../H-x86_64-mingw32/nios2-elf/lib/mno-hw-mul\libsmallc.a(lib_a-memcpy.o)
 .debug_line    0x00000000000004a5      0x137 c:/intelfpga_lite/18.1/nios2eds/bin/gnu/h-x86_64-mingw32/bin/../lib/gcc/nios2-elf/5.3.0/../../../../../H-x86_64-mingw32/nios2-elf/lib/mno-hw-mul\libsmallc.a(lib_a-utoa.o)
 .debug_line    0x00000000000005dc      0x105 c:/intelfpga_lite/18.1/nios2eds/bin/gnu/h-x86_64-mingw32/bin/../lib/gcc/nios2-elf/5.3.0/mno-hw-mul\libgcc.a(lib2-divmod.o)
 .debug_line    0x00000000000006e1       0xad ../leds_controller_bsp/\libhal_bsp.a(alt_load.o)
 .debug_line    0x000000000000078e      0x179 ../leds_controller_bsp/\libhal_bsp.a(alt_main.o)
 .debug_line    0x0000000000000907      0x172 ../leds_controller_bsp/\libhal_bsp.a(alt_putstr.o)
 .debug_line    0x0000000000000a79       0xcf ../leds_controller_bsp/\libhal_bsp.a(alt_usleep.o)
 .debug_line    0x0000000000000b48      0x12a ../leds_controller_bsp/\libhal_bsp.a(alt_sys_init.o)
 .debug_line    0x0000000000000c72       0xde ../leds_controller_bsp/\libhal_bsp.a(altera_avalon_uart_fd.o)
 .debug_line    0x0000000000000d50       0xfc ../leds_controller_bsp/\libhal_bsp.a(altera_avalon_uart_read.o)
 .debug_line    0x0000000000000e4c       0xf3 ../leds_controller_bsp/\libhal_bsp.a(altera_avalon_uart_write.o)
 .debug_line    0x0000000000000f3f       0xb5 ../leds_controller_bsp/\libhal_bsp.a(alt_busy_sleep.o)
 .debug_line    0x0000000000000ff4      0x162 ../leds_controller_bsp/\libhal_bsp.a(alt_close.o)
 .debug_line    0x0000000000001156       0x4e ../leds_controller_bsp/\libhal_bsp.a(alt_dcache_flush_all.o)
 .debug_line    0x00000000000011a4       0xf6 ../leds_controller_bsp/\libhal_bsp.a(alt_dev.o)
 .debug_line    0x000000000000129a       0xe1 ../leds_controller_bsp/\libhal_bsp.a(alt_dev_llist_insert.o)
 .debug_line    0x000000000000137b       0x5f ../leds_controller_bsp/\libhal_bsp.a(alt_do_ctors.o)
 .debug_line    0x00000000000013da       0x5f ../leds_controller_bsp/\libhal_bsp.a(alt_do_dtors.o)
 .debug_line    0x0000000000001439       0x51 ../leds_controller_bsp/\libhal_bsp.a(alt_errno.o)
 .debug_line    0x000000000000148a       0x4e ../leds_controller_bsp/\libhal_bsp.a(alt_icache_flush_all.o)
 .debug_line    0x00000000000014d8      0x14d ../leds_controller_bsp/\libhal_bsp.a(alt_io_redirect.o)
 .debug_line    0x0000000000001625      0x123 ../leds_controller_bsp/\libhal_bsp.a(alt_open.o)
 .debug_line    0x0000000000001748       0xb1 ../leds_controller_bsp/\libhal_bsp.a(alt_release_fd.o)
 .debug_line    0x00000000000017f9       0x50 ../leds_controller_bsp/\libhal_bsp.a(altera_nios2_gen2_irq.o)
 .debug_line    0x0000000000001849      0x10f ../leds_controller_bsp/\libhal_bsp.a(alt_find_dev.o)
 .debug_line    0x0000000000001958      0x127 ../leds_controller_bsp/\libhal_bsp.a(alt_find_file.o)
 .debug_line    0x0000000000001a7f       0xcd ../leds_controller_bsp/\libhal_bsp.a(alt_get_fd.o)
 .debug_line    0x0000000000001b4c       0xe7 c:/intelfpga_lite/18.1/nios2eds/bin/gnu/h-x86_64-mingw32/bin/../lib/gcc/nios2-elf/5.3.0/../../../../../H-x86_64-mingw32/nios2-elf/lib/mno-hw-mul\libsmallc.a(lib_a-atexit.o)
 .debug_line    0x0000000000001c33      0x159 c:/intelfpga_lite/18.1/nios2eds/bin/gnu/h-x86_64-mingw32/bin/../lib/gcc/nios2-elf/5.3.0/../../../../../H-x86_64-mingw32/nios2-elf/lib/mno-hw-mul\libsmallc.a(lib_a-exit.o)
 .debug_line    0x0000000000001d8c      0x1f2 c:/intelfpga_lite/18.1/nios2eds/bin/gnu/h-x86_64-mingw32/bin/../lib/gcc/nios2-elf/5.3.0/../../../../../H-x86_64-mingw32/nios2-elf/lib/mno-hw-mul\libsmallc.a(lib_a-fputs.o)
 .debug_line    0x0000000000001f7e      0x1f0 c:/intelfpga_lite/18.1/nios2eds/bin/gnu/h-x86_64-mingw32/bin/../lib/gcc/nios2-elf/5.3.0/../../../../../H-x86_64-mingw32/nios2-elf/lib/mno-hw-mul\libsmallc.a(lib_a-fvwrite_small_dev.o)
 .debug_line    0x000000000000216e      0x156 c:/intelfpga_lite/18.1/nios2eds/bin/gnu/h-x86_64-mingw32/bin/../lib/gcc/nios2-elf/5.3.0/../../../../../H-x86_64-mingw32/nios2-elf/lib/mno-hw-mul\libsmallc.a(lib_a-impure.o)
 .debug_line    0x00000000000022c4       0x5f c:/intelfpga_lite/18.1/nios2eds/bin/gnu/h-x86_64-mingw32/bin/../lib/gcc/nios2-elf/5.3.0/../../../../../H-x86_64-mingw32/nios2-elf/lib/mno-hw-mul\libsmallc.a(lib_a-int_errno.o)
 .debug_line    0x0000000000002323      0x160 c:/intelfpga_lite/18.1/nios2eds/bin/gnu/h-x86_64-mingw32/bin/../lib/gcc/nios2-elf/5.3.0/../../../../../H-x86_64-mingw32/nios2-elf/lib/mno-hw-mul\libsmallc.a(lib_a-memcmp.o)
 .debug_line    0x0000000000002483      0x15c c:/intelfpga_lite/18.1/nios2eds/bin/gnu/h-x86_64-mingw32/bin/../lib/gcc/nios2-elf/5.3.0/../../../../../H-x86_64-mingw32/nios2-elf/lib/mno-hw-mul\libsmallc.a(lib_a-strlen.o)
 .debug_line    0x00000000000025df      0x1ed c:/intelfpga_lite/18.1/nios2eds/bin/gnu/h-x86_64-mingw32/bin/../lib/gcc/nios2-elf/5.3.0/../../../../../H-x86_64-mingw32/nios2-elf/lib/mno-hw-mul\libsmallc.a(lib_a-writer.o)
 .debug_line    0x00000000000027cc      0x20d c:/intelfpga_lite/18.1/nios2eds/bin/gnu/h-x86_64-mingw32/bin/../lib/gcc/nios2-elf/5.3.0/../../../../../H-x86_64-mingw32/nios2-elf/lib/mno-hw-mul\libsmallc.a(lib_a-__atexit.o)
 .debug_line    0x00000000000029d9      0x232 c:/intelfpga_lite/18.1/nios2eds/bin/gnu/h-x86_64-mingw32/bin/../lib/gcc/nios2-elf/5.3.0/../../../../../H-x86_64-mingw32/nios2-elf/lib/mno-hw-mul\libsmallc.a(lib_a-__call_atexit.o)
 .debug_line    0x0000000000002c0b       0x64 ../leds_controller_bsp/\libhal_bsp.a(alt_exit.o)
 .debug_line    0x0000000000002c6f      0x1db ../leds_controller_bsp/\libhal_bsp.a(alt_write.o)

.debug_frame    0x0000000000000000      0x970
 *(.debug_frame)
 .debug_frame   0x0000000000000000      0x168 obj/default/hello_world.o
 .debug_frame   0x0000000000000168       0x20 c:/intelfpga_lite/18.1/nios2eds/bin/gnu/h-x86_64-mingw32/bin/../lib/gcc/nios2-elf/5.3.0/mno-hw-mul\libgcc.a(lib2-mul.o)
 .debug_frame   0x0000000000000188       0x40 c:/intelfpga_lite/18.1/nios2eds/bin/gnu/h-x86_64-mingw32/bin/../lib/gcc/nios2-elf/5.3.0/../../../../../H-x86_64-mingw32/nios2-elf/lib/mno-hw-mul\libsmallc.a(lib_a-itoa.o)
 .debug_frame   0x00000000000001c8       0x20 c:/intelfpga_lite/18.1/nios2eds/bin/gnu/h-x86_64-mingw32/bin/../lib/gcc/nios2-elf/5.3.0/../../../../../H-x86_64-mingw32/nios2-elf/lib/mno-hw-mul\libsmallc.a(lib_a-memcpy.o)
 .debug_frame   0x00000000000001e8       0x58 c:/intelfpga_lite/18.1/nios2eds/bin/gnu/h-x86_64-mingw32/bin/../lib/gcc/nios2-elf/5.3.0/../../../../../H-x86_64-mingw32/nios2-elf/lib/mno-hw-mul\libsmallc.a(lib_a-utoa.o)
 .debug_frame   0x0000000000000240       0x50 c:/intelfpga_lite/18.1/nios2eds/bin/gnu/h-x86_64-mingw32/bin/../lib/gcc/nios2-elf/5.3.0/mno-hw-mul\libgcc.a(lib2-divmod.o)
 .debug_frame   0x0000000000000290       0x2c ../leds_controller_bsp/\libhal_bsp.a(alt_load.o)
 .debug_frame   0x00000000000002bc       0x28 ../leds_controller_bsp/\libhal_bsp.a(alt_main.o)
 .debug_frame   0x00000000000002e4       0x20 ../leds_controller_bsp/\libhal_bsp.a(alt_putstr.o)
 .debug_frame   0x0000000000000304       0x20 ../leds_controller_bsp/\libhal_bsp.a(alt_usleep.o)
 .debug_frame   0x0000000000000324       0x3c ../leds_controller_bsp/\libhal_bsp.a(alt_sys_init.o)
 .debug_frame   0x0000000000000360       0x30 ../leds_controller_bsp/\libhal_bsp.a(altera_avalon_uart_fd.o)
 .debug_frame   0x0000000000000390       0x2c ../leds_controller_bsp/\libhal_bsp.a(altera_avalon_uart_read.o)
 .debug_frame   0x00000000000003bc       0x34 ../leds_controller_bsp/\libhal_bsp.a(altera_avalon_uart_write.o)
 .debug_frame   0x00000000000003f0       0x34 ../leds_controller_bsp/\libhal_bsp.a(alt_busy_sleep.o)
 .debug_frame   0x0000000000000424       0x38 ../leds_controller_bsp/\libhal_bsp.a(alt_close.o)
 .debug_frame   0x000000000000045c       0x20 ../leds_controller_bsp/\libhal_bsp.a(alt_dcache_flush_all.o)
 .debug_frame   0x000000000000047c       0x20 ../leds_controller_bsp/\libhal_bsp.a(alt_dev.o)
 .debug_frame   0x000000000000049c       0x2c ../leds_controller_bsp/\libhal_bsp.a(alt_dev_llist_insert.o)
 .debug_frame   0x00000000000004c8       0x38 ../leds_controller_bsp/\libhal_bsp.a(alt_do_ctors.o)
 .debug_frame   0x0000000000000500       0x38 ../leds_controller_bsp/\libhal_bsp.a(alt_do_dtors.o)
 .debug_frame   0x0000000000000538       0x20 ../leds_controller_bsp/\libhal_bsp.a(alt_icache_flush_all.o)
 .debug_frame   0x0000000000000558       0x74 ../leds_controller_bsp/\libhal_bsp.a(alt_io_redirect.o)
 .debug_frame   0x00000000000005cc       0x48 ../leds_controller_bsp/\libhal_bsp.a(alt_open.o)
 .debug_frame   0x0000000000000614       0x34 ../leds_controller_bsp/\libhal_bsp.a(alt_release_fd.o)
 .debug_frame   0x0000000000000648       0x20 ../leds_controller_bsp/\libhal_bsp.a(altera_nios2_gen2_irq.o)
 .debug_frame   0x0000000000000668       0x40 ../leds_controller_bsp/\libhal_bsp.a(alt_find_dev.o)
 .debug_frame   0x00000000000006a8       0x44 ../leds_controller_bsp/\libhal_bsp.a(alt_find_file.o)
 .debug_frame   0x00000000000006ec       0x3c ../leds_controller_bsp/\libhal_bsp.a(alt_get_fd.o)
 .debug_frame   0x0000000000000728       0x20 c:/intelfpga_lite/18.1/nios2eds/bin/gnu/h-x86_64-mingw32/bin/../lib/gcc/nios2-elf/5.3.0/../../../../../H-x86_64-mingw32/nios2-elf/lib/mno-hw-mul\libsmallc.a(lib_a-atexit.o)
 .debug_frame   0x0000000000000748       0x28 c:/intelfpga_lite/18.1/nios2eds/bin/gnu/h-x86_64-mingw32/bin/../lib/gcc/nios2-elf/5.3.0/../../../../../H-x86_64-mingw32/nios2-elf/lib/mno-hw-mul\libsmallc.a(lib_a-exit.o)
 .debug_frame   0x0000000000000770       0x30 c:/intelfpga_lite/18.1/nios2eds/bin/gnu/h-x86_64-mingw32/bin/../lib/gcc/nios2-elf/5.3.0/../../../../../H-x86_64-mingw32/nios2-elf/lib/mno-hw-mul\libsmallc.a(lib_a-fputs.o)
 .debug_frame   0x00000000000007a0       0x58 c:/intelfpga_lite/18.1/nios2eds/bin/gnu/h-x86_64-mingw32/bin/../lib/gcc/nios2-elf/5.3.0/../../../../../H-x86_64-mingw32/nios2-elf/lib/mno-hw-mul\libsmallc.a(lib_a-fvwrite_small_dev.o)
 .debug_frame   0x00000000000007f8       0x20 c:/intelfpga_lite/18.1/nios2eds/bin/gnu/h-x86_64-mingw32/bin/../lib/gcc/nios2-elf/5.3.0/../../../../../H-x86_64-mingw32/nios2-elf/lib/mno-hw-mul\libsmallc.a(lib_a-memcmp.o)
 .debug_frame   0x0000000000000818       0x20 c:/intelfpga_lite/18.1/nios2eds/bin/gnu/h-x86_64-mingw32/bin/../lib/gcc/nios2-elf/5.3.0/../../../../../H-x86_64-mingw32/nios2-elf/lib/mno-hw-mul\libsmallc.a(lib_a-strlen.o)
 .debug_frame   0x0000000000000838       0x38 c:/intelfpga_lite/18.1/nios2eds/bin/gnu/h-x86_64-mingw32/bin/../lib/gcc/nios2-elf/5.3.0/../../../../../H-x86_64-mingw32/nios2-elf/lib/mno-hw-mul\libsmallc.a(lib_a-writer.o)
 .debug_frame   0x0000000000000870       0x48 c:/intelfpga_lite/18.1/nios2eds/bin/gnu/h-x86_64-mingw32/bin/../lib/gcc/nios2-elf/5.3.0/../../../../../H-x86_64-mingw32/nios2-elf/lib/mno-hw-mul\libsmallc.a(lib_a-__atexit.o)
 .debug_frame   0x00000000000008b8       0x54 c:/intelfpga_lite/18.1/nios2eds/bin/gnu/h-x86_64-mingw32/bin/../lib/gcc/nios2-elf/5.3.0/../../../../../H-x86_64-mingw32/nios2-elf/lib/mno-hw-mul\libsmallc.a(lib_a-__call_atexit.o)
 .debug_frame   0x000000000000090c       0x20 ../leds_controller_bsp/\libhal_bsp.a(alt_exit.o)
 .debug_frame   0x000000000000092c       0x44 ../leds_controller_bsp/\libhal_bsp.a(alt_write.o)

.debug_str      0x0000000000000000     0x174c
 *(.debug_str)
 .debug_str     0x0000000000000000      0x1d3 obj/default/hello_world.o
                                        0x230 (size before relaxing)
 .debug_str     0x00000000000001d3      0x148 c:/intelfpga_lite/18.1/nios2eds/bin/gnu/h-x86_64-mingw32/bin/../lib/gcc/nios2-elf/5.3.0/mno-hw-mul\libgcc.a(lib2-mul.o)
                                        0x193 (size before relaxing)
 .debug_str     0x000000000000031b      0x152 c:/intelfpga_lite/18.1/nios2eds/bin/gnu/h-x86_64-mingw32/bin/../lib/gcc/nios2-elf/5.3.0/../../../../../H-x86_64-mingw32/nios2-elf/lib/mno-hw-mul\libsmallc.a(lib_a-itoa.o)
                                        0x1f4 (size before relaxing)
 .debug_str     0x000000000000046d       0xed c:/intelfpga_lite/18.1/nios2eds/bin/gnu/h-x86_64-mingw32/bin/../lib/gcc/nios2-elf/5.3.0/../../../../../H-x86_64-mingw32/nios2-elf/lib/mno-hw-mul\libsmallc.a(lib_a-memcpy.o)
                                        0x1f3 (size before relaxing)
 .debug_str     0x000000000000055a       0x4c c:/intelfpga_lite/18.1/nios2eds/bin/gnu/h-x86_64-mingw32/bin/../lib/gcc/nios2-elf/5.3.0/../../../../../H-x86_64-mingw32/nios2-elf/lib/mno-hw-mul\libsmallc.a(lib_a-utoa.o)
                                        0x1fe (size before relaxing)
 .debug_str     0x00000000000005a6       0x7f c:/intelfpga_lite/18.1/nios2eds/bin/gnu/h-x86_64-mingw32/bin/../lib/gcc/nios2-elf/5.3.0/mno-hw-mul\libgcc.a(lib2-divmod.o)
                                        0x1d2 (size before relaxing)
 .debug_str     0x0000000000000625      0x19b ../leds_controller_bsp/\libhal_bsp.a(alt_load.o)
                                        0x239 (size before relaxing)
 .debug_str     0x00000000000007c0       0xa4 ../leds_controller_bsp/\libhal_bsp.a(alt_main.o)
                                        0x1e5 (size before relaxing)
 .debug_str     0x0000000000000864      0x38b ../leds_controller_bsp/\libhal_bsp.a(alt_putstr.o)
                                        0x506 (size before relaxing)
 .debug_str     0x0000000000000bef       0x2f ../leds_controller_bsp/\libhal_bsp.a(alt_usleep.o)
                                        0x154 (size before relaxing)
 .debug_str     0x0000000000000c1e      0x12c ../leds_controller_bsp/\libhal_bsp.a(alt_sys_init.o)
                                        0x2c3 (size before relaxing)
 .debug_str     0x0000000000000d4a       0x92 ../leds_controller_bsp/\libhal_bsp.a(altera_avalon_uart_fd.o)
                                        0x2c6 (size before relaxing)
 .debug_str     0x0000000000000ddc       0x4b ../leds_controller_bsp/\libhal_bsp.a(altera_avalon_uart_read.o)
                                        0x1fe (size before relaxing)
 .debug_str     0x0000000000000e27       0x27 ../leds_controller_bsp/\libhal_bsp.a(altera_avalon_uart_write.o)
                                        0x206 (size before relaxing)
 .debug_str     0x0000000000000e4e       0x33 ../leds_controller_bsp/\libhal_bsp.a(alt_busy_sleep.o)
                                        0x168 (size before relaxing)
 .debug_str     0x0000000000000e81       0x3b ../leds_controller_bsp/\libhal_bsp.a(alt_close.o)
                                        0x217 (size before relaxing)
 .debug_str     0x0000000000000ebc       0x1f ../leds_controller_bsp/\libhal_bsp.a(alt_dcache_flush_all.o)
                                        0x152 (size before relaxing)
 .debug_str     0x0000000000000edb      0x119 ../leds_controller_bsp/\libhal_bsp.a(alt_dev.o)
                                        0x302 (size before relaxing)
 .debug_str     0x0000000000000ff4       0x36 ../leds_controller_bsp/\libhal_bsp.a(alt_dev_llist_insert.o)
                                        0x1c9 (size before relaxing)
 .debug_str     0x000000000000102a       0x3e ../leds_controller_bsp/\libhal_bsp.a(alt_do_ctors.o)
                                         0xcd (size before relaxing)
 .debug_str     0x0000000000001068       0x4c ../leds_controller_bsp/\libhal_bsp.a(alt_do_dtors.o)
                                         0xcc (size before relaxing)
 .debug_str     0x00000000000010b4       0x14 ../leds_controller_bsp/\libhal_bsp.a(alt_errno.o)
                                        0x142 (size before relaxing)
 .debug_str     0x00000000000010c8       0x1f ../leds_controller_bsp/\libhal_bsp.a(alt_icache_flush_all.o)
                                        0x152 (size before relaxing)
 .debug_str     0x00000000000010e7       0x46 ../leds_controller_bsp/\libhal_bsp.a(alt_io_redirect.o)
                                        0x322 (size before relaxing)
 .debug_str     0x000000000000112d       0x4f ../leds_controller_bsp/\libhal_bsp.a(alt_open.o)
                                        0x27d (size before relaxing)
 .debug_str     0x000000000000117c       0x19 ../leds_controller_bsp/\libhal_bsp.a(alt_release_fd.o)
                                        0x1d0 (size before relaxing)
 .debug_str     0x0000000000001195       0x20 ../leds_controller_bsp/\libhal_bsp.a(altera_nios2_gen2_irq.o)
                                        0x159 (size before relaxing)
 .debug_str     0x00000000000011b5       0x25 ../leds_controller_bsp/\libhal_bsp.a(alt_find_dev.o)
                                        0x1f7 (size before relaxing)
 .debug_str     0x00000000000011da       0x18 ../leds_controller_bsp/\libhal_bsp.a(alt_find_file.o)
                                        0x205 (size before relaxing)
 .debug_str     0x00000000000011f2       0x25 ../leds_controller_bsp/\libhal_bsp.a(alt_get_fd.o)
                                        0x219 (size before relaxing)
 .debug_str     0x0000000000001217       0x81 c:/intelfpga_lite/18.1/nios2eds/bin/gnu/h-x86_64-mingw32/bin/../lib/gcc/nios2-elf/5.3.0/../../../../../H-x86_64-mingw32/nios2-elf/lib/mno-hw-mul\libsmallc.a(lib_a-atexit.o)
                                        0x21c (size before relaxing)
 .debug_str     0x0000000000001298       0x4c c:/intelfpga_lite/18.1/nios2eds/bin/gnu/h-x86_64-mingw32/bin/../lib/gcc/nios2-elf/5.3.0/../../../../../H-x86_64-mingw32/nios2-elf/lib/mno-hw-mul\libsmallc.a(lib_a-exit.o)
                                        0x1f0 (size before relaxing)
 .debug_str     0x00000000000012e4      0x136 c:/intelfpga_lite/18.1/nios2eds/bin/gnu/h-x86_64-mingw32/bin/../lib/gcc/nios2-elf/5.3.0/../../../../../H-x86_64-mingw32/nios2-elf/lib/mno-hw-mul\libsmallc.a(lib_a-fputs.o)
                                        0x4cc (size before relaxing)
 .debug_str     0x000000000000141a       0x63 c:/intelfpga_lite/18.1/nios2eds/bin/gnu/h-x86_64-mingw32/bin/../lib/gcc/nios2-elf/5.3.0/../../../../../H-x86_64-mingw32/nios2-elf/lib/mno-hw-mul\libsmallc.a(lib_a-fvwrite_small_dev.o)
                                        0x4d4 (size before relaxing)
 .debug_str     0x000000000000147d       0xef c:/intelfpga_lite/18.1/nios2eds/bin/gnu/h-x86_64-mingw32/bin/../lib/gcc/nios2-elf/5.3.0/../../../../../H-x86_64-mingw32/nios2-elf/lib/mno-hw-mul\libsmallc.a(lib_a-impure.o)
                                        0x4be (size before relaxing)
 .debug_str     0x000000000000156c       0x3f c:/intelfpga_lite/18.1/nios2eds/bin/gnu/h-x86_64-mingw32/bin/../lib/gcc/nios2-elf/5.3.0/../../../../../H-x86_64-mingw32/nios2-elf/lib/mno-hw-mul\libsmallc.a(lib_a-int_errno.o)
                                        0x1d8 (size before relaxing)
 .debug_str     0x00000000000015ab       0x3d c:/intelfpga_lite/18.1/nios2eds/bin/gnu/h-x86_64-mingw32/bin/../lib/gcc/nios2-elf/5.3.0/../../../../../H-x86_64-mingw32/nios2-elf/lib/mno-hw-mul\libsmallc.a(lib_a-memcmp.o)
                                        0x1df (size before relaxing)
 .debug_str     0x00000000000015e8       0x3d c:/intelfpga_lite/18.1/nios2eds/bin/gnu/h-x86_64-mingw32/bin/../lib/gcc/nios2-elf/5.3.0/../../../../../H-x86_64-mingw32/nios2-elf/lib/mno-hw-mul\libsmallc.a(lib_a-strlen.o)
                                        0x1e5 (size before relaxing)
 .debug_str     0x0000000000001625       0x45 c:/intelfpga_lite/18.1/nios2eds/bin/gnu/h-x86_64-mingw32/bin/../lib/gcc/nios2-elf/5.3.0/../../../../../H-x86_64-mingw32/nios2-elf/lib/mno-hw-mul\libsmallc.a(lib_a-writer.o)
                                        0x4b8 (size before relaxing)
 .debug_str     0x000000000000166a       0x3f c:/intelfpga_lite/18.1/nios2eds/bin/gnu/h-x86_64-mingw32/bin/../lib/gcc/nios2-elf/5.3.0/../../../../../H-x86_64-mingw32/nios2-elf/lib/mno-hw-mul\libsmallc.a(lib_a-__atexit.o)
                                        0x4ff (size before relaxing)
 .debug_str     0x00000000000016a9       0x65 c:/intelfpga_lite/18.1/nios2eds/bin/gnu/h-x86_64-mingw32/bin/../lib/gcc/nios2-elf/5.3.0/../../../../../H-x86_64-mingw32/nios2-elf/lib/mno-hw-mul\libsmallc.a(lib_a-__call_atexit.o)
                                        0x4eb (size before relaxing)
 .debug_str     0x000000000000170e       0x2a ../leds_controller_bsp/\libhal_bsp.a(alt_exit.o)
                                        0x14e (size before relaxing)
 .debug_str     0x0000000000001738       0x14 ../leds_controller_bsp/\libhal_bsp.a(alt_write.o)
                                        0x2f5 (size before relaxing)

.debug_loc      0x0000000000000000     0x1db2
 *(.debug_loc)
 .debug_loc     0x0000000000000000       0x93 c:/intelfpga_lite/18.1/nios2eds/bin/gnu/h-x86_64-mingw32/bin/../lib/gcc/nios2-elf/5.3.0/mno-hw-mul\libgcc.a(lib2-mul.o)
 .debug_loc     0x0000000000000093      0x13c c:/intelfpga_lite/18.1/nios2eds/bin/gnu/h-x86_64-mingw32/bin/../lib/gcc/nios2-elf/5.3.0/../../../../../H-x86_64-mingw32/nios2-elf/lib/mno-hw-mul\libsmallc.a(lib_a-itoa.o)
 .debug_loc     0x00000000000001cf      0x135 c:/intelfpga_lite/18.1/nios2eds/bin/gnu/h-x86_64-mingw32/bin/../lib/gcc/nios2-elf/5.3.0/../../../../../H-x86_64-mingw32/nios2-elf/lib/mno-hw-mul\libsmallc.a(lib_a-memcpy.o)
 .debug_loc     0x0000000000000304      0x204 c:/intelfpga_lite/18.1/nios2eds/bin/gnu/h-x86_64-mingw32/bin/../lib/gcc/nios2-elf/5.3.0/../../../../../H-x86_64-mingw32/nios2-elf/lib/mno-hw-mul\libsmallc.a(lib_a-utoa.o)
 .debug_loc     0x0000000000000508      0x4ce c:/intelfpga_lite/18.1/nios2eds/bin/gnu/h-x86_64-mingw32/bin/../lib/gcc/nios2-elf/5.3.0/mno-hw-mul\libgcc.a(lib2-divmod.o)
 .debug_loc     0x00000000000009d6       0x1e ../leds_controller_bsp/\libhal_bsp.a(alt_main.o)
 .debug_loc     0x00000000000009f4       0x21 ../leds_controller_bsp/\libhal_bsp.a(alt_putstr.o)
 .debug_loc     0x0000000000000a15       0x21 ../leds_controller_bsp/\libhal_bsp.a(alt_usleep.o)
 .debug_loc     0x0000000000000a36       0x21 ../leds_controller_bsp/\libhal_bsp.a(alt_sys_init.o)
 .debug_loc     0x0000000000000a57      0x104 ../leds_controller_bsp/\libhal_bsp.a(altera_avalon_uart_fd.o)
 .debug_loc     0x0000000000000b5b      0x106 ../leds_controller_bsp/\libhal_bsp.a(altera_avalon_uart_read.o)
 .debug_loc     0x0000000000000c61      0x17c ../leds_controller_bsp/\libhal_bsp.a(altera_avalon_uart_write.o)
 .debug_loc     0x0000000000000ddd       0x72 ../leds_controller_bsp/\libhal_bsp.a(alt_busy_sleep.o)
 .debug_loc     0x0000000000000e4f       0xca ../leds_controller_bsp/\libhal_bsp.a(alt_close.o)
 .debug_loc     0x0000000000000f19       0x7e ../leds_controller_bsp/\libhal_bsp.a(alt_dev_llist_insert.o)
 .debug_loc     0x0000000000000f97       0x2b ../leds_controller_bsp/\libhal_bsp.a(alt_do_ctors.o)
 .debug_loc     0x0000000000000fc2       0x2b ../leds_controller_bsp/\libhal_bsp.a(alt_do_dtors.o)
 .debug_loc     0x0000000000000fed      0x14a ../leds_controller_bsp/\libhal_bsp.a(alt_io_redirect.o)
 .debug_loc     0x0000000000001137      0x2ec ../leds_controller_bsp/\libhal_bsp.a(alt_open.o)
 .debug_loc     0x0000000000001423       0x2c ../leds_controller_bsp/\libhal_bsp.a(alt_release_fd.o)
 .debug_loc     0x000000000000144f       0x7e ../leds_controller_bsp/\libhal_bsp.a(alt_find_dev.o)
 .debug_loc     0x00000000000014cd       0x94 ../leds_controller_bsp/\libhal_bsp.a(alt_find_file.o)
 .debug_loc     0x0000000000001561       0x99 ../leds_controller_bsp/\libhal_bsp.a(alt_get_fd.o)
 .debug_loc     0x00000000000015fa       0x2c c:/intelfpga_lite/18.1/nios2eds/bin/gnu/h-x86_64-mingw32/bin/../lib/gcc/nios2-elf/5.3.0/../../../../../H-x86_64-mingw32/nios2-elf/lib/mno-hw-mul\libsmallc.a(lib_a-atexit.o)
 .debug_loc     0x0000000000001626       0x1e c:/intelfpga_lite/18.1/nios2eds/bin/gnu/h-x86_64-mingw32/bin/../lib/gcc/nios2-elf/5.3.0/../../../../../H-x86_64-mingw32/nios2-elf/lib/mno-hw-mul\libsmallc.a(lib_a-exit.o)
 .debug_loc     0x0000000000001644       0x6b c:/intelfpga_lite/18.1/nios2eds/bin/gnu/h-x86_64-mingw32/bin/../lib/gcc/nios2-elf/5.3.0/../../../../../H-x86_64-mingw32/nios2-elf/lib/mno-hw-mul\libsmallc.a(lib_a-fputs.o)
 .debug_loc     0x00000000000016af      0x110 c:/intelfpga_lite/18.1/nios2eds/bin/gnu/h-x86_64-mingw32/bin/../lib/gcc/nios2-elf/5.3.0/../../../../../H-x86_64-mingw32/nios2-elf/lib/mno-hw-mul\libsmallc.a(lib_a-fvwrite_small_dev.o)
 .debug_loc     0x00000000000017bf       0x94 c:/intelfpga_lite/18.1/nios2eds/bin/gnu/h-x86_64-mingw32/bin/../lib/gcc/nios2-elf/5.3.0/../../../../../H-x86_64-mingw32/nios2-elf/lib/mno-hw-mul\libsmallc.a(lib_a-memcmp.o)
 .debug_loc     0x0000000000001853       0x1e c:/intelfpga_lite/18.1/nios2eds/bin/gnu/h-x86_64-mingw32/bin/../lib/gcc/nios2-elf/5.3.0/../../../../../H-x86_64-mingw32/nios2-elf/lib/mno-hw-mul\libsmallc.a(lib_a-strlen.o)
 .debug_loc     0x0000000000001871       0xa5 c:/intelfpga_lite/18.1/nios2eds/bin/gnu/h-x86_64-mingw32/bin/../lib/gcc/nios2-elf/5.3.0/../../../../../H-x86_64-mingw32/nios2-elf/lib/mno-hw-mul\libsmallc.a(lib_a-writer.o)
 .debug_loc     0x0000000000001916      0x1c0 c:/intelfpga_lite/18.1/nios2eds/bin/gnu/h-x86_64-mingw32/bin/../lib/gcc/nios2-elf/5.3.0/../../../../../H-x86_64-mingw32/nios2-elf/lib/mno-hw-mul\libsmallc.a(lib_a-__atexit.o)
 .debug_loc     0x0000000000001ad6      0x157 c:/intelfpga_lite/18.1/nios2eds/bin/gnu/h-x86_64-mingw32/bin/../lib/gcc/nios2-elf/5.3.0/../../../../../H-x86_64-mingw32/nios2-elf/lib/mno-hw-mul\libsmallc.a(lib_a-__call_atexit.o)
 .debug_loc     0x0000000000001c2d      0x185 ../leds_controller_bsp/\libhal_bsp.a(alt_write.o)

.debug_macinfo
 *(.debug_macinfo)

.debug_weaknames
 *(.debug_weaknames)

.debug_funcnames
 *(.debug_funcnames)

.debug_typenames
 *(.debug_typenames)

.debug_varnames
 *(.debug_varnames)

.debug_alt_sim_info
                0x0000000000000000       0x40
 *(.debug_alt_sim_info)
 .debug_alt_sim_info
                0x0000000000000000       0x10 ../leds_controller_bsp//obj/HAL/src/crt0.o
 .debug_alt_sim_info
                0x0000000000000010       0x30 ../leds_controller_bsp/\libhal_bsp.a(alt_busy_sleep.o)
                0x0000000000004000                __alt_data_end = 0x4000
                0x0000000000004000                PROVIDE (__alt_stack_pointer, __alt_data_end)
                [!provide]                        PROVIDE (__alt_stack_limit, __alt_stack_base)
                [!provide]                        PROVIDE (__alt_heap_start, end)
                [!provide]                        PROVIDE (__alt_heap_limit, 0x4000)
OUTPUT(leds_controller.elf elf32-littlenios2)

.debug_ranges   0x0000000000000000      0x2f0
 .debug_ranges  0x0000000000000000       0x20 ../leds_controller_bsp//obj/HAL/src/crt0.o
 .debug_ranges  0x0000000000000020       0x18 obj/default/hello_world.o
 .debug_ranges  0x0000000000000038       0x18 c:/intelfpga_lite/18.1/nios2eds/bin/gnu/h-x86_64-mingw32/bin/../lib/gcc/nios2-elf/5.3.0/../../../../../H-x86_64-mingw32/nios2-elf/lib/mno-hw-mul\libsmallc.a(lib_a-itoa.o)
 .debug_ranges  0x0000000000000050       0x10 c:/intelfpga_lite/18.1/nios2eds/bin/gnu/h-x86_64-mingw32/bin/../lib/gcc/nios2-elf/5.3.0/../../../../../H-x86_64-mingw32/nios2-elf/lib/mno-hw-mul\libsmallc.a(lib_a-memcpy.o)
 .debug_ranges  0x0000000000000060       0x18 c:/intelfpga_lite/18.1/nios2eds/bin/gnu/h-x86_64-mingw32/bin/../lib/gcc/nios2-elf/5.3.0/../../../../../H-x86_64-mingw32/nios2-elf/lib/mno-hw-mul\libsmallc.a(lib_a-utoa.o)
 .debug_ranges  0x0000000000000078       0x60 c:/intelfpga_lite/18.1/nios2eds/bin/gnu/h-x86_64-mingw32/bin/../lib/gcc/nios2-elf/5.3.0/mno-hw-mul\libgcc.a(lib2-divmod.o)
 .debug_ranges  0x00000000000000d8       0x18 ../leds_controller_bsp/\libhal_bsp.a(alt_load.o)
 .debug_ranges  0x00000000000000f0       0x18 ../leds_controller_bsp/\libhal_bsp.a(alt_sys_init.o)
 .debug_ranges  0x0000000000000108       0x20 ../leds_controller_bsp/\libhal_bsp.a(altera_avalon_uart_read.o)
 .debug_ranges  0x0000000000000128       0x18 ../leds_controller_bsp/\libhal_bsp.a(altera_avalon_uart_write.o)
 .debug_ranges  0x0000000000000140       0x30 ../leds_controller_bsp/\libhal_bsp.a(alt_close.o)
 .debug_ranges  0x0000000000000170       0x38 ../leds_controller_bsp/\libhal_bsp.a(alt_dev_llist_insert.o)
 .debug_ranges  0x00000000000001a8       0x40 ../leds_controller_bsp/\libhal_bsp.a(alt_open.o)
 .debug_ranges  0x00000000000001e8       0x10 c:/intelfpga_lite/18.1/nios2eds/bin/gnu/h-x86_64-mingw32/bin/../lib/gcc/nios2-elf/5.3.0/../../../../../H-x86_64-mingw32/nios2-elf/lib/mno-hw-mul\libsmallc.a(lib_a-atexit.o)
 .debug_ranges  0x00000000000001f8       0x10 c:/intelfpga_lite/18.1/nios2eds/bin/gnu/h-x86_64-mingw32/bin/../lib/gcc/nios2-elf/5.3.0/../../../../../H-x86_64-mingw32/nios2-elf/lib/mno-hw-mul\libsmallc.a(lib_a-exit.o)
 .debug_ranges  0x0000000000000208       0x10 c:/intelfpga_lite/18.1/nios2eds/bin/gnu/h-x86_64-mingw32/bin/../lib/gcc/nios2-elf/5.3.0/../../../../../H-x86_64-mingw32/nios2-elf/lib/mno-hw-mul\libsmallc.a(lib_a-fputs.o)
 .debug_ranges  0x0000000000000218       0x28 c:/intelfpga_lite/18.1/nios2eds/bin/gnu/h-x86_64-mingw32/bin/../lib/gcc/nios2-elf/5.3.0/../../../../../H-x86_64-mingw32/nios2-elf/lib/mno-hw-mul\libsmallc.a(lib_a-fvwrite_small_dev.o)
 .debug_ranges  0x0000000000000240       0x10 c:/intelfpga_lite/18.1/nios2eds/bin/gnu/h-x86_64-mingw32/bin/../lib/gcc/nios2-elf/5.3.0/../../../../../H-x86_64-mingw32/nios2-elf/lib/mno-hw-mul\libsmallc.a(lib_a-memcmp.o)
 .debug_ranges  0x0000000000000250       0x10 c:/intelfpga_lite/18.1/nios2eds/bin/gnu/h-x86_64-mingw32/bin/../lib/gcc/nios2-elf/5.3.0/../../../../../H-x86_64-mingw32/nios2-elf/lib/mno-hw-mul\libsmallc.a(lib_a-strlen.o)
 .debug_ranges  0x0000000000000260       0x10 c:/intelfpga_lite/18.1/nios2eds/bin/gnu/h-x86_64-mingw32/bin/../lib/gcc/nios2-elf/5.3.0/../../../../../H-x86_64-mingw32/nios2-elf/lib/mno-hw-mul\libsmallc.a(lib_a-writer.o)
 .debug_ranges  0x0000000000000270       0x10 c:/intelfpga_lite/18.1/nios2eds/bin/gnu/h-x86_64-mingw32/bin/../lib/gcc/nios2-elf/5.3.0/../../../../../H-x86_64-mingw32/nios2-elf/lib/mno-hw-mul\libsmallc.a(lib_a-__atexit.o)
 .debug_ranges  0x0000000000000280       0x28 c:/intelfpga_lite/18.1/nios2eds/bin/gnu/h-x86_64-mingw32/bin/../lib/gcc/nios2-elf/5.3.0/../../../../../H-x86_64-mingw32/nios2-elf/lib/mno-hw-mul\libsmallc.a(lib_a-__call_atexit.o)
 .debug_ranges  0x00000000000002a8       0x48 ../leds_controller_bsp/\libhal_bsp.a(alt_write.o)